Archive member included to satisfy reference by file (symbol)

C:\Users\luca10\Desktop\EMbebidos\Workspace-TPSSE-FINAL\lpc_board_nxp_lpcxpresso_4337\Debug\liblpc_board_nxp_lpcxpresso_4337.a(board.o)
                              ./example/src/statechart.o (Board_Init)
C:\Users\luca10\Desktop\EMbebidos\Workspace-TPSSE-FINAL\lpc_board_nxp_lpcxpresso_4337\Debug\liblpc_board_nxp_lpcxpresso_4337.a(board_sysinit.o)
                              ./example/src/sysinit.o (Board_SystemInit)
C:\Users\luca10\Desktop\EMbebidos\Workspace-TPSSE-FINAL\lpc_board_nxp_lpcxpresso_4337\Debug\liblpc_board_nxp_lpcxpresso_4337.a(wm8904.o)
                              C:\Users\luca10\Desktop\EMbebidos\Workspace-TPSSE-FINAL\lpc_board_nxp_lpcxpresso_4337\Debug\liblpc_board_nxp_lpcxpresso_4337.a(board.o) (WM8904_Init)
C:\Users\luca10\Desktop\EMbebidos\Workspace-TPSSE-FINAL\lpc_chip_43xx\Debug\liblpc_chip_43xx.a(chip_18xx_43xx.o)
                              ./example/src/statechart.o (SystemCoreClock)
C:\Users\luca10\Desktop\EMbebidos\Workspace-TPSSE-FINAL\lpc_chip_43xx\Debug\liblpc_chip_43xx.a(clock_18xx_43xx.o)
                              C:\Users\luca10\Desktop\EMbebidos\Workspace-TPSSE-FINAL\lpc_chip_43xx\Debug\liblpc_chip_43xx.a(chip_18xx_43xx.o) (Chip_Clock_GetClockInputHz)
C:\Users\luca10\Desktop\EMbebidos\Workspace-TPSSE-FINAL\lpc_chip_43xx\Debug\liblpc_chip_43xx.a(fpu_init.o)
                              ./example/src/sysinit.o (fpuInit)
C:\Users\luca10\Desktop\EMbebidos\Workspace-TPSSE-FINAL\lpc_chip_43xx\Debug\liblpc_chip_43xx.a(gpio_18xx_43xx.o)
                              C:\Users\luca10\Desktop\EMbebidos\Workspace-TPSSE-FINAL\lpc_board_nxp_lpcxpresso_4337\Debug\liblpc_board_nxp_lpcxpresso_4337.a(board.o) (Chip_GPIO_Init)
C:\Users\luca10\Desktop\EMbebidos\Workspace-TPSSE-FINAL\lpc_chip_43xx\Debug\liblpc_chip_43xx.a(i2c_18xx_43xx.o)
                              C:\Users\luca10\Desktop\EMbebidos\Workspace-TPSSE-FINAL\lpc_board_nxp_lpcxpresso_4337\Debug\liblpc_board_nxp_lpcxpresso_4337.a(wm8904.o) (Chip_I2C_EventHandlerPolling)
C:\Users\luca10\Desktop\EMbebidos\Workspace-TPSSE-FINAL\lpc_chip_43xx\Debug\liblpc_chip_43xx.a(rtc_18xx_43xx.o)
                              ./example/src/statechart.o (Chip_RTC_Init)
C:\Users\luca10\Desktop\EMbebidos\Workspace-TPSSE-FINAL\lpc_chip_43xx\Debug\liblpc_chip_43xx.a(sct_18xx_43xx.o)
                              ./example/src/statechart.o (Chip_SCT_Init)
C:\Users\luca10\Desktop\EMbebidos\Workspace-TPSSE-FINAL\lpc_chip_43xx\Debug\liblpc_chip_43xx.a(sct_pwm_18xx_43xx.o)
                              ./example/src/statechart.o (Chip_SCTPWM_SetOutPin)
C:\Users\luca10\Desktop\EMbebidos\Workspace-TPSSE-FINAL\lpc_chip_43xx\Debug\liblpc_chip_43xx.a(ssp_18xx_43xx.o)
                              C:\Users\luca10\Desktop\EMbebidos\Workspace-TPSSE-FINAL\lpc_board_nxp_lpcxpresso_4337\Debug\liblpc_board_nxp_lpcxpresso_4337.a(board.o) (Chip_SSP_WriteFrames_Blocking)
C:\Users\luca10\Desktop\EMbebidos\Workspace-TPSSE-FINAL\lpc_chip_43xx\Debug\liblpc_chip_43xx.a(sysinit_18xx_43xx.o)
                              C:\Users\luca10\Desktop\EMbebidos\Workspace-TPSSE-FINAL\lpc_board_nxp_lpcxpresso_4337\Debug\liblpc_board_nxp_lpcxpresso_4337.a(board_sysinit.o) (Chip_SetupCoreClock)
C:\Users\luca10\Desktop\EMbebidos\Workspace-TPSSE-FINAL\lpc_chip_43xx\Debug\liblpc_chip_43xx.a(uart_18xx_43xx.o)
                              C:\Users\luca10\Desktop\EMbebidos\Workspace-TPSSE-FINAL\lpc_board_nxp_lpcxpresso_4337\Debug\liblpc_board_nxp_lpcxpresso_4337.a(board.o) (Chip_UART_Init)
C:\Users\luca10\Desktop\EMbebidos\Workspace-TPSSE-FINAL\lpc_chip_43xx\Debug\liblpc_chip_43xx.a(ring_buffer.o)
                              C:\Users\luca10\Desktop\EMbebidos\Workspace-TPSSE-FINAL\lpc_chip_43xx\Debug\liblpc_chip_43xx.a(uart_18xx_43xx.o) (RingBuffer_Insert)
c:/nxp/lpcxpresso_8.2.2_650/lpcxpresso/tools/bin/../lib/gcc/arm-none-eabi/5.4.1/../../../../arm-none-eabi/lib/armv7e-m/softfp\libcr_nohost.a(_cr__main.o)
                              ./example/src/cr_startup_lpc43xx.o (__main)
c:/nxp/lpcxpresso_8.2.2_650/lpcxpresso/tools/bin/../lib/gcc/arm-none-eabi/5.4.1/../../../../arm-none-eabi/lib/armv7e-m/softfp\libcr_c.a(memcpy.o)
                              C:\Users\luca10\Desktop\EMbebidos\Workspace-TPSSE-FINAL\lpc_board_nxp_lpcxpresso_4337\Debug\liblpc_board_nxp_lpcxpresso_4337.a(board.o) (memcpy)
c:/nxp/lpcxpresso_8.2.2_650/lpcxpresso/tools/bin/../lib/gcc/arm-none-eabi/5.4.1/../../../../arm-none-eabi/lib/armv7e-m/softfp\libcr_c.a(memset.o)
                              C:\Users\luca10\Desktop\EMbebidos\Workspace-TPSSE-FINAL\lpc_chip_43xx\Debug\liblpc_chip_43xx.a(clock_18xx_43xx.o) (memset)
c:/nxp/lpcxpresso_8.2.2_650/lpcxpresso/tools/bin/../lib/gcc/arm-none-eabi/5.4.1/../../../../arm-none-eabi/lib/armv7e-m/softfp\libcr_c.a(initio.o)
                              c:/nxp/lpcxpresso_8.2.2_650/lpcxpresso/tools/bin/../lib/gcc/arm-none-eabi/5.4.1/../../../../arm-none-eabi/lib/armv7e-m/softfp\libcr_nohost.a(_cr__main.o) (_initio)
[...]
Memory Configuration

Name             Origin             Length             Attributes
MFlashA512       0x1a000000         0x00080000         xr
MFlashB512       0x1b000000         0x00080000         xr
RamLoc32         0x10000000         0x00008000         xrw
RamLoc40         0x10080000         0x0000a000         xrw
RamAHB32         0x20000000         0x00008000         xrw
RamAHB16         0x20008000         0x00004000         xrw
RamAHB_ETB16     0x2000c000         0x00004000         xrw
*default*        0x00000000         0xffffffff

Linker script and memory map

LOAD ./example/src/src-gen/Prefix.o
LOAD ./example/src/TimerTicks.o
LOAD ./example/src/cr_startup_lpc43xx.o
LOAD ./example/src/statechart.o
LOAD ./example/src/sysinit.o
LOAD C:\Users\luca10\Desktop\EMbebidos\Workspace-TPSSE-FINAL\lpc_board_nxp_lpcxpresso_4337\Debug\liblpc_board_nxp_lpcxpresso_4337.a
LOAD C:\Users\luca10\Desktop\EMbebidos\Workspace-TPSSE-FINAL\lpc_chip_43xx\Debug\liblpc_chip_43xx.a
START GROUP
LOAD c:/nxp/lpcxpresso_8.2.2_650/lpcxpresso/tools/bin/../lib/gcc/arm-none-eabi/5.4.1/../../../../arm-none-eabi/lib/armv7e-m/softfp\libcr_nohost.a
LOAD c:/nxp/lpcxpresso_8.2.2_650/lpcxpresso/tools/bin/../lib/gcc/arm-none-eabi/5.4.1/../../../../arm-none-eabi/lib/armv7e-m/softfp\libcr_c.a
LOAD c:/nxp/lpcxpresso_8.2.2_650/lpcxpresso/tools/bin/../lib/gcc/arm-none-eabi/5.4.1/armv7e-m/softfp\libcr_eabihelpers.a
END GROUP
                0x1a000000                __base_MFlashA512 = 0x1a000000
                0x1a000000                __base_Flash = 0x1a000000
                0x1a080000                __top_MFlashA512 = 0x1a080000
                0x1a080000                __top_Flash = 0x1a080000
                0x1b000000                __base_MFlashB512 = 0x1b000000
                0x1b000000                __base_Flash2 = 0x1b000000
                0x1b080000                __top_MFlashB512 = 0x1b080000
                0x1b080000                __top_Flash2 = 0x1b080000
                0x10000000                __base_RamLoc32 = 0x10000000
                0x10000000                __base_RAM = 0x10000000
                0x10008000                __top_RamLoc32 = 0x10008000
                0x10008000                __top_RAM = 0x10008000
                0x10080000                __base_RamLoc40 = 0x10080000
                0x10080000                __base_RAM2 = 0x10080000
                0x1008a000                __top_RamLoc40 = 0x1008a000
                0x1008a000                __top_RAM2 = 0x1008a000
                0x20000000                __base_RamAHB32 = 0x20000000
                0x20000000                __base_RAM3 = 0x20000000
                0x20008000                __top_RamAHB32 = 0x20008000
                0x20008000                __top_RAM3 = 0x20008000
                0x20008000                __base_RamAHB16 = 0x20008000
                0x20008000                __base_RAM4 = 0x20008000
                0x2000c000                __top_RamAHB16 = 0x2000c000
                0x2000c000                __top_RAM4 = 0x2000c000
                0x2000c000                __base_RamAHB_ETB16 = 0x2000c000
                0x2000c000                __base_RAM5 = 0x2000c000
                0x20010000                __top_RamAHB_ETB16 = 0x20010000
                0x20010000                __top_RAM5 = 0x20010000

.text_Flash2    0x1b000000        0x0
 FILL mask 0xff
 *(.text_Flash2*)
 *(.text_MFlashB512*)
 *(.text.$Flash2*)
 *(.text.$MFlashB512*)
 *(.rodata.$Flash2*)
 *(.rodata.$MFlashB512*)

.text           0x1a000000     0x2af4
 FILL mask 0xff
                0x1a000000                __vectors_start__ = ABSOLUTE (.)
 *(.isr_vector)
 .isr_vector    0x1a000000      0x114 ./example/src/cr_startup_lpc43xx.o
                0x1a000000                g_pfnVectors
                0x1a000114                . = ALIGN (0x4)
                0x1a000114                __section_table_start = .
                0x1a000114                __data_section_table = .
                0x1a000114        0x4 LONG 0x1a002af4 LOADADDR (.data)
                0x1a000118        0x4 LONG 0x10000000 ADDR (.data)
                0x1a00011c        0x4 LONG 0x0 SIZEOF (.data)
                0x1a000120        0x4 LONG 0x1a002af4 LOADADDR (.data_RAM2)
                0x1a000124        0x4 LONG 0x10080000 ADDR (.data_RAM2)
                0x1a000128        0x4 LONG 0x0 SIZEOF (.data_RAM2)
                0x1a00012c        0x4 LONG 0x1a002af4 LOADADDR (.data_RAM3)
                0x1a000130        0x4 LONG 0x20000000 ADDR (.data_RAM3)
                0x1a000134        0x4 LONG 0x0 SIZEOF (.data_RAM3)
                0x1a000138        0x4 LONG 0x1a002af4 LOADADDR (.data_RAM4)
                0x1a00013c        0x4 LONG 0x20008000 ADDR (.data_RAM4)
                0x1a000140        0x4 LONG 0x0 SIZEOF (.data_RAM4)
                0x1a000144        0x4 LONG 0x1a002af4 LOADADDR (.data_RAM5)
                0x1a000148        0x4 LONG 0x2000c000 ADDR (.data_RAM5)
                0x1a00014c        0x4 LONG 0x0 SIZEOF (.data_RAM5)
                0x1a000150                __data_section_table_end = .
                0x1a000150                __bss_section_table = .
                0x1a000150        0x4 LONG 0x10000000 ADDR (.bss)
                0x1a000154        0x4 LONG 0x164 SIZEOF (.bss)
                0x1a000158        0x4 LONG 0x10080000 ADDR (.bss_RAM2)
                0x1a00015c        0x4 LONG 0x0 SIZEOF (.bss_RAM2)
                0x1a000160        0x4 LONG 0x20000000 ADDR (.bss_RAM3)
                0x1a000164        0x4 LONG 0x0 SIZEOF (.bss_RAM3)
                0x1a000168        0x4 LONG 0x20008000 ADDR (.bss_RAM4)
                0x1a00016c        0x4 LONG 0x0 SIZEOF (.bss_RAM4)
                0x1a000170        0x4 LONG 0x2000c000 ADDR (.bss_RAM5)
                0x1a000174        0x4 LONG 0x0 SIZEOF (.bss_RAM5)
                0x1a000178                __bss_section_table_end = .
                0x1a000178                __section_table_end = .
 *(.after_vectors*)
 .after_vectors
                0x1a000178       0xcc ./example/src/cr_startup_lpc43xx.o
                0x1a000178                data_init
                0x1a0001bc                bss_init
                0x1a0001f4                NMI_Handler
                0x1a0001fc                HardFault_Handler
                0x1a000204                MemManage_Handler
                0x1a00020c                BusFault_Handler
                0x1a000214                UsageFault_Handler
                0x1a00021c                SVC_Handler
                0x1a000224                DebugMon_Handler
                0x1a00022c                PendSV_Handler
                0x1a00023c                SDIO_IRQHandler
                0x1a00023c                I2C1_IRQHandler
                0x1a00023c                UART1_IRQHandler
                0x1a00023c                GPIO5_IRQHandler
                0x1a00023c                CAN1_IRQHandler
                0x1a00023c                USB1_IRQHandler
                0x1a00023c                I2S0_IRQHandler
                0x1a00023c                TIMER3_IRQHandler
                0x1a00023c                UART0_IRQHandler
                0x1a00023c                I2C0_IRQHandler
                0x1a00023c                SGPIO_IRQHandler
                0x1a00023c                FLASH_EEPROM_IRQHandler
                0x1a00023c                ADCHS_IRQHandler
                0x1a00023c                GPIO6_IRQHandler
                0x1a00023c                IntDefaultHandler
                0x1a00023c                GPIO1_IRQHandler
                0x1a00023c                SSP0_IRQHandler
                0x1a00023c                ADC1_IRQHandler
                0x1a00023c                TIMER0_IRQHandler
                0x1a00023c                SPI_IRQHandler
                0x1a00023c                LCD_IRQHandler
                0x1a00023c                RIT_IRQHandler
                0x1a00023c                TIMER1_IRQHandler
                0x1a00023c                UART2_IRQHandler
                0x1a00023c                GPIO2_IRQHandler
                0x1a00023c                I2S1_IRQHandler
                0x1a00023c                SSP1_IRQHandler
                0x1a00023c                USB0_IRQHandler
                0x1a00023c                GPIO3_IRQHandler
                0x1a00023c                ATIMER_IRQHandler
                0x1a00023c                WDT_IRQHandler
                0x1a00023c                ADC0_IRQHandler
                0x1a00023c                GPIO7_IRQHandler
                0x1a00023c                SPIFI_IRQHandler
                0x1a00023c                QEI_IRQHandler
                0x1a00023c                ETH_IRQHandler
                0x1a00023c                CAN0_IRQHandler
                0x1a00023c                GINT0_IRQHandler
                0x1a00023c                DAC_IRQHandler
                0x1a00023c                M0SUB_IRQHandler
                0x1a00023c                GPIO0_IRQHandler
                0x1a00023c                DMA_IRQHandler
                0x1a00023c                EVRT_IRQHandler
                0x1a00023c                TIMER2_IRQHandler
                0x1a00023c                UART3_IRQHandler
                0x1a00023c                MCPWM_IRQHandler
                0x1a00023c                M0APP_IRQHandler
                0x1a00023c                GINT1_IRQHandler
                0x1a00023c                GPIO4_IRQHandler
 *(.text*)
 .text.ResetISR
                0x1a000244       0xc4 ./example/src/cr_startup_lpc43xx.o
                0x1a000244                ResetISR
 .text.NVIC_EnableIRQ
                0x1a000308       0x34 ./example/src/statechart.o
 .text.NVIC_SetPriority
                0x1a00033c       0x54 ./example/src/statechart.o
 .text.SysTick_Config
                0x1a000390       0x44 ./example/src/statechart.o
 .text.Chip_SCU_PinMuxSet
                0x1a0003d4       0x34 ./example/src/statechart.o
 .text.Chip_RTC_ClearIntPending
                0x1a000408       0x1c ./example/src/statechart.o
 .text.Chip_RTC_GetIntPending
                0x1a000424       0x28 ./example/src/statechart.o
 .text.Chip_SCT_SetControl
                0x1a00044c       0x24 ./example/src/statechart.o
 .text.Chip_SCT_ClearControl
                0x1a000470       0x24 ./example/src/statechart.o
 .text.Chip_SCT_SetMatchReload
                0x1a000494       0x28 ./example/src/statechart.o
 .text.Chip_SCTPWM_GetTicksPerCycle
                0x1a0004bc       0x1c ./example/src/statechart.o
 .text.Chip_SCTPWM_SetDutyCycle
                0x1a0004d8       0x24 ./example/src/statechart.o
 .text.Chip_SCTPWM_Init
                0x1a0004fc       0x18 ./example/src/statechart.o
 .text.Chip_SCTPWM_Start
                0x1a000514       0x1c ./example/src/statechart.o
 .text.Chip_SCTPWM_Stop
                0x1a000530       0x24 ./example/src/statechart.o
 .text.toggle_servo
                0x1a000554       0x74 ./example/src/statechart.o
                0x1a000554                toggle_servo
 .text.toggle_flag
                0x1a0005c8       0x30 ./example/src/statechart.o
                0x1a0005c8                toggle_flag
 .text.VectorFoodInit
                0x1a0005f8      0x100 ./example/src/statechart.o
                0x1a0005f8                VectorFoodInit
 .text.set_new_alarm
                0x1a0006f8       0x74 ./example/src/statechart.o
                0x1a0006f8                set_new_alarm
 .text.ServirComida
                0x1a00076c       0x68 ./example/src/statechart.o
                0x1a00076c                ServirComida
 .text.SysTick_Handler
                0x1a0007d4       0x38 ./example/src/statechart.o
                0x1a0007d4                SysTick_Handler
 .text.SCT_IRQHandler
                0x1a00080c       0x10 ./example/src/statechart.o
                0x1a00080c                SCT_IRQHandler
 .text.RTC_IRQHandler
                0x1a00081c       0x2c ./example/src/statechart.o
                0x1a00081c                RTC_IRQHandler
 .text.main     0x1a000848      0x114 ./example/src/statechart.o
                0x1a000848                main
 .text.SystemInit
                0x1a00095c       0x28 ./example/src/sysinit.o
                0x1a00095c                SystemInit
 .text.Chip_SCU_PinMuxSet
                0x1a000984       0x34 C:\Users\luca10\Desktop\EMbebidos\Workspace-TPSSE-FINAL\lpc_board_nxp_lpcxpresso_4337\Debug\liblpc_board_nxp_lpcxpresso_4337.a(board.o)
 .text.Chip_ENET_RMIIEnable
                0x1a0009b8       0x28 C:\Users\luca10\Desktop\EMbebidos\Workspace-TPSSE-FINAL\lpc_board_nxp_lpcxpresso_4337\Debug\liblpc_board_nxp_lpcxpresso_4337.a(board.o)
 .text.Chip_GPIO_SetPinState
                0x1a0009e0       0x38 C:\Users\luca10\Desktop\EMbebidos\Workspace-TPSSE-FINAL\lpc_board_nxp_lpcxpresso_4337\Debug\liblpc_board_nxp_lpcxpresso_4337.a(board.o)
 .text.Chip_GPIO_SetPinDIROutput
                0x1a000a18       0x40 C:\Users\luca10\Desktop\EMbebidos\Workspace-TPSSE-FINAL\lpc_board_nxp_lpcxpresso_4337\Debug\liblpc_board_nxp_lpcxpresso_4337.a(board.o)
 .text.Chip_GPIO_SetPinDIRInput
                0x1a000a58       0x40 C:\Users\luca10\Desktop\EMbebidos\Workspace-TPSSE-FINAL\lpc_board_nxp_lpcxpresso_4337\Debug\liblpc_board_nxp_lpcxpresso_4337.a(board.o)
 .text.Chip_UART_TXEnable
                0x1a000a98       0x1c C:\Users\luca10\Desktop\EMbebidos\Workspace-TPSSE-FINAL\lpc_board_nxp_lpcxpresso_4337\Debug\liblpc_board_nxp_lpcxpresso_4337.a(board.o)
 .text.Chip_UART_SendByte
                0x1a000ab4       0x20 C:\Users\luca10\Desktop\EMbebidos\Workspace-TPSSE-FINAL\lpc_board_nxp_lpcxpresso_4337\Debug\liblpc_board_nxp_lpcxpresso_4337.a(board.o)
 .text.Chip_UART_ConfigData
                0x1a000ad4       0x1c C:\Users\luca10\Desktop\EMbebidos\Workspace-TPSSE-FINAL\lpc_board_nxp_lpcxpresso_4337\Debug\liblpc_board_nxp_lpcxpresso_4337.a(board.o)
 .text.Chip_UART_ReadLineStatus
                0x1a000af0       0x18 C:\Users\luca10\Desktop\EMbebidos\Workspace-TPSSE-FINAL\lpc_board_nxp_lpcxpresso_4337\Debug\liblpc_board_nxp_lpcxpresso_4337.a(board.o)
 .text.__sys_write
                0x1a000b08       0x38 C:\Users\luca10\Desktop\EMbebidos\Workspace-TPSSE-FINAL\lpc_board_nxp_lpcxpresso_4337\Debug\liblpc_board_nxp_lpcxpresso_4337.a(board.o)
                0x1a000b08                __sys_write
 .text.Board_UART_Init
                0x1a000b40       0x24 C:\Users\luca10\Desktop\EMbebidos\Workspace-TPSSE-FINAL\lpc_board_nxp_lpcxpresso_4337\Debug\liblpc_board_nxp_lpcxpresso_4337.a(board.o)
                0x1a000b40                Board_UART_Init
 .text.Board_Debug_Init
                0x1a000b64       0x30 C:\Users\luca10\Desktop\EMbebidos\Workspace-TPSSE-FINAL\lpc_board_nxp_lpcxpresso_4337\Debug\liblpc_board_nxp_lpcxpresso_4337.a(board.o)
                0x1a000b64                Board_Debug_Init
 .text.Board_UARTPutChar
                0x1a000b94       0x34 C:\Users\luca10\Desktop\EMbebidos\Workspace-TPSSE-FINAL\lpc_board_nxp_lpcxpresso_4337\Debug\liblpc_board_nxp_lpcxpresso_4337.a(board.o)
                0x1a000b94                Board_UARTPutChar
 .text.Board_LED_Init
                0x1a000bc8       0x5c C:\Users\luca10\Desktop\EMbebidos\Workspace-TPSSE-FINAL\lpc_board_nxp_lpcxpresso_4337\Debug\liblpc_board_nxp_lpcxpresso_4337.a(board.o)
 .text.Board_Buttons_Init
                0x1a000c24       0x44 C:\Users\luca10\Desktop\EMbebidos\Workspace-TPSSE-FINAL\lpc_board_nxp_lpcxpresso_4337\Debug\liblpc_board_nxp_lpcxpresso_4337.a(board.o)
                0x1a000c24                Board_Buttons_Init
 .text.Board_Init
                0x1a000c68       0x28 C:\Users\luca10\Desktop\EMbebidos\Workspace-TPSSE-FINAL\lpc_board_nxp_lpcxpresso_4337\Debug\liblpc_board_nxp_lpcxpresso_4337.a(board.o)
                0x1a000c68                Board_Init
 .text.Chip_SCU_PinMuxSet
                0x1a000c90       0x34 C:\Users\luca10\Desktop\EMbebidos\Workspace-TPSSE-FINAL\lpc_board_nxp_lpcxpresso_4337\Debug\liblpc_board_nxp_lpcxpresso_4337.a(board_sysinit.o)
 .text.Chip_SCU_SetPinMuxing
                0x1a000cc4       0x4c C:\Users\luca10\Desktop\EMbebidos\Workspace-TPSSE-FINAL\lpc_board_nxp_lpcxpresso_4337\Debug\liblpc_board_nxp_lpcxpresso_4337.a(board_sysinit.o)
 .text.Chip_CREG_SetFlashAcceleration
                0x1a000d10       0x54 C:\Users\luca10\Desktop\EMbebidos\Workspace-TPSSE-FINAL\lpc_board_nxp_lpcxpresso_4337\Debug\liblpc_board_nxp_lpcxpresso_4337.a(board_sysinit.o)
 .text.Board_SetupMuxing
                0x1a000d64       0x14 C:\Users\luca10\Desktop\EMbebidos\Workspace-TPSSE-FINAL\lpc_board_nxp_lpcxpresso_4337\Debug\liblpc_board_nxp_lpcxpresso_4337.a(board_sysinit.o)
                0x1a000d64                Board_SetupMuxing
 .text.Board_SetupClocking
                0x1a000d78       0x84 C:\Users\luca10\Desktop\EMbebidos\Workspace-TPSSE-FINAL\lpc_board_nxp_lpcxpresso_4337\Debug\liblpc_board_nxp_lpcxpresso_4337.a(board_sysinit.o)
                0x1a000d78                Board_SetupClocking
 .text.Board_SystemInit
                0x1a000dfc       0x10 C:\Users\luca10\Desktop\EMbebidos\Workspace-TPSSE-FINAL\lpc_board_nxp_lpcxpresso_4337\Debug\liblpc_board_nxp_lpcxpresso_4337.a(board_sysinit.o)
                0x1a000dfc                Board_SystemInit
 .text.SystemCoreClockUpdate
                0x1a000e0c       0x18 C:\Users\luca10\Desktop\EMbebidos\Workspace-TPSSE-FINAL\lpc_chip_43xx\Debug\liblpc_chip_43xx.a(chip_18xx_43xx.o)
                0x1a000e0c                SystemCoreClockUpdate
 .text.ABS      0x1a000e24       0x24 C:\Users\luca10\Desktop\EMbebidos\Workspace-TPSSE-FINAL\lpc_chip_43xx\Debug\liblpc_chip_43xx.a(clock_18xx_43xx.o)
 .text.pll_calc_divs
                0x1a000e48      0x124 C:\Users\luca10\Desktop\EMbebidos\Workspace-TPSSE-FINAL\lpc_chip_43xx\Debug\liblpc_chip_43xx.a(clock_18xx_43xx.o)
 .text.pll_get_frac
                0x1a000f6c      0x178 C:\Users\luca10\Desktop\EMbebidos\Workspace-TPSSE-FINAL\lpc_chip_43xx\Debug\liblpc_chip_43xx.a(clock_18xx_43xx.o)
 .text.Chip_Clock_GetDivRate
                0x1a0010e4       0x40 C:\Users\luca10\Desktop\EMbebidos\Workspace-TPSSE-FINAL\lpc_chip_43xx\Debug\liblpc_chip_43xx.a(clock_18xx_43xx.o)
 .text.Chip_Clock_FindBaseClock
                0x1a001124       0x90 C:\Users\luca10\Desktop\EMbebidos\Workspace-TPSSE-FINAL\lpc_chip_43xx\Debug\liblpc_chip_43xx.a(clock_18xx_43xx.o)
 .text.Chip_Clock_EnableCrystal
                0x1a0011b4       0x70 C:\Users\luca10\Desktop\EMbebidos\Workspace-TPSSE-FINAL\lpc_chip_43xx\Debug\liblpc_chip_43xx.a(clock_18xx_43xx.o)
                0x1a0011b4                Chip_Clock_EnableCrystal
 .text.Chip_Clock_CalcMainPLLValue
                0x1a001224       0xd8 C:\Users\luca10\Desktop\EMbebidos\Workspace-TPSSE-FINAL\lpc_chip_43xx\Debug\liblpc_chip_43xx.a(clock_18xx_43xx.o)
                0x1a001224                Chip_Clock_CalcMainPLLValue
 .text.Chip_Clock_GetMainPLLHz
                0x1a0012fc       0xc0 C:\Users\luca10\Desktop\EMbebidos\Workspace-TPSSE-FINAL\lpc_chip_43xx\Debug\liblpc_chip_43xx.a(clock_18xx_43xx.o)
                0x1a0012fc                Chip_Clock_GetMainPLLHz
 .text.Chip_Clock_GetDividerSource
                0x1a0013bc       0x40 C:\Users\luca10\Desktop\EMbebidos\Workspace-TPSSE-FINAL\lpc_chip_43xx\Debug\liblpc_chip_43xx.a(clock_18xx_43xx.o)
                0x1a0013bc                Chip_Clock_GetDividerSource
 .text.Chip_Clock_GetDividerDivisor
                0x1a0013fc       0x38 C:\Users\luca10\Desktop\EMbebidos\Workspace-TPSSE-FINAL\lpc_chip_43xx\Debug\liblpc_chip_43xx.a(clock_18xx_43xx.o)
                0x1a0013fc                Chip_Clock_GetDividerDivisor
 .text.Chip_Clock_GetClockInputHz
                0x1a001434      0x140 C:\Users\luca10\Desktop\EMbebidos\Workspace-TPSSE-FINAL\lpc_chip_43xx\Debug\liblpc_chip_43xx.a(clock_18xx_43xx.o)
                0x1a001434                Chip_Clock_GetClockInputHz
 .text.Chip_Clock_GetBaseClocktHz
                0x1a001574       0x24 C:\Users\luca10\Desktop\EMbebidos\Workspace-TPSSE-FINAL\lpc_chip_43xx\Debug\liblpc_chip_43xx.a(clock_18xx_43xx.o)
                0x1a001574                Chip_Clock_GetBaseClocktHz
 .text.Chip_Clock_SetBaseClock
                0x1a001598       0x9c C:\Users\luca10\Desktop\EMbebidos\Workspace-TPSSE-FINAL\lpc_chip_43xx\Debug\liblpc_chip_43xx.a(clock_18xx_43xx.o)
                0x1a001598                Chip_Clock_SetBaseClock
 .text.Chip_Clock_GetBaseClock
                0x1a001634       0x4c C:\Users\luca10\Desktop\EMbebidos\Workspace-TPSSE-FINAL\lpc_chip_43xx\Debug\liblpc_chip_43xx.a(clock_18xx_43xx.o)
                0x1a001634                Chip_Clock_GetBaseClock
 .text.Chip_Clock_EnableOpts
                0x1a001680       0x7c C:\Users\luca10\Desktop\EMbebidos\Workspace-TPSSE-FINAL\lpc_chip_43xx\Debug\liblpc_chip_43xx.a(clock_18xx_43xx.o)
                0x1a001680                Chip_Clock_EnableOpts
 .text.Chip_Clock_RTCEnable
                0x1a0016fc       0x2c C:\Users\luca10\Desktop\EMbebidos\Workspace-TPSSE-FINAL\lpc_chip_43xx\Debug\liblpc_chip_43xx.a(clock_18xx_43xx.o)
                0x1a0016fc                Chip_Clock_RTCEnable
 .text.Chip_Clock_GetRate
                0x1a001728       0x88 C:\Users\luca10\Desktop\EMbebidos\Workspace-TPSSE-FINAL\lpc_chip_43xx\Debug\liblpc_chip_43xx.a(clock_18xx_43xx.o)
                0x1a001728                Chip_Clock_GetRate
 .text.fpuInit  0x1a0017b0       0x74 C:\Users\luca10\Desktop\EMbebidos\Workspace-TPSSE-FINAL\lpc_chip_43xx\Debug\liblpc_chip_43xx.a(fpu_init.o)
                0x1a0017b0                fpuInit
 .text.Chip_GPIO_Init
                0x1a001824       0x14 C:\Users\luca10\Desktop\EMbebidos\Workspace-TPSSE-FINAL\lpc_chip_43xx\Debug\liblpc_chip_43xx.a(gpio_18xx_43xx.o)
                0x1a001824                Chip_GPIO_Init
 .text.Chip_RTC_Init
                0x1a001838       0x64 C:\Users\luca10\Desktop\EMbebidos\Workspace-TPSSE-FINAL\lpc_chip_43xx\Debug\liblpc_chip_43xx.a(rtc_18xx_43xx.o)
                0x1a001838                Chip_RTC_Init
 .text.Chip_RTC_ResetClockTickCounter
                0x1a00189c       0x48 C:\Users\luca10\Desktop\EMbebidos\Workspace-TPSSE-FINAL\lpc_chip_43xx\Debug\liblpc_chip_43xx.a(rtc_18xx_43xx.o)
                0x1a00189c                Chip_RTC_ResetClockTickCounter
 .text.Chip_RTC_Enable
                0x1a0018e4       0x38 C:\Users\luca10\Desktop\EMbebidos\Workspace-TPSSE-FINAL\lpc_chip_43xx\Debug\liblpc_chip_43xx.a(rtc_18xx_43xx.o)
                0x1a0018e4                Chip_RTC_Enable
 .text.Chip_RTC_AlarmIntConfig
                0x1a00191c       0x4c C:\Users\luca10\Desktop\EMbebidos\Workspace-TPSSE-FINAL\lpc_chip_43xx\Debug\liblpc_chip_43xx.a(rtc_18xx_43xx.o)
                0x1a00191c                Chip_RTC_AlarmIntConfig
 .text.Chip_RTC_SetFullTime
                0x1a001968       0x5c C:\Users\luca10\Desktop\EMbebidos\Workspace-TPSSE-FINAL\lpc_chip_43xx\Debug\liblpc_chip_43xx.a(rtc_18xx_43xx.o)
                0x1a001968                Chip_RTC_SetFullTime
 .text.Chip_RTC_GetFullTime
                0x1a0019c4       0x58 C:\Users\luca10\Desktop\EMbebidos\Workspace-TPSSE-FINAL\lpc_chip_43xx\Debug\liblpc_chip_43xx.a(rtc_18xx_43xx.o)
                0x1a0019c4                Chip_RTC_GetFullTime
 .text.Chip_RTC_SetFullAlarmTime
                0x1a001a1c       0x3c C:\Users\luca10\Desktop\EMbebidos\Workspace-TPSSE-FINAL\lpc_chip_43xx\Debug\liblpc_chip_43xx.a(rtc_18xx_43xx.o)
                0x1a001a1c                Chip_RTC_SetFullAlarmTime
 .text.Chip_RTC_CalibCounterCmd
                0x1a001a58       0x44 C:\Users\luca10\Desktop\EMbebidos\Workspace-TPSSE-FINAL\lpc_chip_43xx\Debug\liblpc_chip_43xx.a(rtc_18xx_43xx.o)
                0x1a001a58                Chip_RTC_CalibCounterCmd
 .text.Chip_SCT_Init
                0x1a001a9c       0x1c C:\Users\luca10\Desktop\EMbebidos\Workspace-TPSSE-FINAL\lpc_chip_43xx\Debug\liblpc_chip_43xx.a(sct_18xx_43xx.o)
                0x1a001a9c                Chip_SCT_Init
 .text.Chip_SCT_Config
                0x1a001ab8       0x1c C:\Users\luca10\Desktop\EMbebidos\Workspace-TPSSE-FINAL\lpc_chip_43xx\Debug\liblpc_chip_43xx.a(sct_pwm_18xx_43xx.o)
 .text.Chip_SCT_SetMatchCount
                0x1a001ad4       0x28 C:\Users\luca10\Desktop\EMbebidos\Workspace-TPSSE-FINAL\lpc_chip_43xx\Debug\liblpc_chip_43xx.a(sct_pwm_18xx_43xx.o)
 .text.Chip_SCT_SetControl
                0x1a001afc       0x24 C:\Users\luca10\Desktop\EMbebidos\Workspace-TPSSE-FINAL\lpc_chip_43xx\Debug\liblpc_chip_43xx.a(sct_pwm_18xx_43xx.o)
 .text.Chip_SCT_SetMatchReload
                0x1a001b20       0x28 C:\Users\luca10\Desktop\EMbebidos\Workspace-TPSSE-FINAL\lpc_chip_43xx\Debug\liblpc_chip_43xx.a(sct_pwm_18xx_43xx.o)
 .text.Chip_SCTPWM_Stop
                0x1a001b48       0x24 C:\Users\luca10\Desktop\EMbebidos\Workspace-TPSSE-FINAL\lpc_chip_43xx\Debug\liblpc_chip_43xx.a(sct_pwm_18xx_43xx.o)
 .text.Chip_SCTPWM_SetOutPin
                0x1a001b6c       0x9c C:\Users\luca10\Desktop\EMbebidos\Workspace-TPSSE-FINAL\lpc_chip_43xx\Debug\liblpc_chip_43xx.a(sct_pwm_18xx_43xx.o)
                0x1a001b6c                Chip_SCTPWM_SetOutPin
 .text.Chip_SCTPWM_SetRate
                0x1a001c08       0x70 C:\Users\luca10\Desktop\EMbebidos\Workspace-TPSSE-FINAL\lpc_chip_43xx\Debug\liblpc_chip_43xx.a(sct_pwm_18xx_43xx.o)
                0x1a001c08                Chip_SCTPWM_SetRate
 .text.Chip_Clock_DisableMainPLL
                0x1a001c78       0x20 C:\Users\luca10\Desktop\EMbebidos\Workspace-TPSSE-FINAL\lpc_chip_43xx\Debug\liblpc_chip_43xx.a(sysinit_18xx_43xx.o)
 .text.Chip_Clock_SetupMainPLL
                0x1a001c98       0x44 C:\Users\luca10\Desktop\EMbebidos\Workspace-TPSSE-FINAL\lpc_chip_43xx\Debug\liblpc_chip_43xx.a(sysinit_18xx_43xx.o)
 .text.Chip_Clock_MainPLLLocked
                0x1a001cdc       0x24 C:\Users\luca10\Desktop\EMbebidos\Workspace-TPSSE-FINAL\lpc_chip_43xx\Debug\liblpc_chip_43xx.a(sysinit_18xx_43xx.o)
 .text.Chip_SetupCoreClock
                0x1a001d00      0x15c C:\Users\luca10\Desktop\EMbebidos\Workspace-TPSSE-FINAL\lpc_chip_43xx\Debug\liblpc_chip_43xx.a(sysinit_18xx_43xx.o)
                0x1a001d00                Chip_SetupCoreClock
 .text.Chip_UART_TXDisable
                0x1a001e5c       0x1c C:\Users\luca10\Desktop\EMbebidos\Workspace-TPSSE-FINAL\lpc_chip_43xx\Debug\liblpc_chip_43xx.a(uart_18xx_43xx.o)
 .text.Chip_UART_SetupFIFOS
                0x1a001e78       0x1c C:\Users\luca10\Desktop\EMbebidos\Workspace-TPSSE-FINAL\lpc_chip_43xx\Debug\liblpc_chip_43xx.a(uart_18xx_43xx.o)
 .text.Chip_UART_ConfigData
                0x1a001e94       0x1c C:\Users\luca10\Desktop\EMbebidos\Workspace-TPSSE-FINAL\lpc_chip_43xx\Debug\liblpc_chip_43xx.a(uart_18xx_43xx.o)
 .text.Chip_UART_EnableDivisorAccess
                0x1a001eb0       0x20 C:\Users\luca10\Desktop\EMbebidos\Workspace-TPSSE-FINAL\lpc_chip_43xx\Debug\liblpc_chip_43xx.a(uart_18xx_43xx.o)
 .text.Chip_UART_DisableDivisorAccess
                0x1a001ed0       0x20 C:\Users\luca10\Desktop\EMbebidos\Workspace-TPSSE-FINAL\lpc_chip_43xx\Debug\liblpc_chip_43xx.a(uart_18xx_43xx.o)
 .text.Chip_UART_SetDivisorLatches
                0x1a001ef0       0x28 C:\Users\luca10\Desktop\EMbebidos\Workspace-TPSSE-FINAL\lpc_chip_43xx\Debug\liblpc_chip_43xx.a(uart_18xx_43xx.o)
 .text.Chip_UART_GetIndex
                0x1a001f18       0x60 C:\Users\luca10\Desktop\EMbebidos\Workspace-TPSSE-FINAL\lpc_chip_43xx\Debug\liblpc_chip_43xx.a(uart_18xx_43xx.o)
 .text.Chip_UART_Init
                0x1a001f78       0x84 C:\Users\luca10\Desktop\EMbebidos\Workspace-TPSSE-FINAL\lpc_chip_43xx\Debug\liblpc_chip_43xx.a(uart_18xx_43xx.o)
                0x1a001f78                Chip_UART_Init
 .text.Chip_UART_SetBaudFDR
                0x1a001ffc      0x170 C:\Users\luca10\Desktop\EMbebidos\Workspace-TPSSE-FINAL\lpc_chip_43xx\Debug\liblpc_chip_43xx.a(uart_18xx_43xx.o)
                0x1a001ffc                Chip_UART_SetBaudFDR
 .text.__main   0x1a00216c       0x14 c:/nxp/lpcxpresso_8.2.2_650/lpcxpresso/tools/bin/../lib/gcc/arm-none-eabi/5.4.1/../../../../arm-none-eabi/lib/armv7e-m/softfp\libcr_nohost.a(_cr__main.o)
                0x1a00216c                __main
 .text.memset   0x1a002180        0x4 c:/nxp/lpcxpresso_8.2.2_650/lpcxpresso/tools/bin/../lib/gcc/arm-none-eabi/5.4.1/../../../../arm-none-eabi/lib/armv7e-m/softfp\libcr_c.a(memset.o)
                0x1a002180                memset
 .text._initio  0x1a002184       0xa4 c:/nxp/lpcxpresso_8.2.2_650/lpcxpresso/tools/bin/../lib/gcc/arm-none-eabi/5.4.1/../../../../arm-none-eabi/lib/armv7e-m/softfp\libcr_c.a(initio.o)
                0x1a002184                _initio
 .text.setvbuf  0x1a002228       0x40 c:/nxp/lpcxpresso_8.2.2_650/lpcxpresso/tools/bin/../lib/gcc/arm-none-eabi/5.4.1/../../../../arm-none-eabi/lib/armv7e-m/softfp\libcr_c.a(setvbuf.o)
                0x1a002228                setvbuf
 .text._deferredlazyseek
                0x1a002268       0x44 c:/nxp/lpcxpresso_8.2.2_650/lpcxpresso/tools/bin/../lib/gcc/arm-none-eabi/5.4.1/../../../../arm-none-eabi/lib/armv7e-m/softfp\libcr_c.a(_deferredlazyseek.o)
                0x1a002268                _deferredlazyseek
 .text._fdopen  0x1a0022ac       0x6a c:/nxp/lpcxpresso_8.2.2_650/lpcxpresso/tools/bin/../lib/gcc/arm-none-eabi/5.4.1/../../../../arm-none-eabi/lib/armv7e-m/softfp\libcr_c.a(_fdopen.o)
                0x1a0022ac                _fdopen
 .text._fflush  0x1a002316       0x58 c:/nxp/lpcxpresso_8.2.2_650/lpcxpresso/tools/bin/../lib/gcc/arm-none-eabi/5.4.1/../../../../arm-none-eabi/lib/armv7e-m/softfp\libcr_c.a(_fflush.o)
                0x1a002316                _fflush
 *fill*         0x1a00236e        0x2 ff
 .text._Cwritebuf
                0x1a002370       0x68 c:/nxp/lpcxpresso_8.2.2_650/lpcxpresso/tools/bin/../lib/gcc/arm-none-eabi/5.4.1/../../../../arm-none-eabi/lib/armv7e-m/softfp\libcr_c.a(_writebuf.o)
                0x1a002370                _Cwritebuf
 .text.malloc   0x1a0023d8       0xc8 c:/nxp/lpcxpresso_8.2.2_650/lpcxpresso/tools/bin/../lib/gcc/arm-none-eabi/5.4.1/../../../../arm-none-eabi/lib/armv7e-m/softfp\libcr_c.a(alloc.o)
                0x1a0023d8                malloc
 .text.free     0x1a0024a0       0x30 c:/nxp/lpcxpresso_8.2.2_650/lpcxpresso/tools/bin/../lib/gcc/arm-none-eabi/5.4.1/../../../../arm-none-eabi/lib/armv7e-m/softfp\libcr_c.a(alloc.o)
                0x1a0024a0                free
 .text._Csys_alloc
                0x1a0024d0       0x20 c:/nxp/lpcxpresso_8.2.2_650/lpcxpresso/tools/bin/../lib/gcc/arm-none-eabi/5.4.1/../../../../arm-none-eabi/lib/armv7e-m/softfp\libcr_c.a(alloc.o)
                0x1a0024d0                _Csys_alloc
 .text.fclose   0x1a0024f0       0x6c c:/nxp/lpcxpresso_8.2.2_650/lpcxpresso/tools/bin/../lib/gcc/arm-none-eabi/5.4.1/../../../../arm-none-eabi/lib/armv7e-m/softfp\libcr_c.a(fclose.o)
                0x1a0024f0                fclose
 .text.fflush   0x1a00255c       0x30 c:/nxp/lpcxpresso_8.2.2_650/lpcxpresso/tools/bin/../lib/gcc/arm-none-eabi/5.4.1/../../../../arm-none-eabi/lib/armv7e-m/softfp\libcr_c.a(fflush.o)
                0x1a00255c                fflush
 .text.fseek    0x1a00258c      0x110 c:/nxp/lpcxpresso_8.2.2_650/lpcxpresso/tools/bin/../lib/gcc/arm-none-eabi/5.4.1/../../../../arm-none-eabi/lib/armv7e-m/softfp\libcr_c.a(fseek.o)
                0x1a00258c                fseek
 .text.ftell    0x1a00269c       0x4c c:/nxp/lpcxpresso_8.2.2_650/lpcxpresso/tools/bin/../lib/gcc/arm-none-eabi/5.4.1/../../../../arm-none-eabi/lib/armv7e-m/softfp\libcr_c.a(ftell.o)
                0x1a00269c                ftell
 .text.remove   0x1a0026e8       0x14 c:/nxp/lpcxpresso_8.2.2_650/lpcxpresso/tools/bin/../lib/gcc/arm-none-eabi/5.4.1/../../../../arm-none-eabi/lib/armv7e-m/softfp\libcr_c.a(remove.o)
                0x1a0026e8                remove
 .text.strlen   0x1a0026fc       0x4a c:/nxp/lpcxpresso_8.2.2_650/lpcxpresso/tools/bin/../lib/gcc/arm-none-eabi/5.4.1/../../../../arm-none-eabi/lib/armv7e-m/softfp\libcr_c.a(strlen.o)
                0x1a0026fc                strlen
 *fill*         0x1a002746        0x2 ff
 .text._sbrk    0x1a002748       0x40 c:/nxp/lpcxpresso_8.2.2_650/lpcxpresso/tools/bin/../lib/gcc/arm-none-eabi/5.4.1/../../../../arm-none-eabi/lib/armv7e-m/softfp\libcr_c.a(_cr_sbrk.o)
                0x1a002748                _sbrk
 .text._do_fflush
                0x1a002788       0x44 c:/nxp/lpcxpresso_8.2.2_650/lpcxpresso/tools/bin/../lib/gcc/arm-none-eabi/5.4.1/../../../../arm-none-eabi/lib/armv7e-m/softfp\libcr_c.a(_do_fflush.o)
                0x1a002788                _do_fflush
 .text.__check_heap_overflow
                0x1a0027cc       0x18 c:/nxp/lpcxpresso_8.2.2_650/lpcxpresso/tools/bin/../lib/gcc/arm-none-eabi/5.4.1/../../../../arm-none-eabi/lib/armv7e-m/softfp\libcr_c.a(_cr_check_heap.o)
                0x1a0027cc                __check_heap_overflow
 .text.__aeabi_division_uldivmod
                0x1a0027e4      0x174 c:/nxp/lpcxpresso_8.2.2_650/lpcxpresso/tools/bin/../lib/gcc/arm-none-eabi/5.4.1/armv7e-m/softfp\libcr_eabihelpers.a(division_64.o)
                0x1a0027e4                __aeabi_uldivmod
                0x1a0027e8                __bhs_ldivmod1
 .text.__aeabi_division_idiv0
                0x1a002958        0x2 c:/nxp/lpcxpresso_8.2.2_650/lpcxpresso/tools/bin/../lib/gcc/arm-none-eabi/5.4.1/armv7e-m/softfp\libcr_eabihelpers.a(division_idiv0.o)
                0x1a002958                __aeabi_idiv0
 .text.__aeabi_memset_lowlevel
                0x1a00295a       0x32 c:/nxp/lpcxpresso_8.2.2_650/lpcxpresso/tools/bin/../lib/gcc/arm-none-eabi/5.4.1/armv7e-m/softfp\libcr_eabihelpers.a(memcpy.o)
                0x1a00295a                __aeabi_lowlevel_memset
 .text.__sys_appexit
                0x1a00298c        0x2 c:/nxp/lpcxpresso_8.2.2_650/lpcxpresso/tools/bin/../lib/gcc/arm-none-eabi/5.4.1/../../../../arm-none-eabi/lib/armv7e-m/softfp\libcr_nohost.a(__sys_appexit.o)
                0x1a00298c                __sys_appexit
                0x1a00298c                __exit
 .text.__sys_close
                0x1a00298e        0x6 c:/nxp/lpcxpresso_8.2.2_650/lpcxpresso/tools/bin/../lib/gcc/arm-none-eabi/5.4.1/../../../../arm-none-eabi/lib/armv7e-m/softfp\libcr_nohost.a(__sys_close.o)
                0x1a00298e                __sys_close
 .text.__sys_flen
                0x1a002994        0x6 c:/nxp/lpcxpresso_8.2.2_650/lpcxpresso/tools/bin/../lib/gcc/arm-none-eabi/5.4.1/../../../../arm-none-eabi/lib/armv7e-m/softfp\libcr_nohost.a(__sys_flen.o)
                0x1a002994                __sys_flen
 .text.__sys_istty
                0x1a00299a        0x6 c:/nxp/lpcxpresso_8.2.2_650/lpcxpresso/tools/bin/../lib/gcc/arm-none-eabi/5.4.1/../../../../arm-none-eabi/lib/armv7e-m/softfp\libcr_nohost.a(__sys_istty.o)
                0x1a00299a                __sys_istty
 .text.__sys_remove
                0x1a0029a0        0x6 c:/nxp/lpcxpresso_8.2.2_650/lpcxpresso/tools/bin/../lib/gcc/arm-none-eabi/5.4.1/../../../../arm-none-eabi/lib/armv7e-m/softfp\libcr_nohost.a(__sys_remove.o)
                0x1a0029a0                __sys_remove
 .text.__sys_seek
                0x1a0029a6        0x6 c:/nxp/lpcxpresso_8.2.2_650/lpcxpresso/tools/bin/../lib/gcc/arm-none-eabi/5.4.1/../../../../arm-none-eabi/lib/armv7e-m/softfp\libcr_nohost.a(__sys_seek.o)
                0x1a0029a6                __sys_seek
 .text.__sys_tmpnam
                0x1a0029ac        0x6 c:/nxp/lpcxpresso_8.2.2_650/lpcxpresso/tools/bin/../lib/gcc/arm-none-eabi/5.4.1/../../../../arm-none-eabi/lib/armv7e-m/softfp\libcr_nohost.a(__sys_tmpnam.o)
                0x1a0029ac                __sys_tmpnam
 *(.rodata .rodata.* .constdata .constdata.*)
 *fill*         0x1a0029b2        0x2 ff
 .rodata.ExtRateIn
                0x1a0029b4        0x4 C:\Users\luca10\Desktop\EMbebidos\Workspace-TPSSE-FINAL\lpc_board_nxp_lpcxpresso_4337\Debug\liblpc_board_nxp_lpcxpresso_4337.a(board.o)
                0x1a0029b4                ExtRateIn
 .rodata.OscRateIn
                0x1a0029b8        0x4 C:\Users\luca10\Desktop\EMbebidos\Workspace-TPSSE-FINAL\lpc_board_nxp_lpcxpresso_4337\Debug\liblpc_board_nxp_lpcxpresso_4337.a(board.o)
                0x1a0029b8                OscRateIn
 .rodata.gpioLEDBits
                0x1a0029bc        0xc C:\Users\luca10\Desktop\EMbebidos\Workspace-TPSSE-FINAL\lpc_board_nxp_lpcxpresso_4337\Debug\liblpc_board_nxp_lpcxpresso_4337.a(board.o)
 .rodata.gpioButtonBits
                0x1a0029c8        0x8 C:\Users\luca10\Desktop\EMbebidos\Workspace-TPSSE-FINAL\lpc_board_nxp_lpcxpresso_4337\Debug\liblpc_board_nxp_lpcxpresso_4337.a(board.o)
 .rodata.InitClkStates
                0x1a0029d0        0xc C:\Users\luca10\Desktop\EMbebidos\Workspace-TPSSE-FINAL\lpc_board_nxp_lpcxpresso_4337\Debug\liblpc_board_nxp_lpcxpresso_4337.a(board_sysinit.o)
 .rodata.pinmuxing
                0x1a0029dc       0x2c C:\Users\luca10\Desktop\EMbebidos\Workspace-TPSSE-FINAL\lpc_board_nxp_lpcxpresso_4337\Debug\liblpc_board_nxp_lpcxpresso_4337.a(board_sysinit.o)
 .rodata.periph_to_base
                0x1a002a08       0x6c C:\Users\luca10\Desktop\EMbebidos\Workspace-TPSSE-FINAL\lpc_chip_43xx\Debug\liblpc_chip_43xx.a(clock_18xx_43xx.o)
 .rodata        0x1a002a74        0xa C:\Users\luca10\Desktop\EMbebidos\Workspace-TPSSE-FINAL\lpc_chip_43xx\Debug\liblpc_chip_43xx.a(clock_18xx_43xx.o)
 *fill*         0x1a002a7e        0x2 ff
 .rodata.InitClkStates
                0x1a002a80       0x48 C:\Users\luca10\Desktop\EMbebidos\Workspace-TPSSE-FINAL\lpc_chip_43xx\Debug\liblpc_chip_43xx.a(sysinit_18xx_43xx.o)
 .rodata.UART_PClock
                0x1a002ac8        0x8 C:\Users\luca10\Desktop\EMbebidos\Workspace-TPSSE-FINAL\lpc_chip_43xx\Debug\liblpc_chip_43xx.a(uart_18xx_43xx.o)
 .rodata.UART_BClock
                0x1a002ad0        0x8 C:\Users\luca10\Desktop\EMbebidos\Workspace-TPSSE-FINAL\lpc_chip_43xx\Debug\liblpc_chip_43xx.a(uart_18xx_43xx.o)
 .rodata.str1.1
                0x1a002ad8        0x4 c:/nxp/lpcxpresso_8.2.2_650/lpcxpresso/tools/bin/../lib/gcc/arm-none-eabi/5.4.1/../../../../arm-none-eabi/lib/armv7e-m/softfp\libcr_c.a(initio.o)
 .rodata.str1.1
                0x1a002adc       0x18 c:/nxp/lpcxpresso_8.2.2_650/lpcxpresso/tools/bin/../lib/gcc/arm-none-eabi/5.4.1/../../../../arm-none-eabi/lib/armv7e-m/softfp\libcr_c.a(alloc.o)
                0x1a002af4                . = ALIGN (0x4)

.glue_7         0x1a002af4        0x0
 .glue_7        0x1a002af4        0x0 linker stubs

.glue_7t        0x1a002af4        0x0
 .glue_7t       0x1a002af4        0x0 linker stubs

.vfp11_veneer   0x1a002af4        0x0
 .vfp11_veneer  0x1a002af4        0x0 linker stubs

.v4_bx          0x1a002af4        0x0
 .v4_bx         0x1a002af4        0x0 linker stubs

.iplt           0x1a002af4        0x0
 .iplt          0x1a002af4        0x0 ./example/src/src-gen/Prefix.o

.rel.dyn        0x1a002af4        0x0
 .rel.iplt      0x1a002af4        0x0 ./example/src/src-gen/Prefix.o

.ARM.extab
 *(.ARM.extab* .gnu.linkonce.armextab.*)
                0x1a002af4                __exidx_start = .

.ARM.exidx
 *(.ARM.exidx* .gnu.linkonce.armexidx.*)
                0x1a002af4                __exidx_end = .
                0x1a002af4                _etext = .

.data_RAM2      0x10080000        0x0 load address 0x1a002af4
 FILL mask 0xff
                [!provide]                PROVIDE (__start_data_RAM2, .)
 *(.ramfunc.$RAM2)
 *(.ramfunc.$RamLoc40)
 *(.data.$RAM2*)
 *(.data.$RamLoc40*)
                0x10080000                . = ALIGN (0x4)
                [!provide]                PROVIDE (__end_data_RAM2, .)

.data_RAM3      0x20000000        0x0 load address 0x1a002af4
 FILL mask 0xff
                [!provide]                PROVIDE (__start_data_RAM3, .)
 *(.ramfunc.$RAM3)
 *(.ramfunc.$RamAHB32)
 *(.data.$RAM3*)
 *(.data.$RamAHB32*)
                0x20000000                . = ALIGN (0x4)
                [!provide]                PROVIDE (__end_data_RAM3, .)

.data_RAM4      0x20008000        0x0 load address 0x1a002af4
 FILL mask 0xff
                [!provide]                PROVIDE (__start_data_RAM4, .)
 *(.ramfunc.$RAM4)
 *(.ramfunc.$RamAHB16)
 *(.data.$RAM4*)
 *(.data.$RamAHB16*)
                0x20008000                . = ALIGN (0x4)
                [!provide]                PROVIDE (__end_data_RAM4, .)

.data_RAM5      0x2000c000        0x0 load address 0x1a002af4
 FILL mask 0xff
                [!provide]                PROVIDE (__start_data_RAM5, .)
 *(.ramfunc.$RAM5)
 *(.ramfunc.$RamAHB_ETB16)
 *(.data.$RAM5*)
 *(.data.$RamAHB_ETB16*)
                0x2000c000                . = ALIGN (0x4)
                [!provide]                PROVIDE (__end_data_RAM5, .)

.uninit_RESERVED
                0x10000000        0x0
 *(.bss.$RESERVED*)
                0x10000000                . = ALIGN (0x4)
                0x10000000                _end_uninit_RESERVED = .

.data           0x10000000        0x0 load address 0x1a002af4
 FILL mask 0xff
                0x10000000                _data = .
 *(vtable)
 *(.ramfunc*)
 *(.data*)
                0x10000000                . = ALIGN (0x4)
                0x10000000                _edata = .

.igot.plt       0x10000000        0x0 load address 0x1a002af4
 .igot.plt      0x10000000        0x0 ./example/src/src-gen/Prefix.o

.bss_RAM2       0x10080000        0x0
                [!provide]                PROVIDE (__start_bss_RAM2, .)
 *(.bss.$RAM2*)
 *(.bss.$RamLoc40*)
                0x10080000                . = ALIGN ((. != 0x0)?0x4:0x1)
                [!provide]                PROVIDE (__end_bss_RAM2, .)

.bss_RAM3       0x20000000        0x0
                [!provide]                PROVIDE (__start_bss_RAM3, .)
 *(.bss.$RAM3*)
 *(.bss.$RamAHB32*)
                0x20000000                . = ALIGN ((. != 0x0)?0x4:0x1)
                [!provide]                PROVIDE (__end_bss_RAM3, .)

.bss_RAM4       0x20008000        0x0
                [!provide]                PROVIDE (__start_bss_RAM4, .)
 *(.bss.$RAM4*)
 *(.bss.$RamAHB16*)
                0x20008000                . = ALIGN ((. != 0x0)?0x4:0x1)
                [!provide]                PROVIDE (__end_bss_RAM4, .)

.bss_RAM5       0x2000c000        0x0
                [!provide]                PROVIDE (__start_bss_RAM5, .)
 *(.bss.$RAM5*)
 *(.bss.$RamAHB_ETB16*)
                0x2000c000                . = ALIGN ((. != 0x0)?0x4:0x1)
                [!provide]                PROVIDE (__end_bss_RAM5, .)

.bss            0x10000000      0x164
                0x10000000                _bss = .
 *(.bss*)
 .bss.fAlarmTimeMatched
                0x10000000        0x1 ./example/src/statechart.o
 .bss.ServoFlag
                0x10000001        0x1 ./example/src/statechart.o
                0x10000001                ServoFlag
 *fill*         0x10000002        0x2 
 .bss.tick_ct   0x10000004        0x4 ./example/src/statechart.o
 .bss.audio_usb_pll_freq
                0x10000008        0x8 C:\Users\luca10\Desktop\EMbebidos\Workspace-TPSSE-FINAL\lpc_chip_43xx\Debug\liblpc_chip_43xx.a(clock_18xx_43xx.o)
 .bss._extra    0x10000010        0x4 c:/nxp/lpcxpresso_8.2.2_650/lpcxpresso/tools/bin/../lib/gcc/arm-none-eabi/5.4.1/../../../../arm-none-eabi/lib/armv7e-m/softfp\libcr_c.a(initio.o)
                0x10000010                _extra
 .bss.__Ciob    0x10000014      0x140 c:/nxp/lpcxpresso_8.2.2_650/lpcxpresso/tools/bin/../lib/gcc/arm-none-eabi/5.4.1/../../../../arm-none-eabi/lib/armv7e-m/softfp\libcr_c.a(stdio.o)
                0x10000014                __Ciob
 .bss.__heaps   0x10000154        0x4 c:/nxp/lpcxpresso_8.2.2_650/lpcxpresso/tools/bin/../lib/gcc/arm-none-eabi/5.4.1/../../../../arm-none-eabi/lib/armv7e-m/softfp\libcr_c.a(__init_alloc.o)
                0x10000154                __heaps
 .bss.__end_of_heap
                0x10000158        0x4 c:/nxp/lpcxpresso_8.2.2_650/lpcxpresso/tools/bin/../lib/gcc/arm-none-eabi/5.4.1/../../../../arm-none-eabi/lib/armv7e-m/softfp\libcr_c.a(__init_alloc.o)
                0x10000158                __end_of_heap
 .bss.errno     0x1000015c        0x4 c:/nxp/lpcxpresso_8.2.2_650/lpcxpresso/tools/bin/../lib/gcc/arm-none-eabi/5.4.1/../../../../arm-none-eabi/lib/armv7e-m/softfp\libcr_c.a(errno.o)
                0x1000015c                errno
 *(COMMON)
 COMMON         0x10000160        0x4 C:\Users\luca10\Desktop\EMbebidos\Workspace-TPSSE-FINAL\lpc_chip_43xx\Debug\liblpc_chip_43xx.a(chip_18xx_43xx.o)
                0x10000160                SystemCoreClock
                0x10000164                . = ALIGN (0x4)
                0x10000164                _ebss = .
                [!provide]                PROVIDE (end, .)

.noinit_RAM2    0x10080000        0x0
 *(.noinit.$RAM2*)
 *(.noinit.$RamLoc40*)
                0x10080000                . = ALIGN (0x4)

.noinit_RAM3    0x20000000        0x0
 *(.noinit.$RAM3*)
 *(.noinit.$RamAHB32*)
                0x20000000                . = ALIGN (0x4)

.noinit_RAM4    0x20008000        0x0
 *(.noinit.$RAM4*)
 *(.noinit.$RamAHB16*)
                0x20008000                . = ALIGN (0x4)

.noinit_RAM5    0x2000c000        0x0
 *(.noinit.$RAM5*)
 *(.noinit.$RamAHB_ETB16*)
                0x2000c000                . = ALIGN (0x4)

.noinit         0x10000164        0x0
                0x10000164                _noinit = .
 *(.noinit*)
                0x10000164                . = ALIGN (0x4)
                0x10000164                _end_noinit = .
                0x10000164                PROVIDE (_pvHeapStart, DEFINED (__user_heap_base)?__user_heap_base:.)
                0x10008000                PROVIDE (_vStackTop, DEFINED (__user_stack_top)?__user_stack_top:(__top_RamLoc32 - 0x0))
                [!provide]                PROVIDE (__valid_user_code_checksum, (0x0 - ((((((_vStackTop + (ResetISR + 0x1)) + (NMI_Handler + 0x1)) + (HardFault_Handler + 0x1)) + (DEFINED (MemManage_Handler)?MemManage_Handler:0x0 + 0x1)) + (DEFINED (BusFault_Handler)?BusFault_Handler:0x0 + 0x1)) + (DEFINED (UsageFault_Handler)?UsageFault_Handler:0x0 + 0x1))))
OUTPUT(periph_statechart.axf elf32-littlearm)

.debug_info     0x00000000     0x9ab6
 .debug_info    0x00000000      0x297 ./example/src/cr_startup_lpc43xx.o
 .debug_info    0x00000297     0x18c3 ./example/src/statechart.o
 .debug_info    0x00001b5a       0xea ./example/src/sysinit.o
 .debug_info    0x00001c44     0x1a09 C:\Users\luca10\Desktop\EMbebidos\Workspace-TPSSE-FINAL\lpc_board_nxp_lpcxpresso_4337\Debug\liblpc_board_nxp_lpcxpresso_4337.a(board.o)
 .debug_info    0x0000364d      0xb56 C:\Users\luca10\Desktop\EMbebidos\Workspace-TPSSE-FINAL\lpc_board_nxp_lpcxpresso_4337\Debug\liblpc_board_nxp_lpcxpresso_4337.a(board_sysinit.o)
 .debug_info    0x000041a3      0xa31 C:\Users\luca10\Desktop\EMbebidos\Workspace-TPSSE-FINAL\lpc_chip_43xx\Debug\liblpc_chip_43xx.a(chip_18xx_43xx.o)
 .debug_info    0x00004bd4     0x1590 C:\Users\luca10\Desktop\EMbebidos\Workspace-TPSSE-FINAL\lpc_chip_43xx\Debug\liblpc_chip_43xx.a(clock_18xx_43xx.o)
 .debug_info    0x00006164      0x128 C:\Users\luca10\Desktop\EMbebidos\Workspace-TPSSE-FINAL\lpc_chip_43xx\Debug\liblpc_chip_43xx.a(fpu_init.o)
 .debug_info    0x0000628c      0x435 C:\Users\luca10\Desktop\EMbebidos\Workspace-TPSSE-FINAL\lpc_chip_43xx\Debug\liblpc_chip_43xx.a(gpio_18xx_43xx.o)
 .debug_info    0x000066c1      0x6c3 C:\Users\luca10\Desktop\EMbebidos\Workspace-TPSSE-FINAL\lpc_chip_43xx\Debug\liblpc_chip_43xx.a(rtc_18xx_43xx.o)
 .debug_info    0x00006d84      0x95d C:\Users\luca10\Desktop\EMbebidos\Workspace-TPSSE-FINAL\lpc_chip_43xx\Debug\liblpc_chip_43xx.a(sct_18xx_43xx.o)
 .debug_info    0x000076e1      0xa2b C:\Users\luca10\Desktop\EMbebidos\Workspace-TPSSE-FINAL\lpc_chip_43xx\Debug\liblpc_chip_43xx.a(sct_pwm_18xx_43xx.o)
 .debug_info    0x0000810c      0x8fd C:\Users\luca10\Desktop\EMbebidos\Workspace-TPSSE-FINAL\lpc_chip_43xx\Debug\liblpc_chip_43xx.a(sysinit_18xx_43xx.o)
 .debug_info    0x00008a09     0x10ad C:\Users\luca10\Desktop\EMbebidos\Workspace-TPSSE-FINAL\lpc_chip_43xx\Debug\liblpc_chip_43xx.a(uart_18xx_43xx.o)

.debug_abbrev   0x00000000     0x190e
 .debug_abbrev  0x00000000       0xed ./example/src/cr_startup_lpc43xx.o
 .debug_abbrev  0x000000ed      0x3a6 ./example/src/statechart.o
 .debug_abbrev  0x00000493       0x9c ./example/src/sysinit.o
 .debug_abbrev  0x0000052f      0x31e C:\Users\luca10\Desktop\EMbebidos\Workspace-TPSSE-FINAL\lpc_board_nxp_lpcxpresso_4337\Debug\liblpc_board_nxp_lpcxpresso_4337.a(board.o)
 .debug_abbrev  0x0000084d      0x19a C:\Users\luca10\Desktop\EMbebidos\Workspace-TPSSE-FINAL\lpc_board_nxp_lpcxpresso_4337\Debug\liblpc_board_nxp_lpcxpresso_4337.a(board_sysinit.o)
 .debug_abbrev  0x000009e7      0x155 C:\Users\luca10\Desktop\EMbebidos\Workspace-TPSSE-FINAL\lpc_chip_43xx\Debug\liblpc_chip_43xx.a(chip_18xx_43xx.o)
 .debug_abbrev  0x00000b3c      0x2cb C:\Users\luca10\Desktop\EMbebidos\Workspace-TPSSE-FINAL\lpc_chip_43xx\Debug\liblpc_chip_43xx.a(clock_18xx_43xx.o)
 .debug_abbrev  0x00000e07       0x84 C:\Users\luca10\Desktop\EMbebidos\Workspace-TPSSE-FINAL\lpc_chip_43xx\Debug\liblpc_chip_43xx.a(fpu_init.o)
 .debug_abbrev  0x00000e8b      0x111 C:\Users\luca10\Desktop\EMbebidos\Workspace-TPSSE-FINAL\lpc_chip_43xx\Debug\liblpc_chip_43xx.a(gpio_18xx_43xx.o)
 .debug_abbrev  0x00000f9c      0x184 C:\Users\luca10\Desktop\EMbebidos\Workspace-TPSSE-FINAL\lpc_chip_43xx\Debug\liblpc_chip_43xx.a(rtc_18xx_43xx.o)
 .debug_abbrev  0x00001120      0x19d C:\Users\luca10\Desktop\EMbebidos\Workspace-TPSSE-FINAL\lpc_chip_43xx\Debug\liblpc_chip_43xx.a(sct_18xx_43xx.o)
 .debug_abbrev  0x000012bd      0x203 C:\Users\luca10\Desktop\EMbebidos\Workspace-TPSSE-FINAL\lpc_chip_43xx\Debug\liblpc_chip_43xx.a(sct_pwm_18xx_43xx.o)
 .debug_abbrev  0x000014c0      0x18e C:\Users\luca10\Desktop\EMbebidos\Workspace-TPSSE-FINAL\lpc_chip_43xx\Debug\liblpc_chip_43xx.a(sysinit_18xx_43xx.o)
 .debug_abbrev  0x0000164e      0x2c0 C:\Users\luca10\Desktop\EMbebidos\Workspace-TPSSE-FINAL\lpc_chip_43xx\Debug\liblpc_chip_43xx.a(uart_18xx_43xx.o)

.debug_aranges  0x00000000      0x7a8
 .debug_aranges
                0x00000000       0x80 ./example/src/cr_startup_lpc43xx.o
 .debug_aranges
                0x00000080       0xe0 ./example/src/statechart.o
 .debug_aranges
                0x00000160       0x20 ./example/src/sysinit.o
 .debug_aranges
                0x00000180      0x170 C:\Users\luca10\Desktop\EMbebidos\Workspace-TPSSE-FINAL\lpc_board_nxp_lpcxpresso_4337\Debug\liblpc_board_nxp_lpcxpresso_4337.a(board.o)
 .debug_aranges
                0x000002f0       0x48 C:\Users\luca10\Desktop\EMbebidos\Workspace-TPSSE-FINAL\lpc_board_nxp_lpcxpresso_4337\Debug\liblpc_board_nxp_lpcxpresso_4337.a(board_sysinit.o)
 .debug_aranges
                0x00000338       0x40 C:\Users\luca10\Desktop\EMbebidos\Workspace-TPSSE-FINAL\lpc_chip_43xx\Debug\liblpc_chip_43xx.a(chip_18xx_43xx.o)
 .debug_aranges
                0x00000378      0x138 C:\Users\luca10\Desktop\EMbebidos\Workspace-TPSSE-FINAL\lpc_chip_43xx\Debug\liblpc_chip_43xx.a(clock_18xx_43xx.o)
 .debug_aranges
                0x000004b0       0x20 C:\Users\luca10\Desktop\EMbebidos\Workspace-TPSSE-FINAL\lpc_chip_43xx\Debug\liblpc_chip_43xx.a(fpu_init.o)
 .debug_aranges
                0x000004d0       0x68 C:\Users\luca10\Desktop\EMbebidos\Workspace-TPSSE-FINAL\lpc_chip_43xx\Debug\liblpc_chip_43xx.a(gpio_18xx_43xx.o)
 .debug_aranges
                0x00000538       0x80 C:\Users\luca10\Desktop\EMbebidos\Workspace-TPSSE-FINAL\lpc_chip_43xx\Debug\liblpc_chip_43xx.a(rtc_18xx_43xx.o)
 .debug_aranges
                0x000005b8       0x38 C:\Users\luca10\Desktop\EMbebidos\Workspace-TPSSE-FINAL\lpc_chip_43xx\Debug\liblpc_chip_43xx.a(sct_18xx_43xx.o)
 .debug_aranges
                0x000005f0       0x50 C:\Users\luca10\Desktop\EMbebidos\Workspace-TPSSE-FINAL\lpc_chip_43xx\Debug\liblpc_chip_43xx.a(sct_pwm_18xx_43xx.o)
 .debug_aranges
                0x00000640       0x50 C:\Users\luca10\Desktop\EMbebidos\Workspace-TPSSE-FINAL\lpc_chip_43xx\Debug\liblpc_chip_43xx.a(sysinit_18xx_43xx.o)
 .debug_aranges
                0x00000690      0x118 C:\Users\luca10\Desktop\EMbebidos\Workspace-TPSSE-FINAL\lpc_chip_43xx\Debug\liblpc_chip_43xx.a(uart_18xx_43xx.o)

.debug_ranges   0x00000000      0x6f8
 .debug_ranges  0x00000000       0x70 ./example/src/cr_startup_lpc43xx.o
 .debug_ranges  0x00000070       0xd0 ./example/src/statechart.o
 .debug_ranges  0x00000140       0x10 ./example/src/sysinit.o
 .debug_ranges  0x00000150      0x160 C:\Users\luca10\Desktop\EMbebidos\Workspace-TPSSE-FINAL\lpc_board_nxp_lpcxpresso_4337\Debug\liblpc_board_nxp_lpcxpresso_4337.a(board.o)
 .debug_ranges  0x000002b0       0x38 C:\Users\luca10\Desktop\EMbebidos\Workspace-TPSSE-FINAL\lpc_board_nxp_lpcxpresso_4337\Debug\liblpc_board_nxp_lpcxpresso_4337.a(board_sysinit.o)
 .debug_ranges  0x000002e8       0x30 C:\Users\luca10\Desktop\EMbebidos\Workspace-TPSSE-FINAL\lpc_chip_43xx\Debug\liblpc_chip_43xx.a(chip_18xx_43xx.o)
 .debug_ranges  0x00000318      0x140 C:\Users\luca10\Desktop\EMbebidos\Workspace-TPSSE-FINAL\lpc_chip_43xx\Debug\liblpc_chip_43xx.a(clock_18xx_43xx.o)
 .debug_ranges  0x00000458       0x10 C:\Users\luca10\Desktop\EMbebidos\Workspace-TPSSE-FINAL\lpc_chip_43xx\Debug\liblpc_chip_43xx.a(fpu_init.o)
 .debug_ranges  0x00000468       0x58 C:\Users\luca10\Desktop\EMbebidos\Workspace-TPSSE-FINAL\lpc_chip_43xx\Debug\liblpc_chip_43xx.a(gpio_18xx_43xx.o)
 .debug_ranges  0x000004c0       0x70 C:\Users\luca10\Desktop\EMbebidos\Workspace-TPSSE-FINAL\lpc_chip_43xx\Debug\liblpc_chip_43xx.a(rtc_18xx_43xx.o)
 .debug_ranges  0x00000530       0x28 C:\Users\luca10\Desktop\EMbebidos\Workspace-TPSSE-FINAL\lpc_chip_43xx\Debug\liblpc_chip_43xx.a(sct_18xx_43xx.o)
 .debug_ranges  0x00000558       0x40 C:\Users\luca10\Desktop\EMbebidos\Workspace-TPSSE-FINAL\lpc_chip_43xx\Debug\liblpc_chip_43xx.a(sct_pwm_18xx_43xx.o)
 .debug_ranges  0x00000598       0x40 C:\Users\luca10\Desktop\EMbebidos\Workspace-TPSSE-FINAL\lpc_chip_43xx\Debug\liblpc_chip_43xx.a(sysinit_18xx_43xx.o)
 .debug_ranges  0x000005d8      0x120 C:\Users\luca10\Desktop\EMbebidos\Workspace-TPSSE-FINAL\lpc_chip_43xx\Debug\liblpc_chip_43xx.a(uart_18xx_43xx.o)

.debug_macro    0x00000000     0x67e3
 .debug_macro   0x00000000       0x1d ./example/src/cr_startup_lpc43xx.o
 .debug_macro   0x0000001d      0x334 ./example/src/statechart.o
 .debug_macro   0x00000351       0x10 ./example/src/statechart.o
 .debug_macro   0x00000361       0x7b ./example/src/statechart.o
 .debug_macro   0x000003dc       0x28 ./example/src/statechart.o
 .debug_macro   0x00000404       0x3b ./example/src/statechart.o
 .debug_macro   0x0000043f       0x2d ./example/src/statechart.o
 .debug_macro   0x0000046c       0x42 ./example/src/statechart.o
 .debug_macro   0x000004ae      0xd39 ./example/src/statechart.o
 .debug_macro   0x000011e7      0x2bc ./example/src/statechart.o
 .debug_macro   0x000014a3      0x112 ./example/src/statechart.o
 .debug_macro   0x000015b5       0x11 ./example/src/statechart.o
 .debug_macro   0x000015c6       0x2a ./example/src/statechart.o
 .debug_macro   0x000015f0       0x16 ./example/src/statechart.o
 .debug_macro   0x00001606      0x2e6 ./example/src/statechart.o
 .debug_macro   0x000018ec       0x82 ./example/src/statechart.o
 .debug_macro   0x0000196e      0x13d ./example/src/statechart.o
 .debug_macro   0x00001aab      0x198 ./example/src/statechart.o
 .debug_macro   0x00001c43       0x34 ./example/src/statechart.o
 .debug_macro   0x00001c77       0x58 ./example/src/statechart.o
 .debug_macro   0x00001ccf      0x236 ./example/src/statechart.o
 .debug_macro   0x00001f05      0x572 ./example/src/statechart.o
 .debug_macro   0x00002477       0x16 ./example/src/statechart.o
 .debug_macro   0x0000248d      0x18a ./example/src/statechart.o
 .debug_macro   0x00002617       0x88 ./example/src/statechart.o
 .debug_macro   0x0000269f      0x1b9 ./example/src/statechart.o
 .debug_macro   0x00002858      0x1da ./example/src/statechart.o
 .debug_macro   0x00002a32       0x40 ./example/src/statechart.o
 .debug_macro   0x00002a72       0x1c ./example/src/statechart.o
 .debug_macro   0x00002a8e       0x2e ./example/src/statechart.o
 .debug_macro   0x00002abc       0x2e ./example/src/statechart.o
 .debug_macro   0x00002aea       0x22 ./example/src/statechart.o
 .debug_macro   0x00002b0c      0x201 ./example/src/statechart.o
 .debug_macro   0x00002d0d       0xe0 ./example/src/statechart.o
 .debug_macro   0x00002ded      0x34c ./example/src/statechart.o
 .debug_macro   0x00003139       0xdc ./example/src/statechart.o
 .debug_macro   0x00003215       0xc4 ./example/src/statechart.o
 .debug_macro   0x000032d9       0x94 ./example/src/statechart.o
 .debug_macro   0x0000336d       0xb8 ./example/src/statechart.o
 .debug_macro   0x00003425       0x4c ./example/src/statechart.o
 .debug_macro   0x00003471       0x16 ./example/src/statechart.o
 .debug_macro   0x00003487      0x328 ./example/src/statechart.o
 .debug_macro   0x000037af       0x3a ./example/src/statechart.o
 .debug_macro   0x000037e9       0xd0 ./example/src/statechart.o
 .debug_macro   0x000038b9       0x18 ./example/src/statechart.o
 .debug_macro   0x000038d1       0x22 ./example/src/statechart.o
 .debug_macro   0x000038f3       0x40 ./example/src/statechart.o
 .debug_macro   0x00003933      0x121 ./example/src/statechart.o
 .debug_macro   0x00003a54       0x9a ./example/src/statechart.o
 .debug_macro   0x00003aee       0x20 ./example/src/statechart.o
 .debug_macro   0x00003b0e      0x310 ./example/src/sysinit.o
 .debug_macro   0x00003e1e      0x336 C:\Users\luca10\Desktop\EMbebidos\Workspace-TPSSE-FINAL\lpc_board_nxp_lpcxpresso_4337\Debug\liblpc_board_nxp_lpcxpresso_4337.a(board.o)
 .debug_macro   0x00004154      0x89e C:\Users\luca10\Desktop\EMbebidos\Workspace-TPSSE-FINAL\lpc_board_nxp_lpcxpresso_4337\Debug\liblpc_board_nxp_lpcxpresso_4337.a(board.o)
 .debug_macro   0x000049f2       0x12 C:\Users\luca10\Desktop\EMbebidos\Workspace-TPSSE-FINAL\lpc_board_nxp_lpcxpresso_4337\Debug\liblpc_board_nxp_lpcxpresso_4337.a(board.o)
 .debug_macro   0x00004a04      0x339 C:\Users\luca10\Desktop\EMbebidos\Workspace-TPSSE-FINAL\lpc_board_nxp_lpcxpresso_4337\Debug\liblpc_board_nxp_lpcxpresso_4337.a(board.o)
 .debug_macro   0x00004d3d      0x310 C:\Users\luca10\Desktop\EMbebidos\Workspace-TPSSE-FINAL\lpc_board_nxp_lpcxpresso_4337\Debug\liblpc_board_nxp_lpcxpresso_4337.a(board_sysinit.o)
 .debug_macro   0x0000504d      0x2da C:\Users\luca10\Desktop\EMbebidos\Workspace-TPSSE-FINAL\lpc_chip_43xx\Debug\liblpc_chip_43xx.a(chip_18xx_43xx.o)
 .debug_macro   0x00005327      0x2e0 C:\Users\luca10\Desktop\EMbebidos\Workspace-TPSSE-FINAL\lpc_chip_43xx\Debug\liblpc_chip_43xx.a(clock_18xx_43xx.o)
 .debug_macro   0x00005607       0xc0 C:\Users\luca10\Desktop\EMbebidos\Workspace-TPSSE-FINAL\lpc_chip_43xx\Debug\liblpc_chip_43xx.a(fpu_init.o)
 .debug_macro   0x000056c7      0x2da C:\Users\luca10\Desktop\EMbebidos\Workspace-TPSSE-FINAL\lpc_chip_43xx\Debug\liblpc_chip_43xx.a(gpio_18xx_43xx.o)
 .debug_macro   0x000059a1      0x2da C:\Users\luca10\Desktop\EMbebidos\Workspace-TPSSE-FINAL\lpc_chip_43xx\Debug\liblpc_chip_43xx.a(rtc_18xx_43xx.o)
 .debug_macro   0x00005c7b      0x2da C:\Users\luca10\Desktop\EMbebidos\Workspace-TPSSE-FINAL\lpc_chip_43xx\Debug\liblpc_chip_43xx.a(sct_18xx_43xx.o)
 .debug_macro   0x00005f55      0x2da C:\Users\luca10\Desktop\EMbebidos\Workspace-TPSSE-FINAL\lpc_chip_43xx\Debug\liblpc_chip_43xx.a(sct_pwm_18xx_43xx.o)
 .debug_macro   0x0000622f      0x2da C:\Users\luca10\Desktop\EMbebidos\Workspace-TPSSE-FINAL\lpc_chip_43xx\Debug\liblpc_chip_43xx.a(sysinit_18xx_43xx.o)
 .debug_macro   0x00006509      0x2da C:\Users\luca10\Desktop\EMbebidos\Workspace-TPSSE-FINAL\lpc_chip_43xx\Debug\liblpc_chip_43xx.a(uart_18xx_43xx.o)

.debug_line     0x00000000     0x5f04
 .debug_line    0x00000000      0x102 ./example/src/cr_startup_lpc43xx.o
 .debug_line    0x00000102      0x92a ./example/src/statechart.o
 .debug_line    0x00000a2c      0x66c ./example/src/sysinit.o
 .debug_line    0x00001098      0xa68 C:\Users\luca10\Desktop\EMbebidos\Workspace-TPSSE-FINAL\lpc_board_nxp_lpcxpresso_4337\Debug\liblpc_board_nxp_lpcxpresso_4337.a(board.o)
 .debug_line    0x00001b00      0x6f3 C:\Users\luca10\Desktop\EMbebidos\Workspace-TPSSE-FINAL\lpc_board_nxp_lpcxpresso_4337\Debug\liblpc_board_nxp_lpcxpresso_4337.a(board_sysinit.o)
 .debug_line    0x000021f3      0x650 C:\Users\luca10\Desktop\EMbebidos\Workspace-TPSSE-FINAL\lpc_chip_43xx\Debug\liblpc_chip_43xx.a(chip_18xx_43xx.o)
 .debug_line    0x00002843      0xa4d C:\Users\luca10\Desktop\EMbebidos\Workspace-TPSSE-FINAL\lpc_chip_43xx\Debug\liblpc_chip_43xx.a(clock_18xx_43xx.o)
 .debug_line    0x00003290      0x1fc C:\Users\luca10\Desktop\EMbebidos\Workspace-TPSSE-FINAL\lpc_chip_43xx\Debug\liblpc_chip_43xx.a(fpu_init.o)
 .debug_line    0x0000348c      0x6a1 C:\Users\luca10\Desktop\EMbebidos\Workspace-TPSSE-FINAL\lpc_chip_43xx\Debug\liblpc_chip_43xx.a(gpio_18xx_43xx.o)
 .debug_line    0x00003b2d      0x75e C:\Users\luca10\Desktop\EMbebidos\Workspace-TPSSE-FINAL\lpc_chip_43xx\Debug\liblpc_chip_43xx.a(rtc_18xx_43xx.o)
 .debug_line    0x0000428b      0x621 C:\Users\luca10\Desktop\EMbebidos\Workspace-TPSSE-FINAL\lpc_chip_43xx\Debug\liblpc_chip_43xx.a(sct_18xx_43xx.o)
 .debug_line    0x000048ac      0x66d C:\Users\luca10\Desktop\EMbebidos\Workspace-TPSSE-FINAL\lpc_chip_43xx\Debug\liblpc_chip_43xx.a(sct_pwm_18xx_43xx.o)
 .debug_line    0x00004f19      0x6be C:\Users\luca10\Desktop\EMbebidos\Workspace-TPSSE-FINAL\lpc_chip_43xx\Debug\liblpc_chip_43xx.a(sysinit_18xx_43xx.o)
 .debug_line    0x000055d7      0x92d C:\Users\luca10\Desktop\EMbebidos\Workspace-TPSSE-FINAL\lpc_chip_43xx\Debug\liblpc_chip_43xx.a(uart_18xx_43xx.o)

.debug_str      0x00000000    0x19618
 .debug_str     0x00000000     0x2750 ./example/src/cr_startup_lpc43xx.o
                               0x2768 (size before relaxing)
 .debug_str     0x00002750    0x1446c ./example/src/statechart.o
                              0x16b87 (size before relaxing)
 .debug_str     0x00016bbc       0x23 ./example/src/sysinit.o
                              0x15788 (size before relaxing)
 .debug_str     0x00016bdf     0x19cc C:\Users\luca10\Desktop\EMbebidos\Workspace-TPSSE-FINAL\lpc_board_nxp_lpcxpresso_4337\Debug\liblpc_board_nxp_lpcxpresso_4337.a(board.o)
                              0x17c24 (size before relaxing)
 .debug_str     0x000185ab      0x125 C:\Users\luca10\Desktop\EMbebidos\Workspace-TPSSE-FINAL\lpc_board_nxp_lpcxpresso_4337\Debug\liblpc_board_nxp_lpcxpresso_4337.a(board_sysinit.o)
                              0x16526 (size before relaxing)
 .debug_str     0x000186d0       0xed C:\Users\luca10\Desktop\EMbebidos\Workspace-TPSSE-FINAL\lpc_chip_43xx\Debug\liblpc_chip_43xx.a(chip_18xx_43xx.o)
                              0x15dc8 (size before relaxing)
 .debug_str     0x000187bd      0x5e1 C:\Users\luca10\Desktop\EMbebidos\Workspace-TPSSE-FINAL\lpc_chip_43xx\Debug\liblpc_chip_43xx.a(clock_18xx_43xx.o)
                              0x1634b (size before relaxing)
 .debug_str     0x00018d9e       0xb5 C:\Users\luca10\Desktop\EMbebidos\Workspace-TPSSE-FINAL\lpc_chip_43xx\Debug\liblpc_chip_43xx.a(fpu_init.o)
                               0x9961 (size before relaxing)
 .debug_str     0x00018e53       0xe4 C:\Users\luca10\Desktop\EMbebidos\Workspace-TPSSE-FINAL\lpc_chip_43xx\Debug\liblpc_chip_43xx.a(gpio_18xx_43xx.o)
                              0x151ca (size before relaxing)
 .debug_str     0x00018f37      0x219 C:\Users\luca10\Desktop\EMbebidos\Workspace-TPSSE-FINAL\lpc_chip_43xx\Debug\liblpc_chip_43xx.a(rtc_18xx_43xx.o)
                              0x1545f (size before relaxing)
 .debug_str     0x00019150       0x72 C:\Users\luca10\Desktop\EMbebidos\Workspace-TPSSE-FINAL\lpc_chip_43xx\Debug\liblpc_chip_43xx.a(sct_18xx_43xx.o)
                              0x156cd (size before relaxing)
 .debug_str     0x000191c2       0x6c C:\Users\luca10\Desktop\EMbebidos\Workspace-TPSSE-FINAL\lpc_chip_43xx\Debug\liblpc_chip_43xx.a(sct_pwm_18xx_43xx.o)
                              0x15759 (size before relaxing)
 .debug_str     0x0001922e       0xb4 C:\Users\luca10\Desktop\EMbebidos\Workspace-TPSSE-FINAL\lpc_chip_43xx\Debug\liblpc_chip_43xx.a(sysinit_18xx_43xx.o)
                              0x15d97 (size before relaxing)
 .debug_str     0x000192e2      0x336 C:\Users\luca10\Desktop\EMbebidos\Workspace-TPSSE-FINAL\lpc_chip_43xx\Debug\liblpc_chip_43xx.a(uart_18xx_43xx.o)
                              0x15efb (size before relaxing)

.comment        0x00000000       0xdc
 .comment       0x00000000       0x6e ./example/src/cr_startup_lpc43xx.o
                                 0x6f (size before relaxing)
 .comment       0x0000006e       0x6f ./example/src/statechart.o
 .comment       0x0000006e       0x6f ./example/src/sysinit.o
 .comment       0x0000006e       0x6f C:\Users\luca10\Desktop\EMbebidos\Workspace-TPSSE-FINAL\lpc_board_nxp_lpcxpresso_4337\Debug\liblpc_board_nxp_lpcxpresso_4337.a(board.o)
 .comment       0x0000006e       0x6f C:\Users\luca10\Desktop\EMbebidos\Workspace-TPSSE-FINAL\lpc_board_nxp_lpcxpresso_4337\Debug\liblpc_board_nxp_lpcxpresso_4337.a(board_sysinit.o)
 .comment       0x0000006e       0x6f C:\Users\luca10\Desktop\EMbebidos\Workspace-TPSSE-FINAL\lpc_chip_43xx\Debug\liblpc_chip_43xx.a(chip_18xx_43xx.o)
 .comment       0x0000006e       0x6f C:\Users\luca10\Desktop\EMbebidos\Workspace-TPSSE-FINAL\lpc_chip_43xx\Debug\liblpc_chip_43xx.a(clock_18xx_43xx.o)
 .comment       0x0000006e       0x6f C:\Users\luca10\Desktop\EMbebidos\Workspace-TPSSE-FINAL\lpc_chip_43xx\Debug\liblpc_chip_43xx.a(fpu_init.o)
 .comment       0x0000006e       0x6f C:\Users\luca10\Desktop\EMbebidos\Workspace-TPSSE-FINAL\lpc_chip_43xx\Debug\liblpc_chip_43xx.a(gpio_18xx_43xx.o)
 .comment       0x0000006e       0x6f C:\Users\luca10\Desktop\EMbebidos\Workspace-TPSSE-FINAL\lpc_chip_43xx\Debug\liblpc_chip_43xx.a(rtc_18xx_43xx.o)
 .comment       0x0000006e       0x6f C:\Users\luca10\Desktop\EMbebidos\Workspace-TPSSE-FINAL\lpc_chip_43xx\Debug\liblpc_chip_43xx.a(sct_18xx_43xx.o)
 .comment       0x0000006e       0x6f C:\Users\luca10\Desktop\EMbebidos\Workspace-TPSSE-FINAL\lpc_chip_43xx\Debug\liblpc_chip_43xx.a(sct_pwm_18xx_43xx.o)
 .comment       0x0000006e       0x6f C:\Users\luca10\Desktop\EMbebidos\Workspace-TPSSE-FINAL\lpc_chip_43xx\Debug\liblpc_chip_43xx.a(sysinit_18xx_43xx.o)
 .comment       0x0000006e       0x6f C:\Users\luca10\Desktop\EMbebidos\Workspace-TPSSE-FINAL\lpc_chip_43xx\Debug\liblpc_chip_43xx.a(uart_18xx_43xx.o)
 .comment       0x0000006e       0x6e c:/nxp/lpcxpresso_8.2.2_650/lpcxpresso/tools/bin/../lib/gcc/arm-none-eabi/5.4.1/../../../../arm-none-eabi/lib/armv7e-m/softfp\libcr_nohost.a(_cr__main.o)
                                 0x6f (size before relaxing)
 .comment       0x000000dc       0x6f c:/nxp/lpcxpresso_8.2.2_650/lpcxpresso/tools/bin/../lib/gcc/arm-none-eabi/5.4.1/../../../../arm-none-eabi/lib/armv7e-m/softfp\libcr_c.a(memset.o)
 .comment       0x000000dc       0x6f c:/nxp/lpcxpresso_8.2.2_650/lpcxpresso/tools/bin/../lib/gcc/arm-none-eabi/5.4.1/../../../../arm-none-eabi/lib/armv7e-m/softfp\libcr_c.a(initio.o)
 .comment       0x000000dc       0x6f c:/nxp/lpcxpresso_8.2.2_650/lpcxpresso/tools/bin/../lib/gcc/arm-none-eabi/5.4.1/../../../../arm-none-eabi/lib/armv7e-m/softfp\libcr_c.a(setvbuf.o)
 .comment       0x000000dc       0x6f c:/nxp/lpcxpresso_8.2.2_650/lpcxpresso/tools/bin/../lib/gcc/arm-none-eabi/5.4.1/../../../../arm-none-eabi/lib/armv7e-m/softfp\libcr_c.a(stdio.o)
 .comment       0x000000dc       0x6f c:/nxp/lpcxpresso_8.2.2_650/lpcxpresso/tools/bin/../lib/gcc/arm-none-eabi/5.4.1/../../../../arm-none-eabi/lib/armv7e-m/softfp\libcr_c.a(_deferredlazyseek.o)
 .comment       0x000000dc       0x6f c:/nxp/lpcxpresso_8.2.2_650/lpcxpresso/tools/bin/../lib/gcc/arm-none-eabi/5.4.1/../../../../arm-none-eabi/lib/armv7e-m/softfp\libcr_c.a(_fdopen.o)
 .comment       0x000000dc       0x6f c:/nxp/lpcxpresso_8.2.2_650/lpcxpresso/tools/bin/../lib/gcc/arm-none-eabi/5.4.1/../../../../arm-none-eabi/lib/armv7e-m/softfp\libcr_c.a(_fflush.o)
 .comment       0x000000dc       0x6f c:/nxp/lpcxpresso_8.2.2_650/lpcxpresso/tools/bin/../lib/gcc/arm-none-eabi/5.4.1/../../../../arm-none-eabi/lib/armv7e-m/softfp\libcr_c.a(_writebuf.o)
 .comment       0x000000dc       0x6f c:/nxp/lpcxpresso_8.2.2_650/lpcxpresso/tools/bin/../lib/gcc/arm-none-eabi/5.4.1/../../../../arm-none-eabi/lib/armv7e-m/softfp\libcr_c.a(alloc.o)
 .comment       0x000000dc       0x6f c:/nxp/lpcxpresso_8.2.2_650/lpcxpresso/tools/bin/../lib/gcc/arm-none-eabi/5.4.1/../../../../arm-none-eabi/lib/armv7e-m/softfp\libcr_c.a(fclose.o)
 .comment       0x000000dc       0x6f c:/nxp/lpcxpresso_8.2.2_650/lpcxpresso/tools/bin/../lib/gcc/arm-none-eabi/5.4.1/../../../../arm-none-eabi/lib/armv7e-m/softfp\libcr_c.a(fflush.o)
 .comment       0x000000dc       0x6f c:/nxp/lpcxpresso_8.2.2_650/lpcxpresso/tools/bin/../lib/gcc/arm-none-eabi/5.4.1/../../../../arm-none-eabi/lib/armv7e-m/softfp\libcr_c.a(fseek.o)
 .comment       0x000000dc       0x6f c:/nxp/lpcxpresso_8.2.2_650/lpcxpresso/tools/bin/../lib/gcc/arm-none-eabi/5.4.1/../../../../arm-none-eabi/lib/armv7e-m/softfp\libcr_c.a(ftell.o)
 .comment       0x000000dc       0x6f c:/nxp/lpcxpresso_8.2.2_650/lpcxpresso/tools/bin/../lib/gcc/arm-none-eabi/5.4.1/../../../../arm-none-eabi/lib/armv7e-m/softfp\libcr_c.a(remove.o)
 .comment       0x000000dc       0x6f c:/nxp/lpcxpresso_8.2.2_650/lpcxpresso/tools/bin/../lib/gcc/arm-none-eabi/5.4.1/../../../../arm-none-eabi/lib/armv7e-m/softfp\libcr_c.a(strlen.o)
 .comment       0x000000dc       0x6f c:/nxp/lpcxpresso_8.2.2_650/lpcxpresso/tools/bin/../lib/gcc/arm-none-eabi/5.4.1/../../../../arm-none-eabi/lib/armv7e-m/softfp\libcr_c.a(__init_alloc.o)
 .comment       0x000000dc       0x6f c:/nxp/lpcxpresso_8.2.2_650/lpcxpresso/tools/bin/../lib/gcc/arm-none-eabi/5.4.1/../../../../arm-none-eabi/lib/armv7e-m/softfp\libcr_c.a(_cr_sbrk.o)
 .comment       0x000000dc       0x6f c:/nxp/lpcxpresso_8.2.2_650/lpcxpresso/tools/bin/../lib/gcc/arm-none-eabi/5.4.1/../../../../arm-none-eabi/lib/armv7e-m/softfp\libcr_c.a(_do_fflush.o)
 .comment       0x000000dc       0x6f c:/nxp/lpcxpresso_8.2.2_650/lpcxpresso/tools/bin/../lib/gcc/arm-none-eabi/5.4.1/../../../../arm-none-eabi/lib/armv7e-m/softfp\libcr_c.a(errno.o)
 .comment       0x000000dc       0x6f c:/nxp/lpcxpresso_8.2.2_650/lpcxpresso/tools/bin/../lib/gcc/arm-none-eabi/5.4.1/../../../../arm-none-eabi/lib/armv7e-m/softfp\libcr_c.a(_cr_check_heap.o)
 .comment       0x000000dc       0x6f c:/nxp/lpcxpresso_8.2.2_650/lpcxpresso/tools/bin/../lib/gcc/arm-none-eabi/5.4.1/../../../../arm-none-eabi/lib/armv7e-m/softfp\libcr_nohost.a(__sys_appexit.o)
 .comment       0x000000dc       0x6f c:/nxp/lpcxpresso_8.2.2_650/lpcxpresso/tools/bin/../lib/gcc/arm-none-eabi/5.4.1/../../../../arm-none-eabi/lib/armv7e-m/softfp\libcr_nohost.a(__sys_close.o)
 .comment       0x000000dc       0x6f c:/nxp/lpcxpresso_8.2.2_650/lpcxpresso/tools/bin/../lib/gcc/arm-none-eabi/5.4.1/../../../../arm-none-eabi/lib/armv7e-m/softfp\libcr_nohost.a(__sys_flen.o)
 .comment       0x000000dc       0x6f c:/nxp/lpcxpresso_8.2.2_650/lpcxpresso/tools/bin/../lib/gcc/arm-none-eabi/5.4.1/../../../../arm-none-eabi/lib/armv7e-m/softfp\libcr_nohost.a(__sys_istty.o)
 .comment       0x000000dc       0x6f c:/nxp/lpcxpresso_8.2.2_650/lpcxpresso/tools/bin/../lib/gcc/arm-none-eabi/5.4.1/../../../../arm-none-eabi/lib/armv7e-m/softfp\libcr_nohost.a(__sys_remove.o)
 .comment       0x000000dc       0x6f c:/nxp/lpcxpresso_8.2.2_650/lpcxpresso/tools/bin/../lib/gcc/arm-none-eabi/5.4.1/../../../../arm-none-eabi/lib/armv7e-m/softfp\libcr_nohost.a(__sys_seek.o)
 .comment       0x000000dc       0x6f c:/nxp/lpcxpresso_8.2.2_650/lpcxpresso/tools/bin/../lib/gcc/arm-none-eabi/5.4.1/../../../../arm-none-eabi/lib/armv7e-m/softfp\libcr_nohost.a(__sys_tmpnam.o)

.ARM.attributes
                0x00000000       0x35
 .ARM.attributes
                0x00000000       0x37 ./example/src/cr_startup_lpc43xx.o
 .ARM.attributes
                0x00000037       0x37 ./example/src/statechart.o
 .ARM.attributes
                0x0000006e       0x37 ./example/src/sysinit.o
 .ARM.attributes
                0x000000a5       0x37 C:\Users\luca10\Desktop\EMbebidos\Workspace-TPSSE-FINAL\lpc_board_nxp_lpcxpresso_4337\Debug\liblpc_board_nxp_lpcxpresso_4337.a(board.o)
 .ARM.attributes
                0x000000dc       0x37 C:\Users\luca10\Desktop\EMbebidos\Workspace-TPSSE-FINAL\lpc_board_nxp_lpcxpresso_4337\Debug\liblpc_board_nxp_lpcxpresso_4337.a(board_sysinit.o)
 .ARM.attributes
                0x00000113       0x37 C:\Users\luca10\Desktop\EMbebidos\Workspace-TPSSE-FINAL\lpc_chip_43xx\Debug\liblpc_chip_43xx.a(chip_18xx_43xx.o)
 .ARM.attributes
                0x0000014a       0x37 C:\Users\luca10\Desktop\EMbebidos\Workspace-TPSSE-FINAL\lpc_chip_43xx\Debug\liblpc_chip_43xx.a(clock_18xx_43xx.o)
 .ARM.attributes
                0x00000181       0x37 C:\Users\luca10\Desktop\EMbebidos\Workspace-TPSSE-FINAL\lpc_chip_43xx\Debug\liblpc_chip_43xx.a(fpu_init.o)
 .ARM.attributes
                0x000001b8       0x37 C:\Users\luca10\Desktop\EMbebidos\Workspace-TPSSE-FINAL\lpc_chip_43xx\Debug\liblpc_chip_43xx.a(gpio_18xx_43xx.o)
 .ARM.attributes
                0x000001ef       0x37 C:\Users\luca10\Desktop\EMbebidos\Workspace-TPSSE-FINAL\lpc_chip_43xx\Debug\liblpc_chip_43xx.a(rtc_18xx_43xx.o)
 .ARM.attributes
                0x00000226       0x37 C:\Users\luca10\Desktop\EMbebidos\Workspace-TPSSE-FINAL\lpc_chip_43xx\Debug\liblpc_chip_43xx.a(sct_18xx_43xx.o)
 .ARM.attributes
                0x0000025d       0x37 C:\Users\luca10\Desktop\EMbebidos\Workspace-TPSSE-FINAL\lpc_chip_43xx\Debug\liblpc_chip_43xx.a(sct_pwm_18xx_43xx.o)
 .ARM.attributes
                0x00000294       0x37 C:\Users\luca10\Desktop\EMbebidos\Workspace-TPSSE-FINAL\lpc_chip_43xx\Debug\liblpc_chip_43xx.a(sysinit_18xx_43xx.o)
 .ARM.attributes
                0x000002cb       0x37 C:\Users\luca10\Desktop\EMbebidos\Workspace-TPSSE-FINAL\lpc_chip_43xx\Debug\liblpc_chip_43xx.a(uart_18xx_43xx.o)
 .ARM.attributes
                0x00000302       0x37 c:/nxp/lpcxpresso_8.2.2_650/lpcxpresso/tools/bin/../lib/gcc/arm-none-eabi/5.4.1/../../../../arm-none-eabi/lib/armv7e-m/softfp\libcr_nohost.a(_cr__main.o)
 .ARM.attributes
                0x00000339       0x37 c:/nxp/lpcxpresso_8.2.2_650/lpcxpresso/tools/bin/../lib/gcc/arm-none-eabi/5.4.1/../../../../arm-none-eabi/lib/armv7e-m/softfp\libcr_c.a(memset.o)
 .ARM.attributes
                0x00000370       0x37 c:/nxp/lpcxpresso_8.2.2_650/lpcxpresso/tools/bin/../lib/gcc/arm-none-eabi/5.4.1/../../../../arm-none-eabi/lib/armv7e-m/softfp\libcr_c.a(initio.o)
 .ARM.attributes
                0x000003a7       0x37 c:/nxp/lpcxpresso_8.2.2_650/lpcxpresso/tools/bin/../lib/gcc/arm-none-eabi/5.4.1/../../../../arm-none-eabi/lib/armv7e-m/softfp\libcr_c.a(setvbuf.o)
 .ARM.attributes
                0x000003de       0x37 c:/nxp/lpcxpresso_8.2.2_650/lpcxpresso/tools/bin/../lib/gcc/arm-none-eabi/5.4.1/../../../../arm-none-eabi/lib/armv7e-m/softfp\libcr_c.a(stdio.o)
 .ARM.attributes
                0x00000415       0x37 c:/nxp/lpcxpresso_8.2.2_650/lpcxpresso/tools/bin/../lib/gcc/arm-none-eabi/5.4.1/../../../../arm-none-eabi/lib/armv7e-m/softfp\libcr_c.a(_deferredlazyseek.o)
 .ARM.attributes
                0x0000044c       0x37 c:/nxp/lpcxpresso_8.2.2_650/lpcxpresso/tools/bin/../lib/gcc/arm-none-eabi/5.4.1/../../../../arm-none-eabi/lib/armv7e-m/softfp\libcr_c.a(_fdopen.o)
 .ARM.attributes
                0x00000483       0x37 c:/nxp/lpcxpresso_8.2.2_650/lpcxpresso/tools/bin/../lib/gcc/arm-none-eabi/5.4.1/../../../../arm-none-eabi/lib/armv7e-m/softfp\libcr_c.a(_fflush.o)
 .ARM.attributes
                0x000004ba       0x37 c:/nxp/lpcxpresso_8.2.2_650/lpcxpresso/tools/bin/../lib/gcc/arm-none-eabi/5.4.1/../../../../arm-none-eabi/lib/armv7e-m/softfp\libcr_c.a(_writebuf.o)
 .ARM.attributes
                0x000004f1       0x37 c:/nxp/lpcxpresso_8.2.2_650/lpcxpresso/tools/bin/../lib/gcc/arm-none-eabi/5.4.1/../../../../arm-none-eabi/lib/armv7e-m/softfp\libcr_c.a(alloc.o)
 .ARM.attributes
                0x00000528       0x37 c:/nxp/lpcxpresso_8.2.2_650/lpcxpresso/tools/bin/../lib/gcc/arm-none-eabi/5.4.1/../../../../arm-none-eabi/lib/armv7e-m/softfp\libcr_c.a(fclose.o)
 .ARM.attributes
                0x0000055f       0x37 c:/nxp/lpcxpresso_8.2.2_650/lpcxpresso/tools/bin/../lib/gcc/arm-none-eabi/5.4.1/../../../../arm-none-eabi/lib/armv7e-m/softfp\libcr_c.a(fflush.o)
 .ARM.attributes
                0x00000596       0x37 c:/nxp/lpcxpresso_8.2.2_650/lpcxpresso/tools/bin/../lib/gcc/arm-none-eabi/5.4.1/../../../../arm-none-eabi/lib/armv7e-m/softfp\libcr_c.a(fseek.o)
 .ARM.attributes
                0x000005cd       0x37 c:/nxp/lpcxpresso_8.2.2_650/lpcxpresso/tools/bin/../lib/gcc/arm-none-eabi/5.4.1/../../../../arm-none-eabi/lib/armv7e-m/softfp\libcr_c.a(ftell.o)
 .ARM.attributes
                0x00000604       0x37 c:/nxp/lpcxpresso_8.2.2_650/lpcxpresso/tools/bin/../lib/gcc/arm-none-eabi/5.4.1/../../../../arm-none-eabi/lib/armv7e-m/softfp\libcr_c.a(remove.o)
 .ARM.attributes
                0x0000063b       0x37 c:/nxp/lpcxpresso_8.2.2_650/lpcxpresso/tools/bin/../lib/gcc/arm-none-eabi/5.4.1/../../../../arm-none-eabi/lib/armv7e-m/softfp\libcr_c.a(strlen.o)
 .ARM.attributes
                0x00000672       0x37 c:/nxp/lpcxpresso_8.2.2_650/lpcxpresso/tools/bin/../lib/gcc/arm-none-eabi/5.4.1/../../../../arm-none-eabi/lib/armv7e-m/softfp\libcr_c.a(__init_alloc.o)
 .ARM.attributes
                0x000006a9       0x37 c:/nxp/lpcxpresso_8.2.2_650/lpcxpresso/tools/bin/../lib/gcc/arm-none-eabi/5.4.1/../../../../arm-none-eabi/lib/armv7e-m/softfp\libcr_c.a(_cr_sbrk.o)
 .ARM.attributes
                0x000006e0       0x37 c:/nxp/lpcxpresso_8.2.2_650/lpcxpresso/tools/bin/../lib/gcc/arm-none-eabi/5.4.1/../../../../arm-none-eabi/lib/armv7e-m/softfp\libcr_c.a(_do_fflush.o)
 .ARM.attributes
                0x00000717       0x37 c:/nxp/lpcxpresso_8.2.2_650/lpcxpresso/tools/bin/../lib/gcc/arm-none-eabi/5.4.1/../../../../arm-none-eabi/lib/armv7e-m/softfp\libcr_c.a(errno.o)
 .ARM.attributes
                0x0000074e       0x37 c:/nxp/lpcxpresso_8.2.2_650/lpcxpresso/tools/bin/../lib/gcc/arm-none-eabi/5.4.1/../../../../arm-none-eabi/lib/armv7e-m/softfp\libcr_c.a(_cr_check_heap.o)
 .ARM.attributes
                0x00000785       0x25 c:/nxp/lpcxpresso_8.2.2_650/lpcxpresso/tools/bin/../lib/gcc/arm-none-eabi/5.4.1/armv7e-m/softfp\libcr_eabihelpers.a(division_64.o)
 .ARM.attributes
                0x000007aa       0x25 c:/nxp/lpcxpresso_8.2.2_650/lpcxpresso/tools/bin/../lib/gcc/arm-none-eabi/5.4.1/armv7e-m/softfp\libcr_eabihelpers.a(division_idiv0.o)
 .ARM.attributes
                0x000007cf       0x25 c:/nxp/lpcxpresso_8.2.2_650/lpcxpresso/tools/bin/../lib/gcc/arm-none-eabi/5.4.1/armv7e-m/softfp\libcr_eabihelpers.a(memcpy.o)
 .ARM.attributes
                0x000007f4       0x37 c:/nxp/lpcxpresso_8.2.2_650/lpcxpresso/tools/bin/../lib/gcc/arm-none-eabi/5.4.1/../../../../arm-none-eabi/lib/armv7e-m/softfp\libcr_nohost.a(__sys_appexit.o)
 .ARM.attributes
                0x0000082b       0x37 c:/nxp/lpcxpresso_8.2.2_650/lpcxpresso/tools/bin/../lib/gcc/arm-none-eabi/5.4.1/../../../../arm-none-eabi/lib/armv7e-m/softfp\libcr_nohost.a(__sys_close.o)
 .ARM.attributes
                0x00000862       0x37 c:/nxp/lpcxpresso_8.2.2_650/lpcxpresso/tools/bin/../lib/gcc/arm-none-eabi/5.4.1/../../../../arm-none-eabi/lib/armv7e-m/softfp\libcr_nohost.a(__sys_flen.o)
 .ARM.attributes
                0x00000899       0x37 c:/nxp/lpcxpresso_8.2.2_650/lpcxpresso/tools/bin/../lib/gcc/arm-none-eabi/5.4.1/../../../../arm-none-eabi/lib/armv7e-m/softfp\libcr_nohost.a(__sys_istty.o)
 .ARM.attributes
                0x000008d0       0x37 c:/nxp/lpcxpresso_8.2.2_650/lpcxpresso/tools/bin/../lib/gcc/arm-none-eabi/5.4.1/../../../../arm-none-eabi/lib/armv7e-m/softfp\libcr_nohost.a(__sys_remove.o)
 .ARM.attributes
                0x00000907       0x37 c:/nxp/lpcxpresso_8.2.2_650/lpcxpresso/tools/bin/../lib/gcc/arm-none-eabi/5.4.1/../../../../arm-none-eabi/lib/armv7e-m/softfp\libcr_nohost.a(__sys_seek.o)
 .ARM.attributes
                0x0000093e       0x37 c:/nxp/lpcxpresso_8.2.2_650/lpcxpresso/tools/bin/../lib/gcc/arm-none-eabi/5.4.1/../../../../arm-none-eabi/lib/armv7e-m/softfp\libcr_nohost.a(__sys_tmpnam.o)

.debug_frame    0x00000000     0x1df0
 .debug_frame   0x00000000      0x170 ./example/src/cr_startup_lpc43xx.o
 .debug_frame   0x00000170      0x3a8 ./example/src/statechart.o
 .debug_frame   0x00000518       0x34 ./example/src/sysinit.o
 .debug_frame   0x0000054c      0x634 C:\Users\luca10\Desktop\EMbebidos\Workspace-TPSSE-FINAL\lpc_board_nxp_lpcxpresso_4337\Debug\liblpc_board_nxp_lpcxpresso_4337.a(board.o)
 .debug_frame   0x00000b80       0xe4 C:\Users\luca10\Desktop\EMbebidos\Workspace-TPSSE-FINAL\lpc_board_nxp_lpcxpresso_4337\Debug\liblpc_board_nxp_lpcxpresso_4337.a(board_sysinit.o)
 .debug_frame   0x00000c64       0xa0 C:\Users\luca10\Desktop\EMbebidos\Workspace-TPSSE-FINAL\lpc_chip_43xx\Debug\liblpc_chip_43xx.a(chip_18xx_43xx.o)
 .debug_frame   0x00000d04      0x568 C:\Users\luca10\Desktop\EMbebidos\Workspace-TPSSE-FINAL\lpc_chip_43xx\Debug\liblpc_chip_43xx.a(clock_18xx_43xx.o)
 .debug_frame   0x0000126c       0x38 C:\Users\luca10\Desktop\EMbebidos\Workspace-TPSSE-FINAL\lpc_chip_43xx\Debug\liblpc_chip_43xx.a(fpu_init.o)
 .debug_frame   0x000012a4      0x198 C:\Users\luca10\Desktop\EMbebidos\Workspace-TPSSE-FINAL\lpc_chip_43xx\Debug\liblpc_chip_43xx.a(gpio_18xx_43xx.o)
 .debug_frame   0x0000143c      0x214 C:\Users\luca10\Desktop\EMbebidos\Workspace-TPSSE-FINAL\lpc_chip_43xx\Debug\liblpc_chip_43xx.a(rtc_18xx_43xx.o)
 .debug_frame   0x00001650       0xa8 C:\Users\luca10\Desktop\EMbebidos\Workspace-TPSSE-FINAL\lpc_chip_43xx\Debug\liblpc_chip_43xx.a(sct_18xx_43xx.o)
 .debug_frame   0x000016f8      0x120 C:\Users\luca10\Desktop\EMbebidos\Workspace-TPSSE-FINAL\lpc_chip_43xx\Debug\liblpc_chip_43xx.a(sct_pwm_18xx_43xx.o)
 .debug_frame   0x00001818       0xf4 C:\Users\luca10\Desktop\EMbebidos\Workspace-TPSSE-FINAL\lpc_chip_43xx\Debug\liblpc_chip_43xx.a(sysinit_18xx_43xx.o)
 .debug_frame   0x0000190c      0x4e4 C:\Users\luca10\Desktop\EMbebidos\Workspace-TPSSE-FINAL\lpc_chip_43xx\Debug\liblpc_chip_43xx.a(uart_18xx_43xx.o)
