Archive member included to satisfy reference by file (symbol)

C:\Users\luca10\Desktop\EMbebidos\Workspace-TPSSE-FINAL\lpc_board_nxp_lpcxpresso_4337\Debug\liblpc_board_nxp_lpcxpresso_4337.a(board.o)
                              ./example/src/statechart.o (Board_Init)
C:\Users\luca10\Desktop\EMbebidos\Workspace-TPSSE-FINAL\lpc_board_nxp_lpcxpresso_4337\Debug\liblpc_board_nxp_lpcxpresso_4337.a(board_sysinit.o)
                              ./example/src/sysinit.o (Board_SystemInit)
C:\Users\luca10\Desktop\EMbebidos\Workspace-TPSSE-FINAL\lpc_board_nxp_lpcxpresso_4337\Debug\liblpc_board_nxp_lpcxpresso_4337.a(wm8904.o)
                              C:\Users\luca10\Desktop\EMbebidos\Workspace-TPSSE-FINAL\lpc_board_nxp_lpcxpresso_4337\Debug\liblpc_board_nxp_lpcxpresso_4337.a(board.o) (WM8904_Init)
C:\Users\luca10\Desktop\EMbebidos\Workspace-TPSSE-FINAL\lpc_chip_43xx\Debug\liblpc_chip_43xx.a(chip_18xx_43xx.o)
                              ./example/src/statechart.o (SystemCoreClock)
C:\Users\luca10\Desktop\EMbebidos\Workspace-TPSSE-FINAL\lpc_chip_43xx\Debug\liblpc_chip_43xx.a(clock_18xx_43xx.o)
                              C:\Users\luca10\Desktop\EMbebidos\Workspace-TPSSE-FINAL\lpc_chip_43xx\Debug\liblpc_chip_43xx.a(chip_18xx_43xx.o) (Chip_Clock_GetClockInputHz)
C:\Users\luca10\Desktop\EMbebidos\Workspace-TPSSE-FINAL\lpc_chip_43xx\Debug\liblpc_chip_43xx.a(fpu_init.o)
                              ./example/src/sysinit.o (fpuInit)
C:\Users\luca10\Desktop\EMbebidos\Workspace-TPSSE-FINAL\lpc_chip_43xx\Debug\liblpc_chip_43xx.a(gpio_18xx_43xx.o)
                              C:\Users\luca10\Desktop\EMbebidos\Workspace-TPSSE-FINAL\lpc_board_nxp_lpcxpresso_4337\Debug\liblpc_board_nxp_lpcxpresso_4337.a(board.o) (Chip_GPIO_Init)
C:\Users\luca10\Desktop\EMbebidos\Workspace-TPSSE-FINAL\lpc_chip_43xx\Debug\liblpc_chip_43xx.a(i2c_18xx_43xx.o)
                              C:\Users\luca10\Desktop\EMbebidos\Workspace-TPSSE-FINAL\lpc_board_nxp_lpcxpresso_4337\Debug\liblpc_board_nxp_lpcxpresso_4337.a(wm8904.o) (Chip_I2C_EventHandlerPolling)
C:\Users\luca10\Desktop\EMbebidos\Workspace-TPSSE-FINAL\lpc_chip_43xx\Debug\liblpc_chip_43xx.a(iap_18xx_43xx.o)
                              ./example/src/Rom.o (Chip_IAP_PreSectorForReadWrite)
C:\Users\luca10\Desktop\EMbebidos\Workspace-TPSSE-FINAL\lpc_chip_43xx\Debug\liblpc_chip_43xx.a(rtc_18xx_43xx.o)
                              ./example/src/statechart.o (Chip_RTC_Init)
C:\Users\luca10\Desktop\EMbebidos\Workspace-TPSSE-FINAL\lpc_chip_43xx\Debug\liblpc_chip_43xx.a(sct_18xx_43xx.o)
                              ./example/src/statechart.o (Chip_SCT_Init)
C:\Users\luca10\Desktop\EMbebidos\Workspace-TPSSE-FINAL\lpc_chip_43xx\Debug\liblpc_chip_43xx.a(sct_pwm_18xx_43xx.o)
                              ./example/src/statechart.o (Chip_SCTPWM_SetOutPin)
C:\Users\luca10\Desktop\EMbebidos\Workspace-TPSSE-FINAL\lpc_chip_43xx\Debug\liblpc_chip_43xx.a(ssp_18xx_43xx.o)
                              C:\Users\luca10\Desktop\EMbebidos\Workspace-TPSSE-FINAL\lpc_board_nxp_lpcxpresso_4337\Debug\liblpc_board_nxp_lpcxpresso_4337.a(board.o) (Chip_SSP_WriteFrames_Blocking)
C:\Users\luca10\Desktop\EMbebidos\Workspace-TPSSE-FINAL\lpc_chip_43xx\Debug\liblpc_chip_43xx.a(sysinit_18xx_43xx.o)
                              C:\Users\luca10\Desktop\EMbebidos\Workspace-TPSSE-FINAL\lpc_board_nxp_lpcxpresso_4337\Debug\liblpc_board_nxp_lpcxpresso_4337.a(board_sysinit.o) (Chip_SetupCoreClock)
C:\Users\luca10\Desktop\EMbebidos\Workspace-TPSSE-FINAL\lpc_chip_43xx\Debug\liblpc_chip_43xx.a(uart_18xx_43xx.o)
                              C:\Users\luca10\Desktop\EMbebidos\Workspace-TPSSE-FINAL\lpc_board_nxp_lpcxpresso_4337\Debug\liblpc_board_nxp_lpcxpresso_4337.a(board.o) (Chip_UART_Init)
C:\Users\luca10\Desktop\EMbebidos\Workspace-TPSSE-FINAL\lpc_chip_43xx\Debug\liblpc_chip_43xx.a(ring_buffer.o)
                              C:\Users\luca10\Desktop\EMbebidos\Workspace-TPSSE-FINAL\lpc_chip_43xx\Debug\liblpc_chip_43xx.a(uart_18xx_43xx.o) (RingBuffer_Insert)
c:/nxp/lpcxpresso_8.2.2_650/lpcxpresso/tools/bin/../lib/gcc/arm-none-eabi/5.4.1/../../../../arm-none-eabi/lib/armv7e-m/softfp\libcr_nohost.a(_cr__main.o)
                              ./example/src/cr_startup_lpc43xx.o (__main)
c:/nxp/lpcxpresso_8.2.2_650/lpcxpresso/tools/bin/../lib/gcc/arm-none-eabi/5.4.1/../../../../arm-none-eabi/lib/armv7e-m/softfp\libcr_c.a(memcpy.o)
                              C:\Users\luca10\Desktop\EMbebidos\Workspace-TPSSE-FINAL\lpc_board_nxp_lpcxpresso_4337\Debug\liblpc_board_nxp_lpcxpresso_4337.a(board.o) (memcpy)
c:/nxp/lpcxpresso_8.2.2_650/lpcxpresso/tools/bin/../lib/gcc/arm-none-eabi/5.4.1/../../../../arm-none-eabi/lib/armv7e-m/softfp\libcr_c.a(memset.o)
                              C:\Users\luca10\Desktop\EMbebidos\Workspace-TPSSE-FINAL\lpc_chip_43xx\Debug\liblpc_chip_43xx.a(clock_18xx_43xx.o) (memset)
[...]
Memory Configuration

Name             Origin             Length             Attributes
MFlashA512       0x1a000000         0x00080000         xr
MFlashB512       0x1b000000         0x00080000         xr
RamLoc32         0x10000000         0x00008000         xrw
RamLoc40         0x10080000         0x0000a000         xrw
RamAHB32         0x20000000         0x00008000         xrw
RamAHB16         0x20008000         0x00004000         xrw
RamAHB_ETB16     0x2000c000         0x00004000         xrw
*default*        0x00000000         0xffffffff

Linker script and memory map

LOAD ./example/src/src-gen/Prefix.o
LOAD ./example/src/Rom.o
LOAD ./example/src/TimerTicks.o
LOAD ./example/src/cr_startup_lpc43xx.o
LOAD ./example/src/statechart.o
LOAD ./example/src/sysinit.o
LOAD C:\Users\luca10\Desktop\EMbebidos\Workspace-TPSSE-FINAL\lpc_board_nxp_lpcxpresso_4337\Debug\liblpc_board_nxp_lpcxpresso_4337.a
LOAD C:\Users\luca10\Desktop\EMbebidos\Workspace-TPSSE-FINAL\lpc_chip_43xx\Debug\liblpc_chip_43xx.a
START GROUP
LOAD c:/nxp/lpcxpresso_8.2.2_650/lpcxpresso/tools/bin/../lib/gcc/arm-none-eabi/5.4.1/../../../../arm-none-eabi/lib/armv7e-m/softfp\libcr_nohost.a
LOAD c:/nxp/lpcxpresso_8.2.2_650/lpcxpresso/tools/bin/../lib/gcc/arm-none-eabi/5.4.1/../../../../arm-none-eabi/lib/armv7e-m/softfp\libcr_c.a
LOAD c:/nxp/lpcxpresso_8.2.2_650/lpcxpresso/tools/bin/../lib/gcc/arm-none-eabi/5.4.1/armv7e-m/softfp\libcr_eabihelpers.a
END GROUP
                0x1a000000                __base_MFlashA512 = 0x1a000000
                0x1a000000                __base_Flash = 0x1a000000
                0x1a080000                __top_MFlashA512 = 0x1a080000
                0x1a080000                __top_Flash = 0x1a080000
                0x1b000000                __base_MFlashB512 = 0x1b000000
                0x1b000000                __base_Flash2 = 0x1b000000
                0x1b080000                __top_MFlashB512 = 0x1b080000
                0x1b080000                __top_Flash2 = 0x1b080000
                0x10000000                __base_RamLoc32 = 0x10000000
                0x10000000                __base_RAM = 0x10000000
                0x10008000                __top_RamLoc32 = 0x10008000
                0x10008000                __top_RAM = 0x10008000
                0x10080000                __base_RamLoc40 = 0x10080000
                0x10080000                __base_RAM2 = 0x10080000
                0x1008a000                __top_RamLoc40 = 0x1008a000
                0x1008a000                __top_RAM2 = 0x1008a000
                0x20000000                __base_RamAHB32 = 0x20000000
                0x20000000                __base_RAM3 = 0x20000000
                0x20008000                __top_RamAHB32 = 0x20008000
                0x20008000                __top_RAM3 = 0x20008000
                0x20008000                __base_RamAHB16 = 0x20008000
                0x20008000                __base_RAM4 = 0x20008000
                0x2000c000                __top_RamAHB16 = 0x2000c000
                0x2000c000                __top_RAM4 = 0x2000c000
                0x2000c000                __base_RamAHB_ETB16 = 0x2000c000
                0x2000c000                __base_RAM5 = 0x2000c000
                0x20010000                __top_RamAHB_ETB16 = 0x20010000
                0x20010000                __top_RAM5 = 0x20010000

.text_Flash2    0x1b000000        0x0
 FILL mask 0xff
 *(.text_Flash2*)
 *(.text_MFlashB512*)
 *(.text.$Flash2*)
 *(.text.$MFlashB512*)
 *(.rodata.$Flash2*)
 *(.rodata.$MFlashB512*)

.text           0x1a000000     0x2f4c
 FILL mask 0xff
                0x1a000000                __vectors_start__ = ABSOLUTE (.)
 *(.isr_vector)
 .isr_vector    0x1a000000      0x114 ./example/src/cr_startup_lpc43xx.o
                0x1a000000                g_pfnVectors
                0x1a000114                . = ALIGN (0x4)
                0x1a000114                __section_table_start = .
                0x1a000114                __data_section_table = .
                0x1a000114        0x4 LONG 0x1a002f4c LOADADDR (.data)
                0x1a000118        0x4 LONG 0x10000000 ADDR (.data)
                0x1a00011c        0x4 LONG 0x0 SIZEOF (.data)
                0x1a000120        0x4 LONG 0x1a002f4c LOADADDR (.data_RAM2)
                0x1a000124        0x4 LONG 0x10080000 ADDR (.data_RAM2)
                0x1a000128        0x4 LONG 0x0 SIZEOF (.data_RAM2)
                0x1a00012c        0x4 LONG 0x1a002f4c LOADADDR (.data_RAM3)
                0x1a000130        0x4 LONG 0x20000000 ADDR (.data_RAM3)
                0x1a000134        0x4 LONG 0x0 SIZEOF (.data_RAM3)
                0x1a000138        0x4 LONG 0x1a002f4c LOADADDR (.data_RAM4)
                0x1a00013c        0x4 LONG 0x20008000 ADDR (.data_RAM4)
                0x1a000140        0x4 LONG 0x0 SIZEOF (.data_RAM4)
                0x1a000144        0x4 LONG 0x1a002f4c LOADADDR (.data_RAM5)
                0x1a000148        0x4 LONG 0x2000c000 ADDR (.data_RAM5)
                0x1a00014c        0x4 LONG 0x0 SIZEOF (.data_RAM5)
                0x1a000150                __data_section_table_end = .
                0x1a000150                __bss_section_table = .
                0x1a000150        0x4 LONG 0x10000000 ADDR (.bss)
                0x1a000154        0x4 LONG 0x164 SIZEOF (.bss)
                0x1a000158        0x4 LONG 0x10080000 ADDR (.bss_RAM2)
                0x1a00015c        0x4 LONG 0x0 SIZEOF (.bss_RAM2)
                0x1a000160        0x4 LONG 0x20000000 ADDR (.bss_RAM3)
                0x1a000164        0x4 LONG 0x0 SIZEOF (.bss_RAM3)
                0x1a000168        0x4 LONG 0x20008000 ADDR (.bss_RAM4)
                0x1a00016c        0x4 LONG 0x0 SIZEOF (.bss_RAM4)
                0x1a000170        0x4 LONG 0x2000c000 ADDR (.bss_RAM5)
                0x1a000174        0x4 LONG 0x0 SIZEOF (.bss_RAM5)
                0x1a000178                __bss_section_table_end = .
                0x1a000178                __section_table_end = .
 *(.after_vectors*)
 .after_vectors
                0x1a000178       0xcc ./example/src/cr_startup_lpc43xx.o
                0x1a000178                data_init
                0x1a0001bc                bss_init
                0x1a0001f4                NMI_Handler
                0x1a0001fc                HardFault_Handler
                0x1a000204                MemManage_Handler
                0x1a00020c                BusFault_Handler
                0x1a000214                UsageFault_Handler
                0x1a00021c                SVC_Handler
                0x1a000224                DebugMon_Handler
                0x1a00022c                PendSV_Handler
                0x1a00023c                SDIO_IRQHandler
                0x1a00023c                I2C1_IRQHandler
                0x1a00023c                UART1_IRQHandler
                0x1a00023c                GPIO5_IRQHandler
                0x1a00023c                CAN1_IRQHandler
                0x1a00023c                USB1_IRQHandler
                0x1a00023c                I2S0_IRQHandler
                0x1a00023c                TIMER3_IRQHandler
                0x1a00023c                UART0_IRQHandler
                0x1a00023c                I2C0_IRQHandler
                0x1a00023c                SGPIO_IRQHandler
                0x1a00023c                FLASH_EEPROM_IRQHandler
                0x1a00023c                ADCHS_IRQHandler
                0x1a00023c                GPIO6_IRQHandler
                0x1a00023c                IntDefaultHandler
                0x1a00023c                GPIO1_IRQHandler
                0x1a00023c                SSP0_IRQHandler
                0x1a00023c                ADC1_IRQHandler
                0x1a00023c                TIMER0_IRQHandler
                0x1a00023c                SPI_IRQHandler
                0x1a00023c                LCD_IRQHandler
                0x1a00023c                RIT_IRQHandler
                0x1a00023c                TIMER1_IRQHandler
                0x1a00023c                UART2_IRQHandler
                0x1a00023c                GPIO2_IRQHandler
                0x1a00023c                I2S1_IRQHandler
                0x1a00023c                SSP1_IRQHandler
                0x1a00023c                USB0_IRQHandler
                0x1a00023c                GPIO3_IRQHandler
                0x1a00023c                ATIMER_IRQHandler
                0x1a00023c                WDT_IRQHandler
                0x1a00023c                ADC0_IRQHandler
                0x1a00023c                GPIO7_IRQHandler
                0x1a00023c                SPIFI_IRQHandler
                0x1a00023c                QEI_IRQHandler
                0x1a00023c                ETH_IRQHandler
                0x1a00023c                CAN0_IRQHandler
                0x1a00023c                GINT0_IRQHandler
                0x1a00023c                DAC_IRQHandler
                0x1a00023c                M0SUB_IRQHandler
                0x1a00023c                GPIO0_IRQHandler
                0x1a00023c                DMA_IRQHandler
                0x1a00023c                EVRT_IRQHandler
                0x1a00023c                TIMER2_IRQHandler
                0x1a00023c                UART3_IRQHandler
                0x1a00023c                MCPWM_IRQHandler
                0x1a00023c                M0APP_IRQHandler
                0x1a00023c                GINT1_IRQHandler
                0x1a00023c                GPIO4_IRQHandler
 *(.text*)
 .text.ResetISR
                0x1a000244       0xc4 ./example/src/cr_startup_lpc43xx.o
                0x1a000244                ResetISR
 .text.NVIC_EnableIRQ
                0x1a000308       0x34 ./example/src/statechart.o
 .text.NVIC_SetPriority
                0x1a00033c       0x54 ./example/src/statechart.o
 .text.SysTick_Config
                0x1a000390       0x44 ./example/src/statechart.o
 .text.Chip_SCU_PinMuxSet
                0x1a0003d4       0x34 ./example/src/statechart.o
 .text.Chip_RTC_ClearIntPending
                0x1a000408       0x1c ./example/src/statechart.o
 .text.Chip_RTC_GetIntPending
                0x1a000424       0x28 ./example/src/statechart.o
 .text.Chip_SCT_SetControl
                0x1a00044c       0x24 ./example/src/statechart.o
 .text.Chip_SCT_ClearControl
                0x1a000470       0x24 ./example/src/statechart.o
 .text.Chip_SCT_SetMatchReload
                0x1a000494       0x28 ./example/src/statechart.o
 .text.Chip_SCTPWM_GetTicksPerCycle
                0x1a0004bc       0x1c ./example/src/statechart.o
 .text.Chip_SCTPWM_SetDutyCycle
                0x1a0004d8       0x24 ./example/src/statechart.o
 .text.Chip_SCTPWM_Init
                0x1a0004fc       0x18 ./example/src/statechart.o
 .text.Chip_SCTPWM_Start
                0x1a000514       0x1c ./example/src/statechart.o
 .text.Chip_SCTPWM_Stop
                0x1a000530       0x24 ./example/src/statechart.o
 .text.toggle_servo
                0x1a000554       0x74 ./example/src/statechart.o
                0x1a000554                toggle_servo
 .text.toggle_flag
                0x1a0005c8       0x30 ./example/src/statechart.o
                0x1a0005c8                toggle_flag
 .text.VectorFoodInit
                0x1a0005f8      0x114 ./example/src/statechart.o
                0x1a0005f8                VectorFoodInit
 .text.set_new_alarm
                0x1a00070c       0x74 ./example/src/statechart.o
                0x1a00070c                set_new_alarm
 .text.swap     0x1a000780      0x2d4 ./example/src/statechart.o
                0x1a000780                swap
 .text.Check_Time
                0x1a000a54       0x84 ./example/src/statechart.o
                0x1a000a54                Check_Time
 .text.VectorAlarmSort
                0x1a000ad8       0x90 ./example/src/statechart.o
                0x1a000ad8                VectorAlarmSort
 .text.ServirComida
                0x1a000b68       0x94 ./example/src/statechart.o
                0x1a000b68                ServirComida
 .text.SysTick_Handler
                0x1a000bfc       0x38 ./example/src/statechart.o
                0x1a000bfc                SysTick_Handler
 .text.SCT_IRQHandler
                0x1a000c34       0x10 ./example/src/statechart.o
                0x1a000c34                SCT_IRQHandler
 .text.RTC_IRQHandler
                0x1a000c44       0x2c ./example/src/statechart.o
                0x1a000c44                RTC_IRQHandler
 .text.main     0x1a000c70      0x148 ./example/src/statechart.o
                0x1a000c70                main
 .text.SystemInit
                0x1a000db8       0x28 ./example/src/sysinit.o
                0x1a000db8                SystemInit
 .text.Chip_SCU_PinMuxSet
                0x1a000de0       0x34 C:\Users\luca10\Desktop\EMbebidos\Workspace-TPSSE-FINAL\lpc_board_nxp_lpcxpresso_4337\Debug\liblpc_board_nxp_lpcxpresso_4337.a(board.o)
 .text.Chip_ENET_RMIIEnable
                0x1a000e14       0x28 C:\Users\luca10\Desktop\EMbebidos\Workspace-TPSSE-FINAL\lpc_board_nxp_lpcxpresso_4337\Debug\liblpc_board_nxp_lpcxpresso_4337.a(board.o)
 .text.Chip_GPIO_SetPinState
                0x1a000e3c       0x38 C:\Users\luca10\Desktop\EMbebidos\Workspace-TPSSE-FINAL\lpc_board_nxp_lpcxpresso_4337\Debug\liblpc_board_nxp_lpcxpresso_4337.a(board.o)
 .text.Chip_GPIO_SetPinDIROutput
                0x1a000e74       0x40 C:\Users\luca10\Desktop\EMbebidos\Workspace-TPSSE-FINAL\lpc_board_nxp_lpcxpresso_4337\Debug\liblpc_board_nxp_lpcxpresso_4337.a(board.o)
 .text.Chip_GPIO_SetPinDIRInput
                0x1a000eb4       0x40 C:\Users\luca10\Desktop\EMbebidos\Workspace-TPSSE-FINAL\lpc_board_nxp_lpcxpresso_4337\Debug\liblpc_board_nxp_lpcxpresso_4337.a(board.o)
 .text.Chip_UART_TXEnable
                0x1a000ef4       0x1c C:\Users\luca10\Desktop\EMbebidos\Workspace-TPSSE-FINAL\lpc_board_nxp_lpcxpresso_4337\Debug\liblpc_board_nxp_lpcxpresso_4337.a(board.o)
 .text.Chip_UART_SendByte
                0x1a000f10       0x20 C:\Users\luca10\Desktop\EMbebidos\Workspace-TPSSE-FINAL\lpc_board_nxp_lpcxpresso_4337\Debug\liblpc_board_nxp_lpcxpresso_4337.a(board.o)
 .text.Chip_UART_ConfigData
                0x1a000f30       0x1c C:\Users\luca10\Desktop\EMbebidos\Workspace-TPSSE-FINAL\lpc_board_nxp_lpcxpresso_4337\Debug\liblpc_board_nxp_lpcxpresso_4337.a(board.o)
 .text.Chip_UART_ReadLineStatus
                0x1a000f4c       0x18 C:\Users\luca10\Desktop\EMbebidos\Workspace-TPSSE-FINAL\lpc_board_nxp_lpcxpresso_4337\Debug\liblpc_board_nxp_lpcxpresso_4337.a(board.o)
 .text.__sys_write
                0x1a000f64       0x38 C:\Users\luca10\Desktop\EMbebidos\Workspace-TPSSE-FINAL\lpc_board_nxp_lpcxpresso_4337\Debug\liblpc_board_nxp_lpcxpresso_4337.a(board.o)
                0x1a000f64                __sys_write
 .text.Board_UART_Init
                0x1a000f9c       0x24 C:\Users\luca10\Desktop\EMbebidos\Workspace-TPSSE-FINAL\lpc_board_nxp_lpcxpresso_4337\Debug\liblpc_board_nxp_lpcxpresso_4337.a(board.o)
                0x1a000f9c                Board_UART_Init
 .text.Board_Debug_Init
                0x1a000fc0       0x30 C:\Users\luca10\Desktop\EMbebidos\Workspace-TPSSE-FINAL\lpc_board_nxp_lpcxpresso_4337\Debug\liblpc_board_nxp_lpcxpresso_4337.a(board.o)
                0x1a000fc0                Board_Debug_Init
 .text.Board_UARTPutChar
                0x1a000ff0       0x34 C:\Users\luca10\Desktop\EMbebidos\Workspace-TPSSE-FINAL\lpc_board_nxp_lpcxpresso_4337\Debug\liblpc_board_nxp_lpcxpresso_4337.a(board.o)
                0x1a000ff0                Board_UARTPutChar
 .text.Board_LED_Init
                0x1a001024       0x5c C:\Users\luca10\Desktop\EMbebidos\Workspace-TPSSE-FINAL\lpc_board_nxp_lpcxpresso_4337\Debug\liblpc_board_nxp_lpcxpresso_4337.a(board.o)
 .text.Board_Buttons_Init
                0x1a001080       0x44 C:\Users\luca10\Desktop\EMbebidos\Workspace-TPSSE-FINAL\lpc_board_nxp_lpcxpresso_4337\Debug\liblpc_board_nxp_lpcxpresso_4337.a(board.o)
                0x1a001080                Board_Buttons_Init
 .text.Board_Init
                0x1a0010c4       0x28 C:\Users\luca10\Desktop\EMbebidos\Workspace-TPSSE-FINAL\lpc_board_nxp_lpcxpresso_4337\Debug\liblpc_board_nxp_lpcxpresso_4337.a(board.o)
                0x1a0010c4                Board_Init
 .text.Chip_SCU_PinMuxSet
                0x1a0010ec       0x34 C:\Users\luca10\Desktop\EMbebidos\Workspace-TPSSE-FINAL\lpc_board_nxp_lpcxpresso_4337\Debug\liblpc_board_nxp_lpcxpresso_4337.a(board_sysinit.o)
 .text.Chip_SCU_SetPinMuxing
                0x1a001120       0x4c C:\Users\luca10\Desktop\EMbebidos\Workspace-TPSSE-FINAL\lpc_board_nxp_lpcxpresso_4337\Debug\liblpc_board_nxp_lpcxpresso_4337.a(board_sysinit.o)
 .text.Chip_CREG_SetFlashAcceleration
                0x1a00116c       0x54 C:\Users\luca10\Desktop\EMbebidos\Workspace-TPSSE-FINAL\lpc_board_nxp_lpcxpresso_4337\Debug\liblpc_board_nxp_lpcxpresso_4337.a(board_sysinit.o)
 .text.Board_SetupMuxing
                0x1a0011c0       0x14 C:\Users\luca10\Desktop\EMbebidos\Workspace-TPSSE-FINAL\lpc_board_nxp_lpcxpresso_4337\Debug\liblpc_board_nxp_lpcxpresso_4337.a(board_sysinit.o)
                0x1a0011c0                Board_SetupMuxing
 .text.Board_SetupClocking
                0x1a0011d4       0x84 C:\Users\luca10\Desktop\EMbebidos\Workspace-TPSSE-FINAL\lpc_board_nxp_lpcxpresso_4337\Debug\liblpc_board_nxp_lpcxpresso_4337.a(board_sysinit.o)
                0x1a0011d4                Board_SetupClocking
 .text.Board_SystemInit
                0x1a001258       0x10 C:\Users\luca10\Desktop\EMbebidos\Workspace-TPSSE-FINAL\lpc_board_nxp_lpcxpresso_4337\Debug\liblpc_board_nxp_lpcxpresso_4337.a(board_sysinit.o)
                0x1a001258                Board_SystemInit
 .text.SystemCoreClockUpdate
                0x1a001268       0x18 C:\Users\luca10\Desktop\EMbebidos\Workspace-TPSSE-FINAL\lpc_chip_43xx\Debug\liblpc_chip_43xx.a(chip_18xx_43xx.o)
                0x1a001268                SystemCoreClockUpdate
 .text.ABS      0x1a001280       0x24 C:\Users\luca10\Desktop\EMbebidos\Workspace-TPSSE-FINAL\lpc_chip_43xx\Debug\liblpc_chip_43xx.a(clock_18xx_43xx.o)
 .text.pll_calc_divs
                0x1a0012a4      0x124 C:\Users\luca10\Desktop\EMbebidos\Workspace-TPSSE-FINAL\lpc_chip_43xx\Debug\liblpc_chip_43xx.a(clock_18xx_43xx.o)
 .text.pll_get_frac
                0x1a0013c8      0x178 C:\Users\luca10\Desktop\EMbebidos\Workspace-TPSSE-FINAL\lpc_chip_43xx\Debug\liblpc_chip_43xx.a(clock_18xx_43xx.o)
 .text.Chip_Clock_GetDivRate
                0x1a001540       0x40 C:\Users\luca10\Desktop\EMbebidos\Workspace-TPSSE-FINAL\lpc_chip_43xx\Debug\liblpc_chip_43xx.a(clock_18xx_43xx.o)
 .text.Chip_Clock_FindBaseClock
                0x1a001580       0x90 C:\Users\luca10\Desktop\EMbebidos\Workspace-TPSSE-FINAL\lpc_chip_43xx\Debug\liblpc_chip_43xx.a(clock_18xx_43xx.o)
 .text.Chip_Clock_EnableCrystal
                0x1a001610       0x70 C:\Users\luca10\Desktop\EMbebidos\Workspace-TPSSE-FINAL\lpc_chip_43xx\Debug\liblpc_chip_43xx.a(clock_18xx_43xx.o)
                0x1a001610                Chip_Clock_EnableCrystal
 .text.Chip_Clock_CalcMainPLLValue
                0x1a001680       0xd8 C:\Users\luca10\Desktop\EMbebidos\Workspace-TPSSE-FINAL\lpc_chip_43xx\Debug\liblpc_chip_43xx.a(clock_18xx_43xx.o)
                0x1a001680                Chip_Clock_CalcMainPLLValue
 .text.Chip_Clock_GetMainPLLHz
                0x1a001758       0xc0 C:\Users\luca10\Desktop\EMbebidos\Workspace-TPSSE-FINAL\lpc_chip_43xx\Debug\liblpc_chip_43xx.a(clock_18xx_43xx.o)
                0x1a001758                Chip_Clock_GetMainPLLHz
 .text.Chip_Clock_GetDividerSource
                0x1a001818       0x40 C:\Users\luca10\Desktop\EMbebidos\Workspace-TPSSE-FINAL\lpc_chip_43xx\Debug\liblpc_chip_43xx.a(clock_18xx_43xx.o)
                0x1a001818                Chip_Clock_GetDividerSource
 .text.Chip_Clock_GetDividerDivisor
                0x1a001858       0x38 C:\Users\luca10\Desktop\EMbebidos\Workspace-TPSSE-FINAL\lpc_chip_43xx\Debug\liblpc_chip_43xx.a(clock_18xx_43xx.o)
                0x1a001858                Chip_Clock_GetDividerDivisor
 .text.Chip_Clock_GetClockInputHz
                0x1a001890      0x140 C:\Users\luca10\Desktop\EMbebidos\Workspace-TPSSE-FINAL\lpc_chip_43xx\Debug\liblpc_chip_43xx.a(clock_18xx_43xx.o)
                0x1a001890                Chip_Clock_GetClockInputHz
 .text.Chip_Clock_GetBaseClocktHz
                0x1a0019d0       0x24 C:\Users\luca10\Desktop\EMbebidos\Workspace-TPSSE-FINAL\lpc_chip_43xx\Debug\liblpc_chip_43xx.a(clock_18xx_43xx.o)
                0x1a0019d0                Chip_Clock_GetBaseClocktHz
 .text.Chip_Clock_SetBaseClock
                0x1a0019f4       0x9c C:\Users\luca10\Desktop\EMbebidos\Workspace-TPSSE-FINAL\lpc_chip_43xx\Debug\liblpc_chip_43xx.a(clock_18xx_43xx.o)
                0x1a0019f4                Chip_Clock_SetBaseClock
 .text.Chip_Clock_GetBaseClock
                0x1a001a90       0x4c C:\Users\luca10\Desktop\EMbebidos\Workspace-TPSSE-FINAL\lpc_chip_43xx\Debug\liblpc_chip_43xx.a(clock_18xx_43xx.o)
                0x1a001a90                Chip_Clock_GetBaseClock
 .text.Chip_Clock_EnableOpts
                0x1a001adc       0x7c C:\Users\luca10\Desktop\EMbebidos\Workspace-TPSSE-FINAL\lpc_chip_43xx\Debug\liblpc_chip_43xx.a(clock_18xx_43xx.o)
                0x1a001adc                Chip_Clock_EnableOpts
 .text.Chip_Clock_RTCEnable
                0x1a001b58       0x2c C:\Users\luca10\Desktop\EMbebidos\Workspace-TPSSE-FINAL\lpc_chip_43xx\Debug\liblpc_chip_43xx.a(clock_18xx_43xx.o)
                0x1a001b58                Chip_Clock_RTCEnable
 .text.Chip_Clock_GetRate
                0x1a001b84       0x88 C:\Users\luca10\Desktop\EMbebidos\Workspace-TPSSE-FINAL\lpc_chip_43xx\Debug\liblpc_chip_43xx.a(clock_18xx_43xx.o)
                0x1a001b84                Chip_Clock_GetRate
 .text.fpuInit  0x1a001c0c       0x74 C:\Users\luca10\Desktop\EMbebidos\Workspace-TPSSE-FINAL\lpc_chip_43xx\Debug\liblpc_chip_43xx.a(fpu_init.o)
                0x1a001c0c                fpuInit
 .text.Chip_GPIO_Init
                0x1a001c80       0x14 C:\Users\luca10\Desktop\EMbebidos\Workspace-TPSSE-FINAL\lpc_chip_43xx\Debug\liblpc_chip_43xx.a(gpio_18xx_43xx.o)
                0x1a001c80                Chip_GPIO_Init
 .text.Chip_RTC_Init
                0x1a001c94       0x64 C:\Users\luca10\Desktop\EMbebidos\Workspace-TPSSE-FINAL\lpc_chip_43xx\Debug\liblpc_chip_43xx.a(rtc_18xx_43xx.o)
                0x1a001c94                Chip_RTC_Init
 .text.Chip_RTC_ResetClockTickCounter
                0x1a001cf8       0x48 C:\Users\luca10\Desktop\EMbebidos\Workspace-TPSSE-FINAL\lpc_chip_43xx\Debug\liblpc_chip_43xx.a(rtc_18xx_43xx.o)
                0x1a001cf8                Chip_RTC_ResetClockTickCounter
 .text.Chip_RTC_Enable
                0x1a001d40       0x38 C:\Users\luca10\Desktop\EMbebidos\Workspace-TPSSE-FINAL\lpc_chip_43xx\Debug\liblpc_chip_43xx.a(rtc_18xx_43xx.o)
                0x1a001d40                Chip_RTC_Enable
 .text.Chip_RTC_AlarmIntConfig
                0x1a001d78       0x4c C:\Users\luca10\Desktop\EMbebidos\Workspace-TPSSE-FINAL\lpc_chip_43xx\Debug\liblpc_chip_43xx.a(rtc_18xx_43xx.o)
                0x1a001d78                Chip_RTC_AlarmIntConfig
 .text.Chip_RTC_SetFullTime
                0x1a001dc4       0x5c C:\Users\luca10\Desktop\EMbebidos\Workspace-TPSSE-FINAL\lpc_chip_43xx\Debug\liblpc_chip_43xx.a(rtc_18xx_43xx.o)
                0x1a001dc4                Chip_RTC_SetFullTime
 .text.Chip_RTC_GetFullTime
                0x1a001e20       0x58 C:\Users\luca10\Desktop\EMbebidos\Workspace-TPSSE-FINAL\lpc_chip_43xx\Debug\liblpc_chip_43xx.a(rtc_18xx_43xx.o)
                0x1a001e20                Chip_RTC_GetFullTime
 .text.Chip_RTC_SetFullAlarmTime
                0x1a001e78       0x3c C:\Users\luca10\Desktop\EMbebidos\Workspace-TPSSE-FINAL\lpc_chip_43xx\Debug\liblpc_chip_43xx.a(rtc_18xx_43xx.o)
                0x1a001e78                Chip_RTC_SetFullAlarmTime
 .text.Chip_RTC_CalibCounterCmd
                0x1a001eb4       0x44 C:\Users\luca10\Desktop\EMbebidos\Workspace-TPSSE-FINAL\lpc_chip_43xx\Debug\liblpc_chip_43xx.a(rtc_18xx_43xx.o)
                0x1a001eb4                Chip_RTC_CalibCounterCmd
 .text.Chip_SCT_Init
                0x1a001ef8       0x1c C:\Users\luca10\Desktop\EMbebidos\Workspace-TPSSE-FINAL\lpc_chip_43xx\Debug\liblpc_chip_43xx.a(sct_18xx_43xx.o)
                0x1a001ef8                Chip_SCT_Init
 .text.Chip_SCT_Config
                0x1a001f14       0x1c C:\Users\luca10\Desktop\EMbebidos\Workspace-TPSSE-FINAL\lpc_chip_43xx\Debug\liblpc_chip_43xx.a(sct_pwm_18xx_43xx.o)
 .text.Chip_SCT_SetMatchCount
                0x1a001f30       0x28 C:\Users\luca10\Desktop\EMbebidos\Workspace-TPSSE-FINAL\lpc_chip_43xx\Debug\liblpc_chip_43xx.a(sct_pwm_18xx_43xx.o)
 .text.Chip_SCT_SetControl
                0x1a001f58       0x24 C:\Users\luca10\Desktop\EMbebidos\Workspace-TPSSE-FINAL\lpc_chip_43xx\Debug\liblpc_chip_43xx.a(sct_pwm_18xx_43xx.o)
 .text.Chip_SCT_SetMatchReload
                0x1a001f7c       0x28 C:\Users\luca10\Desktop\EMbebidos\Workspace-TPSSE-FINAL\lpc_chip_43xx\Debug\liblpc_chip_43xx.a(sct_pwm_18xx_43xx.o)
 .text.Chip_SCTPWM_Stop
                0x1a001fa4       0x24 C:\Users\luca10\Desktop\EMbebidos\Workspace-TPSSE-FINAL\lpc_chip_43xx\Debug\liblpc_chip_43xx.a(sct_pwm_18xx_43xx.o)
 .text.Chip_SCTPWM_SetOutPin
                0x1a001fc8       0x9c C:\Users\luca10\Desktop\EMbebidos\Workspace-TPSSE-FINAL\lpc_chip_43xx\Debug\liblpc_chip_43xx.a(sct_pwm_18xx_43xx.o)
                0x1a001fc8                Chip_SCTPWM_SetOutPin
 .text.Chip_SCTPWM_SetRate
                0x1a002064       0x70 C:\Users\luca10\Desktop\EMbebidos\Workspace-TPSSE-FINAL\lpc_chip_43xx\Debug\liblpc_chip_43xx.a(sct_pwm_18xx_43xx.o)
                0x1a002064                Chip_SCTPWM_SetRate
 .text.Chip_Clock_DisableMainPLL
                0x1a0020d4       0x20 C:\Users\luca10\Desktop\EMbebidos\Workspace-TPSSE-FINAL\lpc_chip_43xx\Debug\liblpc_chip_43xx.a(sysinit_18xx_43xx.o)
 .text.Chip_Clock_SetupMainPLL
                0x1a0020f4       0x44 C:\Users\luca10\Desktop\EMbebidos\Workspace-TPSSE-FINAL\lpc_chip_43xx\Debug\liblpc_chip_43xx.a(sysinit_18xx_43xx.o)
 .text.Chip_Clock_MainPLLLocked
                0x1a002138       0x24 C:\Users\luca10\Desktop\EMbebidos\Workspace-TPSSE-FINAL\lpc_chip_43xx\Debug\liblpc_chip_43xx.a(sysinit_18xx_43xx.o)
 .text.Chip_SetupCoreClock
                0x1a00215c      0x15c C:\Users\luca10\Desktop\EMbebidos\Workspace-TPSSE-FINAL\lpc_chip_43xx\Debug\liblpc_chip_43xx.a(sysinit_18xx_43xx.o)
                0x1a00215c                Chip_SetupCoreClock
 .text.Chip_UART_TXDisable
                0x1a0022b8       0x1c C:\Users\luca10\Desktop\EMbebidos\Workspace-TPSSE-FINAL\lpc_chip_43xx\Debug\liblpc_chip_43xx.a(uart_18xx_43xx.o)
 .text.Chip_UART_SetupFIFOS
                0x1a0022d4       0x1c C:\Users\luca10\Desktop\EMbebidos\Workspace-TPSSE-FINAL\lpc_chip_43xx\Debug\liblpc_chip_43xx.a(uart_18xx_43xx.o)
 .text.Chip_UART_ConfigData
                0x1a0022f0       0x1c C:\Users\luca10\Desktop\EMbebidos\Workspace-TPSSE-FINAL\lpc_chip_43xx\Debug\liblpc_chip_43xx.a(uart_18xx_43xx.o)
 .text.Chip_UART_EnableDivisorAccess
                0x1a00230c       0x20 C:\Users\luca10\Desktop\EMbebidos\Workspace-TPSSE-FINAL\lpc_chip_43xx\Debug\liblpc_chip_43xx.a(uart_18xx_43xx.o)
 .text.Chip_UART_DisableDivisorAccess
                0x1a00232c       0x20 C:\Users\luca10\Desktop\EMbebidos\Workspace-TPSSE-FINAL\lpc_chip_43xx\Debug\liblpc_chip_43xx.a(uart_18xx_43xx.o)
 .text.Chip_UART_SetDivisorLatches
                0x1a00234c       0x28 C:\Users\luca10\Desktop\EMbebidos\Workspace-TPSSE-FINAL\lpc_chip_43xx\Debug\liblpc_chip_43xx.a(uart_18xx_43xx.o)
 .text.Chip_UART_GetIndex
                0x1a002374       0x60 C:\Users\luca10\Desktop\EMbebidos\Workspace-TPSSE-FINAL\lpc_chip_43xx\Debug\liblpc_chip_43xx.a(uart_18xx_43xx.o)
 .text.Chip_UART_Init
                0x1a0023d4       0x84 C:\Users\luca10\Desktop\EMbebidos\Workspace-TPSSE-FINAL\lpc_chip_43xx\Debug\liblpc_chip_43xx.a(uart_18xx_43xx.o)
                0x1a0023d4                Chip_UART_Init
 .text.Chip_UART_SetBaudFDR
                0x1a002458      0x170 C:\Users\luca10\Desktop\EMbebidos\Workspace-TPSSE-FINAL\lpc_chip_43xx\Debug\liblpc_chip_43xx.a(uart_18xx_43xx.o)
                0x1a002458                Chip_UART_SetBaudFDR
 .text.__main   0x1a0025c8       0x14 c:/nxp/lpcxpresso_8.2.2_650/lpcxpresso/tools/bin/../lib/gcc/arm-none-eabi/5.4.1/../../../../arm-none-eabi/lib/armv7e-m/softfp\libcr_nohost.a(_cr__main.o)
                0x1a0025c8                __main
 .text.memset   0x1a0025dc        0x4 c:/nxp/lpcxpresso_8.2.2_650/lpcxpresso/tools/bin/../lib/gcc/arm-none-eabi/5.4.1/../../../../arm-none-eabi/lib/armv7e-m/softfp\libcr_c.a(memset.o)
                0x1a0025dc                memset
 .text._initio  0x1a0025e0       0xa4 c:/nxp/lpcxpresso_8.2.2_650/lpcxpresso/tools/bin/../lib/gcc/arm-none-eabi/5.4.1/../../../../arm-none-eabi/lib/armv7e-m/softfp\libcr_c.a(initio.o)
                0x1a0025e0                _initio
 .text.setvbuf  0x1a002684       0x40 c:/nxp/lpcxpresso_8.2.2_650/lpcxpresso/tools/bin/../lib/gcc/arm-none-eabi/5.4.1/../../../../arm-none-eabi/lib/armv7e-m/softfp\libcr_c.a(setvbuf.o)
                0x1a002684                setvbuf
 .text.strlen   0x1a0026c4       0x4a c:/nxp/lpcxpresso_8.2.2_650/lpcxpresso/tools/bin/../lib/gcc/arm-none-eabi/5.4.1/../../../../arm-none-eabi/lib/armv7e-m/softfp\libcr_c.a(strlen.o)
                0x1a0026c4                strlen
 .text._deferredlazyseek
                0x1a00270e       0x44 c:/nxp/lpcxpresso_8.2.2_650/lpcxpresso/tools/bin/../lib/gcc/arm-none-eabi/5.4.1/../../../../arm-none-eabi/lib/armv7e-m/softfp\libcr_c.a(_deferredlazyseek.o)
                0x1a00270e                _deferredlazyseek
 .text._fdopen  0x1a002752       0x6a c:/nxp/lpcxpresso_8.2.2_650/lpcxpresso/tools/bin/../lib/gcc/arm-none-eabi/5.4.1/../../../../arm-none-eabi/lib/armv7e-m/softfp\libcr_c.a(_fdopen.o)
                0x1a002752                _fdopen
 .text._fflush  0x1a0027bc       0x58 c:/nxp/lpcxpresso_8.2.2_650/lpcxpresso/tools/bin/../lib/gcc/arm-none-eabi/5.4.1/../../../../arm-none-eabi/lib/armv7e-m/softfp\libcr_c.a(_fflush.o)
                0x1a0027bc                _fflush
 .text._Cwritebuf
                0x1a002814       0x68 c:/nxp/lpcxpresso_8.2.2_650/lpcxpresso/tools/bin/../lib/gcc/arm-none-eabi/5.4.1/../../../../arm-none-eabi/lib/armv7e-m/softfp\libcr_c.a(_writebuf.o)
                0x1a002814                _Cwritebuf
 .text.malloc   0x1a00287c       0xc8 c:/nxp/lpcxpresso_8.2.2_650/lpcxpresso/tools/bin/../lib/gcc/arm-none-eabi/5.4.1/../../../../arm-none-eabi/lib/armv7e-m/softfp\libcr_c.a(alloc.o)
                0x1a00287c                malloc
 .text.free     0x1a002944       0x30 c:/nxp/lpcxpresso_8.2.2_650/lpcxpresso/tools/bin/../lib/gcc/arm-none-eabi/5.4.1/../../../../arm-none-eabi/lib/armv7e-m/softfp\libcr_c.a(alloc.o)
                0x1a002944                free
 .text._Csys_alloc
                0x1a002974       0x20 c:/nxp/lpcxpresso_8.2.2_650/lpcxpresso/tools/bin/../lib/gcc/arm-none-eabi/5.4.1/../../../../arm-none-eabi/lib/armv7e-m/softfp\libcr_c.a(alloc.o)
                0x1a002974                _Csys_alloc
 .text.fclose   0x1a002994       0x6c c:/nxp/lpcxpresso_8.2.2_650/lpcxpresso/tools/bin/../lib/gcc/arm-none-eabi/5.4.1/../../../../arm-none-eabi/lib/armv7e-m/softfp\libcr_c.a(fclose.o)
                0x1a002994                fclose
 .text.fflush   0x1a002a00       0x30 c:/nxp/lpcxpresso_8.2.2_650/lpcxpresso/tools/bin/../lib/gcc/arm-none-eabi/5.4.1/../../../../arm-none-eabi/lib/armv7e-m/softfp\libcr_c.a(fflush.o)
                0x1a002a00                fflush
 .text.fseek    0x1a002a30      0x110 c:/nxp/lpcxpresso_8.2.2_650/lpcxpresso/tools/bin/../lib/gcc/arm-none-eabi/5.4.1/../../../../arm-none-eabi/lib/armv7e-m/softfp\libcr_c.a(fseek.o)
                0x1a002a30                fseek
 .text.ftell    0x1a002b40       0x4c c:/nxp/lpcxpresso_8.2.2_650/lpcxpresso/tools/bin/../lib/gcc/arm-none-eabi/5.4.1/../../../../arm-none-eabi/lib/armv7e-m/softfp\libcr_c.a(ftell.o)
                0x1a002b40                ftell
 .text.remove   0x1a002b8c       0x14 c:/nxp/lpcxpresso_8.2.2_650/lpcxpresso/tools/bin/../lib/gcc/arm-none-eabi/5.4.1/../../../../arm-none-eabi/lib/armv7e-m/softfp\libcr_c.a(remove.o)
                0x1a002b8c                remove
 .text._sbrk    0x1a002ba0       0x40 c:/nxp/lpcxpresso_8.2.2_650/lpcxpresso/tools/bin/../lib/gcc/arm-none-eabi/5.4.1/../../../../arm-none-eabi/lib/armv7e-m/softfp\libcr_c.a(_cr_sbrk.o)
                0x1a002ba0                _sbrk
 .text._do_fflush
                0x1a002be0       0x44 c:/nxp/lpcxpresso_8.2.2_650/lpcxpresso/tools/bin/../lib/gcc/arm-none-eabi/5.4.1/../../../../arm-none-eabi/lib/armv7e-m/softfp\libcr_c.a(_do_fflush.o)
                0x1a002be0                _do_fflush
 .text.__check_heap_overflow
                0x1a002c24       0x18 c:/nxp/lpcxpresso_8.2.2_650/lpcxpresso/tools/bin/../lib/gcc/arm-none-eabi/5.4.1/../../../../arm-none-eabi/lib/armv7e-m/softfp\libcr_c.a(_cr_check_heap.o)
                0x1a002c24                __check_heap_overflow
 .text.__aeabi_division_uldivmod
                0x1a002c3c      0x174 c:/nxp/lpcxpresso_8.2.2_650/lpcxpresso/tools/bin/../lib/gcc/arm-none-eabi/5.4.1/armv7e-m/softfp\libcr_eabihelpers.a(division_64.o)
                0x1a002c3c                __aeabi_uldivmod
                0x1a002c40                __bhs_ldivmod1
 .text.__aeabi_division_idiv0
                0x1a002db0        0x2 c:/nxp/lpcxpresso_8.2.2_650/lpcxpresso/tools/bin/../lib/gcc/arm-none-eabi/5.4.1/armv7e-m/softfp\libcr_eabihelpers.a(division_idiv0.o)
                0x1a002db0                __aeabi_idiv0
 .text.__aeabi_memset_lowlevel
                0x1a002db2       0x32 c:/nxp/lpcxpresso_8.2.2_650/lpcxpresso/tools/bin/../lib/gcc/arm-none-eabi/5.4.1/armv7e-m/softfp\libcr_eabihelpers.a(memcpy.o)
                0x1a002db2                __aeabi_lowlevel_memset
 .text.__sys_appexit
                0x1a002de4        0x2 c:/nxp/lpcxpresso_8.2.2_650/lpcxpresso/tools/bin/../lib/gcc/arm-none-eabi/5.4.1/../../../../arm-none-eabi/lib/armv7e-m/softfp\libcr_nohost.a(__sys_appexit.o)
                0x1a002de4                __sys_appexit
                0x1a002de4                __exit
 .text.__sys_close
                0x1a002de6        0x6 c:/nxp/lpcxpresso_8.2.2_650/lpcxpresso/tools/bin/../lib/gcc/arm-none-eabi/5.4.1/../../../../arm-none-eabi/lib/armv7e-m/softfp\libcr_nohost.a(__sys_close.o)
                0x1a002de6                __sys_close
 .text.__sys_flen
                0x1a002dec        0x6 c:/nxp/lpcxpresso_8.2.2_650/lpcxpresso/tools/bin/../lib/gcc/arm-none-eabi/5.4.1/../../../../arm-none-eabi/lib/armv7e-m/softfp\libcr_nohost.a(__sys_flen.o)
                0x1a002dec                __sys_flen
 .text.__sys_istty
                0x1a002df2        0x6 c:/nxp/lpcxpresso_8.2.2_650/lpcxpresso/tools/bin/../lib/gcc/arm-none-eabi/5.4.1/../../../../arm-none-eabi/lib/armv7e-m/softfp\libcr_nohost.a(__sys_istty.o)
                0x1a002df2                __sys_istty
 .text.__sys_remove
                0x1a002df8        0x6 c:/nxp/lpcxpresso_8.2.2_650/lpcxpresso/tools/bin/../lib/gcc/arm-none-eabi/5.4.1/../../../../arm-none-eabi/lib/armv7e-m/softfp\libcr_nohost.a(__sys_remove.o)
                0x1a002df8                __sys_remove
 .text.__sys_seek
                0x1a002dfe        0x6 c:/nxp/lpcxpresso_8.2.2_650/lpcxpresso/tools/bin/../lib/gcc/arm-none-eabi/5.4.1/../../../../arm-none-eabi/lib/armv7e-m/softfp\libcr_nohost.a(__sys_seek.o)
                0x1a002dfe                __sys_seek
 .text.__sys_tmpnam
                0x1a002e04        0x6 c:/nxp/lpcxpresso_8.2.2_650/lpcxpresso/tools/bin/../lib/gcc/arm-none-eabi/5.4.1/../../../../arm-none-eabi/lib/armv7e-m/softfp\libcr_nohost.a(__sys_tmpnam.o)
                0x1a002e04                __sys_tmpnam
 *(.rodata .rodata.* .constdata .constdata.*)
 *fill*         0x1a002e0a        0x2 ff
 .rodata.ExtRateIn
                0x1a002e0c        0x4 C:\Users\luca10\Desktop\EMbebidos\Workspace-TPSSE-FINAL\lpc_board_nxp_lpcxpresso_4337\Debug\liblpc_board_nxp_lpcxpresso_4337.a(board.o)
                0x1a002e0c                ExtRateIn
 .rodata.OscRateIn
                0x1a002e10        0x4 C:\Users\luca10\Desktop\EMbebidos\Workspace-TPSSE-FINAL\lpc_board_nxp_lpcxpresso_4337\Debug\liblpc_board_nxp_lpcxpresso_4337.a(board.o)
                0x1a002e10                OscRateIn
 .rodata.gpioLEDBits
                0x1a002e14        0xc C:\Users\luca10\Desktop\EMbebidos\Workspace-TPSSE-FINAL\lpc_board_nxp_lpcxpresso_4337\Debug\liblpc_board_nxp_lpcxpresso_4337.a(board.o)
 .rodata.gpioButtonBits
                0x1a002e20        0x8 C:\Users\luca10\Desktop\EMbebidos\Workspace-TPSSE-FINAL\lpc_board_nxp_lpcxpresso_4337\Debug\liblpc_board_nxp_lpcxpresso_4337.a(board.o)
 .rodata.InitClkStates
                0x1a002e28        0xc C:\Users\luca10\Desktop\EMbebidos\Workspace-TPSSE-FINAL\lpc_board_nxp_lpcxpresso_4337\Debug\liblpc_board_nxp_lpcxpresso_4337.a(board_sysinit.o)
 .rodata.pinmuxing
                0x1a002e34       0x2c C:\Users\luca10\Desktop\EMbebidos\Workspace-TPSSE-FINAL\lpc_board_nxp_lpcxpresso_4337\Debug\liblpc_board_nxp_lpcxpresso_4337.a(board_sysinit.o)
 .rodata.periph_to_base
                0x1a002e60       0x6c C:\Users\luca10\Desktop\EMbebidos\Workspace-TPSSE-FINAL\lpc_chip_43xx\Debug\liblpc_chip_43xx.a(clock_18xx_43xx.o)
 .rodata        0x1a002ecc        0xa C:\Users\luca10\Desktop\EMbebidos\Workspace-TPSSE-FINAL\lpc_chip_43xx\Debug\liblpc_chip_43xx.a(clock_18xx_43xx.o)
 *fill*         0x1a002ed6        0x2 ff
 .rodata.InitClkStates
                0x1a002ed8       0x48 C:\Users\luca10\Desktop\EMbebidos\Workspace-TPSSE-FINAL\lpc_chip_43xx\Debug\liblpc_chip_43xx.a(sysinit_18xx_43xx.o)
 .rodata.UART_PClock
                0x1a002f20        0x8 C:\Users\luca10\Desktop\EMbebidos\Workspace-TPSSE-FINAL\lpc_chip_43xx\Debug\liblpc_chip_43xx.a(uart_18xx_43xx.o)
 .rodata.UART_BClock
                0x1a002f28        0x8 C:\Users\luca10\Desktop\EMbebidos\Workspace-TPSSE-FINAL\lpc_chip_43xx\Debug\liblpc_chip_43xx.a(uart_18xx_43xx.o)
 .rodata.str1.1
                0x1a002f30        0x4 c:/nxp/lpcxpresso_8.2.2_650/lpcxpresso/tools/bin/../lib/gcc/arm-none-eabi/5.4.1/../../../../arm-none-eabi/lib/armv7e-m/softfp\libcr_c.a(initio.o)
 .rodata.str1.1
                0x1a002f34       0x18 c:/nxp/lpcxpresso_8.2.2_650/lpcxpresso/tools/bin/../lib/gcc/arm-none-eabi/5.4.1/../../../../arm-none-eabi/lib/armv7e-m/softfp\libcr_c.a(alloc.o)
                0x1a002f4c                . = ALIGN (0x4)

.glue_7         0x1a002f4c        0x0
 .glue_7        0x1a002f4c        0x0 linker stubs

.glue_7t        0x1a002f4c        0x0
 .glue_7t       0x1a002f4c        0x0 linker stubs

.vfp11_veneer   0x1a002f4c        0x0
 .vfp11_veneer  0x1a002f4c        0x0 linker stubs

.v4_bx          0x1a002f4c        0x0
 .v4_bx         0x1a002f4c        0x0 linker stubs

.iplt           0x1a002f4c        0x0
 .iplt          0x1a002f4c        0x0 ./example/src/src-gen/Prefix.o

.rel.dyn        0x1a002f4c        0x0
 .rel.iplt      0x1a002f4c        0x0 ./example/src/src-gen/Prefix.o

.ARM.extab
 *(.ARM.extab* .gnu.linkonce.armextab.*)
                0x1a002f4c                __exidx_start = .

.ARM.exidx
 *(.ARM.exidx* .gnu.linkonce.armexidx.*)
                0x1a002f4c                __exidx_end = .
                0x1a002f4c                _etext = .

.data_RAM2      0x10080000        0x0 load address 0x1a002f4c
 FILL mask 0xff
                [!provide]                PROVIDE (__start_data_RAM2, .)
 *(.ramfunc.$RAM2)
 *(.ramfunc.$RamLoc40)
 *(.data.$RAM2*)
 *(.data.$RamLoc40*)
                0x10080000                . = ALIGN (0x4)
                [!provide]                PROVIDE (__end_data_RAM2, .)

.data_RAM3      0x20000000        0x0 load address 0x1a002f4c
 FILL mask 0xff
                [!provide]                PROVIDE (__start_data_RAM3, .)
 *(.ramfunc.$RAM3)
 *(.ramfunc.$RamAHB32)
 *(.data.$RAM3*)
 *(.data.$RamAHB32*)
                0x20000000                . = ALIGN (0x4)
                [!provide]                PROVIDE (__end_data_RAM3, .)

.data_RAM4      0x20008000        0x0 load address 0x1a002f4c
 FILL mask 0xff
                [!provide]                PROVIDE (__start_data_RAM4, .)
 *(.ramfunc.$RAM4)
 *(.ramfunc.$RamAHB16)
 *(.data.$RAM4*)
 *(.data.$RamAHB16*)
                0x20008000                . = ALIGN (0x4)
                [!provide]                PROVIDE (__end_data_RAM4, .)

.data_RAM5      0x2000c000        0x0 load address 0x1a002f4c
 FILL mask 0xff
                [!provide]                PROVIDE (__start_data_RAM5, .)
 *(.ramfunc.$RAM5)
 *(.ramfunc.$RamAHB_ETB16)
 *(.data.$RAM5*)
 *(.data.$RamAHB_ETB16*)
                0x2000c000                . = ALIGN (0x4)
                [!provide]                PROVIDE (__end_data_RAM5, .)

.uninit_RESERVED
                0x10000000        0x0
 *(.bss.$RESERVED*)
                0x10000000                . = ALIGN (0x4)
                0x10000000                _end_uninit_RESERVED = .

.data           0x10000000        0x0 load address 0x1a002f4c
 FILL mask 0xff
                0x10000000                _data = .
 *(vtable)
 *(.ramfunc*)
 *(.data*)
                0x10000000                . = ALIGN (0x4)
                0x10000000                _edata = .

.igot.plt       0x10000000        0x0 load address 0x1a002f4c
 .igot.plt      0x10000000        0x0 ./example/src/src-gen/Prefix.o

.bss_RAM2       0x10080000        0x0
                [!provide]                PROVIDE (__start_bss_RAM2, .)
 *(.bss.$RAM2*)
 *(.bss.$RamLoc40*)
                0x10080000                . = ALIGN ((. != 0x0)?0x4:0x1)
                [!provide]                PROVIDE (__end_bss_RAM2, .)

.bss_RAM3       0x20000000        0x0
                [!provide]                PROVIDE (__start_bss_RAM3, .)
 *(.bss.$RAM3*)
 *(.bss.$RamAHB32*)
                0x20000000                . = ALIGN ((. != 0x0)?0x4:0x1)
                [!provide]                PROVIDE (__end_bss_RAM3, .)

.bss_RAM4       0x20008000        0x0
                [!provide]                PROVIDE (__start_bss_RAM4, .)
 *(.bss.$RAM4*)
 *(.bss.$RamAHB16*)
                0x20008000                . = ALIGN ((. != 0x0)?0x4:0x1)
                [!provide]                PROVIDE (__end_bss_RAM4, .)

.bss_RAM5       0x2000c000        0x0
                [!provide]                PROVIDE (__start_bss_RAM5, .)
 *(.bss.$RAM5*)
 *(.bss.$RamAHB_ETB16*)
                0x2000c000                . = ALIGN ((. != 0x0)?0x4:0x1)
                [!provide]                PROVIDE (__end_bss_RAM5, .)

.bss            0x10000000      0x164
                0x10000000                _bss = .
 *(.bss*)
 .bss.fAlarmTimeMatched
                0x10000000        0x1 ./example/src/statechart.o
 .bss.ServoFlag
                0x10000001        0x1 ./example/src/statechart.o
                0x10000001                ServoFlag
 *fill*         0x10000002        0x2 
 .bss.tick_ct   0x10000004        0x4 ./example/src/statechart.o
 .bss.audio_usb_pll_freq
                0x10000008        0x8 C:\Users\luca10\Desktop\EMbebidos\Workspace-TPSSE-FINAL\lpc_chip_43xx\Debug\liblpc_chip_43xx.a(clock_18xx_43xx.o)
 .bss._extra    0x10000010        0x4 c:/nxp/lpcxpresso_8.2.2_650/lpcxpresso/tools/bin/../lib/gcc/arm-none-eabi/5.4.1/../../../../arm-none-eabi/lib/armv7e-m/softfp\libcr_c.a(initio.o)
                0x10000010                _extra
 .bss.__Ciob    0x10000014      0x140 c:/nxp/lpcxpresso_8.2.2_650/lpcxpresso/tools/bin/../lib/gcc/arm-none-eabi/5.4.1/../../../../arm-none-eabi/lib/armv7e-m/softfp\libcr_c.a(stdio.o)
                0x10000014                __Ciob
 .bss.errno     0x10000154        0x4 c:/nxp/lpcxpresso_8.2.2_650/lpcxpresso/tools/bin/../lib/gcc/arm-none-eabi/5.4.1/../../../../arm-none-eabi/lib/armv7e-m/softfp\libcr_c.a(errno.o)
                0x10000154                errno
 .bss.__heaps   0x10000158        0x4 c:/nxp/lpcxpresso_8.2.2_650/lpcxpresso/tools/bin/../lib/gcc/arm-none-eabi/5.4.1/../../../../arm-none-eabi/lib/armv7e-m/softfp\libcr_c.a(__init_alloc.o)
                0x10000158                __heaps
 .bss.__end_of_heap
                0x1000015c        0x4 c:/nxp/lpcxpresso_8.2.2_650/lpcxpresso/tools/bin/../lib/gcc/arm-none-eabi/5.4.1/../../../../arm-none-eabi/lib/armv7e-m/softfp\libcr_c.a(__init_alloc.o)
                0x1000015c                __end_of_heap
 *(COMMON)
 COMMON         0x10000160        0x4 C:\Users\luca10\Desktop\EMbebidos\Workspace-TPSSE-FINAL\lpc_chip_43xx\Debug\liblpc_chip_43xx.a(chip_18xx_43xx.o)
                0x10000160                SystemCoreClock
                0x10000164                . = ALIGN (0x4)
                0x10000164                _ebss = .
                [!provide]                PROVIDE (end, .)

.noinit_RAM2    0x10080000        0x0
 *(.noinit.$RAM2*)
 *(.noinit.$RamLoc40*)
                0x10080000                . = ALIGN (0x4)

.noinit_RAM3    0x20000000        0x0
 *(.noinit.$RAM3*)
 *(.noinit.$RamAHB32*)
                0x20000000                . = ALIGN (0x4)

.noinit_RAM4    0x20008000        0x0
 *(.noinit.$RAM4*)
 *(.noinit.$RamAHB16*)
                0x20008000                . = ALIGN (0x4)

.noinit_RAM5    0x2000c000        0x0
 *(.noinit.$RAM5*)
 *(.noinit.$RamAHB_ETB16*)
                0x2000c000                . = ALIGN (0x4)

.noinit         0x10000164        0x0
                0x10000164                _noinit = .
 *(.noinit*)
                0x10000164                . = ALIGN (0x4)
                0x10000164                _end_noinit = .
                0x10000164                PROVIDE (_pvHeapStart, DEFINED (__user_heap_base)?__user_heap_base:.)
                0x10008000                PROVIDE (_vStackTop, DEFINED (__user_stack_top)?__user_stack_top:(__top_RamLoc32 - 0x0))
                [!provide]                PROVIDE (__valid_user_code_checksum, (0x0 - ((((((_vStackTop + (ResetISR + 0x1)) + (NMI_Handler + 0x1)) + (HardFault_Handler + 0x1)) + (DEFINED (MemManage_Handler)?MemManage_Handler:0x0 + 0x1)) + (DEFINED (BusFault_Handler)?BusFault_Handler:0x0 + 0x1)) + (DEFINED (UsageFault_Handler)?UsageFault_Handler:0x0 + 0x1))))
OUTPUT(periph_statechart.axf elf32-littlearm)

.debug_info     0x00000000     0x9ba0
 .debug_info    0x00000000      0x297 ./example/src/cr_startup_lpc43xx.o
 .debug_info    0x00000297     0x19ad ./example/src/statechart.o
 .debug_info    0x00001c44       0xea ./example/src/sysinit.o
 .debug_info    0x00001d2e     0x1a09 C:\Users\luca10\Desktop\EMbebidos\Workspace-TPSSE-FINAL\lpc_board_nxp_lpcxpresso_4337\Debug\liblpc_board_nxp_lpcxpresso_4337.a(board.o)
 .debug_info    0x00003737      0xb56 C:\Users\luca10\Desktop\EMbebidos\Workspace-TPSSE-FINAL\lpc_board_nxp_lpcxpresso_4337\Debug\liblpc_board_nxp_lpcxpresso_4337.a(board_sysinit.o)
 .debug_info    0x0000428d      0xa31 C:\Users\luca10\Desktop\EMbebidos\Workspace-TPSSE-FINAL\lpc_chip_43xx\Debug\liblpc_chip_43xx.a(chip_18xx_43xx.o)
 .debug_info    0x00004cbe     0x1590 C:\Users\luca10\Desktop\EMbebidos\Workspace-TPSSE-FINAL\lpc_chip_43xx\Debug\liblpc_chip_43xx.a(clock_18xx_43xx.o)
 .debug_info    0x0000624e      0x128 C:\Users\luca10\Desktop\EMbebidos\Workspace-TPSSE-FINAL\lpc_chip_43xx\Debug\liblpc_chip_43xx.a(fpu_init.o)
 .debug_info    0x00006376      0x435 C:\Users\luca10\Desktop\EMbebidos\Workspace-TPSSE-FINAL\lpc_chip_43xx\Debug\liblpc_chip_43xx.a(gpio_18xx_43xx.o)
 .debug_info    0x000067ab      0x6c3 C:\Users\luca10\Desktop\EMbebidos\Workspace-TPSSE-FINAL\lpc_chip_43xx\Debug\liblpc_chip_43xx.a(rtc_18xx_43xx.o)
 .debug_info    0x00006e6e      0x95d C:\Users\luca10\Desktop\EMbebidos\Workspace-TPSSE-FINAL\lpc_chip_43xx\Debug\liblpc_chip_43xx.a(sct_18xx_43xx.o)
 .debug_info    0x000077cb      0xa2b C:\Users\luca10\Desktop\EMbebidos\Workspace-TPSSE-FINAL\lpc_chip_43xx\Debug\liblpc_chip_43xx.a(sct_pwm_18xx_43xx.o)
 .debug_info    0x000081f6      0x8fd C:\Users\luca10\Desktop\EMbebidos\Workspace-TPSSE-FINAL\lpc_chip_43xx\Debug\liblpc_chip_43xx.a(sysinit_18xx_43xx.o)
 .debug_info    0x00008af3     0x10ad C:\Users\luca10\Desktop\EMbebidos\Workspace-TPSSE-FINAL\lpc_chip_43xx\Debug\liblpc_chip_43xx.a(uart_18xx_43xx.o)

.debug_abbrev   0x00000000     0x1972
 .debug_abbrev  0x00000000       0xed ./example/src/cr_startup_lpc43xx.o
 .debug_abbrev  0x000000ed      0x40a ./example/src/statechart.o
 .debug_abbrev  0x000004f7       0x9c ./example/src/sysinit.o
 .debug_abbrev  0x00000593      0x31e C:\Users\luca10\Desktop\EMbebidos\Workspace-TPSSE-FINAL\lpc_board_nxp_lpcxpresso_4337\Debug\liblpc_board_nxp_lpcxpresso_4337.a(board.o)
 .debug_abbrev  0x000008b1      0x19a C:\Users\luca10\Desktop\EMbebidos\Workspace-TPSSE-FINAL\lpc_board_nxp_lpcxpresso_4337\Debug\liblpc_board_nxp_lpcxpresso_4337.a(board_sysinit.o)
 .debug_abbrev  0x00000a4b      0x155 C:\Users\luca10\Desktop\EMbebidos\Workspace-TPSSE-FINAL\lpc_chip_43xx\Debug\liblpc_chip_43xx.a(chip_18xx_43xx.o)
 .debug_abbrev  0x00000ba0      0x2cb C:\Users\luca10\Desktop\EMbebidos\Workspace-TPSSE-FINAL\lpc_chip_43xx\Debug\liblpc_chip_43xx.a(clock_18xx_43xx.o)
 .debug_abbrev  0x00000e6b       0x84 C:\Users\luca10\Desktop\EMbebidos\Workspace-TPSSE-FINAL\lpc_chip_43xx\Debug\liblpc_chip_43xx.a(fpu_init.o)
 .debug_abbrev  0x00000eef      0x111 C:\Users\luca10\Desktop\EMbebidos\Workspace-TPSSE-FINAL\lpc_chip_43xx\Debug\liblpc_chip_43xx.a(gpio_18xx_43xx.o)
 .debug_abbrev  0x00001000      0x184 C:\Users\luca10\Desktop\EMbebidos\Workspace-TPSSE-FINAL\lpc_chip_43xx\Debug\liblpc_chip_43xx.a(rtc_18xx_43xx.o)
 .debug_abbrev  0x00001184      0x19d C:\Users\luca10\Desktop\EMbebidos\Workspace-TPSSE-FINAL\lpc_chip_43xx\Debug\liblpc_chip_43xx.a(sct_18xx_43xx.o)
 .debug_abbrev  0x00001321      0x203 C:\Users\luca10\Desktop\EMbebidos\Workspace-TPSSE-FINAL\lpc_chip_43xx\Debug\liblpc_chip_43xx.a(sct_pwm_18xx_43xx.o)
 .debug_abbrev  0x00001524      0x18e C:\Users\luca10\Desktop\EMbebidos\Workspace-TPSSE-FINAL\lpc_chip_43xx\Debug\liblpc_chip_43xx.a(sysinit_18xx_43xx.o)
 .debug_abbrev  0x000016b2      0x2c0 C:\Users\luca10\Desktop\EMbebidos\Workspace-TPSSE-FINAL\lpc_chip_43xx\Debug\liblpc_chip_43xx.a(uart_18xx_43xx.o)

.debug_aranges  0x00000000      0x7b8
 .debug_aranges
                0x00000000       0x80 ./example/src/cr_startup_lpc43xx.o
 .debug_aranges
                0x00000080       0xf0 ./example/src/statechart.o
 .debug_aranges
                0x00000170       0x20 ./example/src/sysinit.o
 .debug_aranges
                0x00000190      0x170 C:\Users\luca10\Desktop\EMbebidos\Workspace-TPSSE-FINAL\lpc_board_nxp_lpcxpresso_4337\Debug\liblpc_board_nxp_lpcxpresso_4337.a(board.o)
 .debug_aranges
                0x00000300       0x48 C:\Users\luca10\Desktop\EMbebidos\Workspace-TPSSE-FINAL\lpc_board_nxp_lpcxpresso_4337\Debug\liblpc_board_nxp_lpcxpresso_4337.a(board_sysinit.o)
 .debug_aranges
                0x00000348       0x40 C:\Users\luca10\Desktop\EMbebidos\Workspace-TPSSE-FINAL\lpc_chip_43xx\Debug\liblpc_chip_43xx.a(chip_18xx_43xx.o)
 .debug_aranges
                0x00000388      0x138 C:\Users\luca10\Desktop\EMbebidos\Workspace-TPSSE-FINAL\lpc_chip_43xx\Debug\liblpc_chip_43xx.a(clock_18xx_43xx.o)
 .debug_aranges
                0x000004c0       0x20 C:\Users\luca10\Desktop\EMbebidos\Workspace-TPSSE-FINAL\lpc_chip_43xx\Debug\liblpc_chip_43xx.a(fpu_init.o)
 .debug_aranges
                0x000004e0       0x68 C:\Users\luca10\Desktop\EMbebidos\Workspace-TPSSE-FINAL\lpc_chip_43xx\Debug\liblpc_chip_43xx.a(gpio_18xx_43xx.o)
 .debug_aranges
                0x00000548       0x80 C:\Users\luca10\Desktop\EMbebidos\Workspace-TPSSE-FINAL\lpc_chip_43xx\Debug\liblpc_chip_43xx.a(rtc_18xx_43xx.o)
 .debug_aranges
                0x000005c8       0x38 C:\Users\luca10\Desktop\EMbebidos\Workspace-TPSSE-FINAL\lpc_chip_43xx\Debug\liblpc_chip_43xx.a(sct_18xx_43xx.o)
 .debug_aranges
                0x00000600       0x50 C:\Users\luca10\Desktop\EMbebidos\Workspace-TPSSE-FINAL\lpc_chip_43xx\Debug\liblpc_chip_43xx.a(sct_pwm_18xx_43xx.o)
 .debug_aranges
                0x00000650       0x50 C:\Users\luca10\Desktop\EMbebidos\Workspace-TPSSE-FINAL\lpc_chip_43xx\Debug\liblpc_chip_43xx.a(sysinit_18xx_43xx.o)
 .debug_aranges
                0x000006a0      0x118 C:\Users\luca10\Desktop\EMbebidos\Workspace-TPSSE-FINAL\lpc_chip_43xx\Debug\liblpc_chip_43xx.a(uart_18xx_43xx.o)

.debug_ranges   0x00000000      0x708
 .debug_ranges  0x00000000       0x70 ./example/src/cr_startup_lpc43xx.o
 .debug_ranges  0x00000070       0xe0 ./example/src/statechart.o
 .debug_ranges  0x00000150       0x10 ./example/src/sysinit.o
 .debug_ranges  0x00000160      0x160 C:\Users\luca10\Desktop\EMbebidos\Workspace-TPSSE-FINAL\lpc_board_nxp_lpcxpresso_4337\Debug\liblpc_board_nxp_lpcxpresso_4337.a(board.o)
 .debug_ranges  0x000002c0       0x38 C:\Users\luca10\Desktop\EMbebidos\Workspace-TPSSE-FINAL\lpc_board_nxp_lpcxpresso_4337\Debug\liblpc_board_nxp_lpcxpresso_4337.a(board_sysinit.o)
 .debug_ranges  0x000002f8       0x30 C:\Users\luca10\Desktop\EMbebidos\Workspace-TPSSE-FINAL\lpc_chip_43xx\Debug\liblpc_chip_43xx.a(chip_18xx_43xx.o)
 .debug_ranges  0x00000328      0x140 C:\Users\luca10\Desktop\EMbebidos\Workspace-TPSSE-FINAL\lpc_chip_43xx\Debug\liblpc_chip_43xx.a(clock_18xx_43xx.o)
 .debug_ranges  0x00000468       0x10 C:\Users\luca10\Desktop\EMbebidos\Workspace-TPSSE-FINAL\lpc_chip_43xx\Debug\liblpc_chip_43xx.a(fpu_init.o)
 .debug_ranges  0x00000478       0x58 C:\Users\luca10\Desktop\EMbebidos\Workspace-TPSSE-FINAL\lpc_chip_43xx\Debug\liblpc_chip_43xx.a(gpio_18xx_43xx.o)
 .debug_ranges  0x000004d0       0x70 C:\Users\luca10\Desktop\EMbebidos\Workspace-TPSSE-FINAL\lpc_chip_43xx\Debug\liblpc_chip_43xx.a(rtc_18xx_43xx.o)
 .debug_ranges  0x00000540       0x28 C:\Users\luca10\Desktop\EMbebidos\Workspace-TPSSE-FINAL\lpc_chip_43xx\Debug\liblpc_chip_43xx.a(sct_18xx_43xx.o)
 .debug_ranges  0x00000568       0x40 C:\Users\luca10\Desktop\EMbebidos\Workspace-TPSSE-FINAL\lpc_chip_43xx\Debug\liblpc_chip_43xx.a(sct_pwm_18xx_43xx.o)
 .debug_ranges  0x000005a8       0x40 C:\Users\luca10\Desktop\EMbebidos\Workspace-TPSSE-FINAL\lpc_chip_43xx\Debug\liblpc_chip_43xx.a(sysinit_18xx_43xx.o)
 .debug_ranges  0x000005e8      0x120 C:\Users\luca10\Desktop\EMbebidos\Workspace-TPSSE-FINAL\lpc_chip_43xx\Debug\liblpc_chip_43xx.a(uart_18xx_43xx.o)

.debug_macro    0x00000000     0x3026
 .debug_macro   0x00000000       0x1d ./example/src/cr_startup_lpc43xx.o
 .debug_macro   0x0000001d      0x334 ./example/src/statechart.o
 .debug_macro   0x00000351      0x310 ./example/src/sysinit.o
 .debug_macro   0x00000661      0x336 C:\Users\luca10\Desktop\EMbebidos\Workspace-TPSSE-FINAL\lpc_board_nxp_lpcxpresso_4337\Debug\liblpc_board_nxp_lpcxpresso_4337.a(board.o)
 .debug_macro   0x00000997      0x89e C:\Users\luca10\Desktop\EMbebidos\Workspace-TPSSE-FINAL\lpc_board_nxp_lpcxpresso_4337\Debug\liblpc_board_nxp_lpcxpresso_4337.a(board.o)
 .debug_macro   0x00001235       0x12 C:\Users\luca10\Desktop\EMbebidos\Workspace-TPSSE-FINAL\lpc_board_nxp_lpcxpresso_4337\Debug\liblpc_board_nxp_lpcxpresso_4337.a(board.o)
 .debug_macro   0x00001247      0x339 C:\Users\luca10\Desktop\EMbebidos\Workspace-TPSSE-FINAL\lpc_board_nxp_lpcxpresso_4337\Debug\liblpc_board_nxp_lpcxpresso_4337.a(board.o)
 .debug_macro   0x00001580      0x310 C:\Users\luca10\Desktop\EMbebidos\Workspace-TPSSE-FINAL\lpc_board_nxp_lpcxpresso_4337\Debug\liblpc_board_nxp_lpcxpresso_4337.a(board_sysinit.o)
 .debug_macro   0x00001890      0x2da C:\Users\luca10\Desktop\EMbebidos\Workspace-TPSSE-FINAL\lpc_chip_43xx\Debug\liblpc_chip_43xx.a(chip_18xx_43xx.o)
 .debug_macro   0x00001b6a      0x2e0 C:\Users\luca10\Desktop\EMbebidos\Workspace-TPSSE-FINAL\lpc_chip_43xx\Debug\liblpc_chip_43xx.a(clock_18xx_43xx.o)
 .debug_macro   0x00001e4a       0xc0 C:\Users\luca10\Desktop\EMbebidos\Workspace-TPSSE-FINAL\lpc_chip_43xx\Debug\liblpc_chip_43xx.a(fpu_init.o)
 .debug_macro   0x00001f0a      0x2da C:\Users\luca10\Desktop\EMbebidos\Workspace-TPSSE-FINAL\lpc_chip_43xx\Debug\liblpc_chip_43xx.a(gpio_18xx_43xx.o)
 .debug_macro   0x000021e4      0x2da C:\Users\luca10\Desktop\EMbebidos\Workspace-TPSSE-FINAL\lpc_chip_43xx\Debug\liblpc_chip_43xx.a(rtc_18xx_43xx.o)
 .debug_macro   0x000024be      0x2da C:\Users\luca10\Desktop\EMbebidos\Workspace-TPSSE-FINAL\lpc_chip_43xx\Debug\liblpc_chip_43xx.a(sct_18xx_43xx.o)
 .debug_macro   0x00002798      0x2da C:\Users\luca10\Desktop\EMbebidos\Workspace-TPSSE-FINAL\lpc_chip_43xx\Debug\liblpc_chip_43xx.a(sct_pwm_18xx_43xx.o)
 .debug_macro   0x00002a72      0x2da C:\Users\luca10\Desktop\EMbebidos\Workspace-TPSSE-FINAL\lpc_chip_43xx\Debug\liblpc_chip_43xx.a(sysinit_18xx_43xx.o)
 .debug_macro   0x00002d4c      0x2da C:\Users\luca10\Desktop\EMbebidos\Workspace-TPSSE-FINAL\lpc_chip_43xx\Debug\liblpc_chip_43xx.a(uart_18xx_43xx.o)

.debug_line     0x00000000     0x5f6b
 .debug_line    0x00000000      0x102 ./example/src/cr_startup_lpc43xx.o
 .debug_line    0x00000102      0x991 ./example/src/statechart.o
 .debug_line    0x00000a93      0x66c ./example/src/sysinit.o
 .debug_line    0x000010ff      0xa68 C:\Users\luca10\Desktop\EMbebidos\Workspace-TPSSE-FINAL\lpc_board_nxp_lpcxpresso_4337\Debug\liblpc_board_nxp_lpcxpresso_4337.a(board.o)
 .debug_line    0x00001b67      0x6f3 C:\Users\luca10\Desktop\EMbebidos\Workspace-TPSSE-FINAL\lpc_board_nxp_lpcxpresso_4337\Debug\liblpc_board_nxp_lpcxpresso_4337.a(board_sysinit.o)
 .debug_line    0x0000225a      0x650 C:\Users\luca10\Desktop\EMbebidos\Workspace-TPSSE-FINAL\lpc_chip_43xx\Debug\liblpc_chip_43xx.a(chip_18xx_43xx.o)
 .debug_line    0x000028aa      0xa4d C:\Users\luca10\Desktop\EMbebidos\Workspace-TPSSE-FINAL\lpc_chip_43xx\Debug\liblpc_chip_43xx.a(clock_18xx_43xx.o)
 .debug_line    0x000032f7      0x1fc C:\Users\luca10\Desktop\EMbebidos\Workspace-TPSSE-FINAL\lpc_chip_43xx\Debug\liblpc_chip_43xx.a(fpu_init.o)
 .debug_line    0x000034f3      0x6a1 C:\Users\luca10\Desktop\EMbebidos\Workspace-TPSSE-FINAL\lpc_chip_43xx\Debug\liblpc_chip_43xx.a(gpio_18xx_43xx.o)
 .debug_line    0x00003b94      0x75e C:\Users\luca10\Desktop\EMbebidos\Workspace-TPSSE-FINAL\lpc_chip_43xx\Debug\liblpc_chip_43xx.a(rtc_18xx_43xx.o)
 .debug_line    0x000042f2      0x621 C:\Users\luca10\Desktop\EMbebidos\Workspace-TPSSE-FINAL\lpc_chip_43xx\Debug\liblpc_chip_43xx.a(sct_18xx_43xx.o)
 .debug_line    0x00004913      0x66d C:\Users\luca10\Desktop\EMbebidos\Workspace-TPSSE-FINAL\lpc_chip_43xx\Debug\liblpc_chip_43xx.a(sct_pwm_18xx_43xx.o)
 .debug_line    0x00004f80      0x6be C:\Users\luca10\Desktop\EMbebidos\Workspace-TPSSE-FINAL\lpc_chip_43xx\Debug\liblpc_chip_43xx.a(sysinit_18xx_43xx.o)
 .debug_line    0x0000563e      0x92d C:\Users\luca10\Desktop\EMbebidos\Workspace-TPSSE-FINAL\lpc_chip_43xx\Debug\liblpc_chip_43xx.a(uart_18xx_43xx.o)

.debug_str      0x00000000    0x19687
 .debug_str     0x00000000     0x2750 ./example/src/cr_startup_lpc43xx.o
                               0x2768 (size before relaxing)
 .debug_str     0x00002750    0x144db ./example/src/statechart.o
                              0x16bfb (size before relaxing)
 .debug_str     0x00016c2b       0x23 ./example/src/sysinit.o
                              0x15788 (size before relaxing)
 .debug_str     0x00016c4e     0x19cc C:\Users\luca10\Desktop\EMbebidos\Workspace-TPSSE-FINAL\lpc_board_nxp_lpcxpresso_4337\Debug\liblpc_board_nxp_lpcxpresso_4337.a(board.o)
                              0x17c24 (size before relaxing)
 .debug_str     0x0001861a      0x125 C:\Users\luca10\Desktop\EMbebidos\Workspace-TPSSE-FINAL\lpc_board_nxp_lpcxpresso_4337\Debug\liblpc_board_nxp_lpcxpresso_4337.a(board_sysinit.o)
                              0x16526 (size before relaxing)
 .debug_str     0x0001873f       0xed C:\Users\luca10\Desktop\EMbebidos\Workspace-TPSSE-FINAL\lpc_chip_43xx\Debug\liblpc_chip_43xx.a(chip_18xx_43xx.o)
                              0x15dc8 (size before relaxing)
 .debug_str     0x0001882c      0x5e1 C:\Users\luca10\Desktop\EMbebidos\Workspace-TPSSE-FINAL\lpc_chip_43xx\Debug\liblpc_chip_43xx.a(clock_18xx_43xx.o)
                              0x1634b (size before relaxing)
 .debug_str     0x00018e0d       0xb5 C:\Users\luca10\Desktop\EMbebidos\Workspace-TPSSE-FINAL\lpc_chip_43xx\Debug\liblpc_chip_43xx.a(fpu_init.o)
                               0x9961 (size before relaxing)
 .debug_str     0x00018ec2       0xe4 C:\Users\luca10\Desktop\EMbebidos\Workspace-TPSSE-FINAL\lpc_chip_43xx\Debug\liblpc_chip_43xx.a(gpio_18xx_43xx.o)
                              0x151ca (size before relaxing)
 .debug_str     0x00018fa6      0x219 C:\Users\luca10\Desktop\EMbebidos\Workspace-TPSSE-FINAL\lpc_chip_43xx\Debug\liblpc_chip_43xx.a(rtc_18xx_43xx.o)
                              0x1545f (size before relaxing)
 .debug_str     0x000191bf       0x72 C:\Users\luca10\Desktop\EMbebidos\Workspace-TPSSE-FINAL\lpc_chip_43xx\Debug\liblpc_chip_43xx.a(sct_18xx_43xx.o)
                              0x156cd (size before relaxing)
 .debug_str     0x00019231       0x6c C:\Users\luca10\Desktop\EMbebidos\Workspace-TPSSE-FINAL\lpc_chip_43xx\Debug\liblpc_chip_43xx.a(sct_pwm_18xx_43xx.o)
                              0x15759 (size before relaxing)
 .debug_str     0x0001929d       0xb4 C:\Users\luca10\Desktop\EMbebidos\Workspace-TPSSE-FINAL\lpc_chip_43xx\Debug\liblpc_chip_43xx.a(sysinit_18xx_43xx.o)
                              0x15d97 (size before relaxing)
 .debug_str     0x00019351      0x336 C:\Users\luca10\Desktop\EMbebidos\Workspace-TPSSE-FINAL\lpc_chip_43xx\Debug\liblpc_chip_43xx.a(uart_18xx_43xx.o)
                              0x15efb (size before relaxing)

.comment        0x00000000       0xdc
 .comment       0x00000000       0x6e ./example/src/cr_startup_lpc43xx.o
                                 0x6f (size before relaxing)
 .comment       0x0000006e       0x6f ./example/src/statechart.o
 .comment       0x0000006e       0x6f ./example/src/sysinit.o
 .comment       0x0000006e       0x6f C:\Users\luca10\Desktop\EMbebidos\Workspace-TPSSE-FINAL\lpc_board_nxp_lpcxpresso_4337\Debug\liblpc_board_nxp_lpcxpresso_4337.a(board.o)
 .comment       0x0000006e       0x6f C:\Users\luca10\Desktop\EMbebidos\Workspace-TPSSE-FINAL\lpc_board_nxp_lpcxpresso_4337\Debug\liblpc_board_nxp_lpcxpresso_4337.a(board_sysinit.o)
 .comment       0x0000006e       0x6f C:\Users\luca10\Desktop\EMbebidos\Workspace-TPSSE-FINAL\lpc_chip_43xx\Debug\liblpc_chip_43xx.a(chip_18xx_43xx.o)
 .comment       0x0000006e       0x6f C:\Users\luca10\Desktop\EMbebidos\Workspace-TPSSE-FINAL\lpc_chip_43xx\Debug\liblpc_chip_43xx.a(clock_18xx_43xx.o)
 .comment       0x0000006e       0x6f C:\Users\luca10\Desktop\EMbebidos\Workspace-TPSSE-FINAL\lpc_chip_43xx\Debug\liblpc_chip_43xx.a(fpu_init.o)
 .comment       0x0000006e       0x6f C:\Users\luca10\Desktop\EMbebidos\Workspace-TPSSE-FINAL\lpc_chip_43xx\Debug\liblpc_chip_43xx.a(gpio_18xx_43xx.o)
 .comment       0x0000006e       0x6f C:\Users\luca10\Desktop\EMbebidos\Workspace-TPSSE-FINAL\lpc_chip_43xx\Debug\liblpc_chip_43xx.a(rtc_18xx_43xx.o)
 .comment       0x0000006e       0x6f C:\Users\luca10\Desktop\EMbebidos\Workspace-TPSSE-FINAL\lpc_chip_43xx\Debug\liblpc_chip_43xx.a(sct_18xx_43xx.o)
 .comment       0x0000006e       0x6f C:\Users\luca10\Desktop\EMbebidos\Workspace-TPSSE-FINAL\lpc_chip_43xx\Debug\liblpc_chip_43xx.a(sct_pwm_18xx_43xx.o)
 .comment       0x0000006e       0x6f C:\Users\luca10\Desktop\EMbebidos\Workspace-TPSSE-FINAL\lpc_chip_43xx\Debug\liblpc_chip_43xx.a(sysinit_18xx_43xx.o)
 .comment       0x0000006e       0x6f C:\Users\luca10\Desktop\EMbebidos\Workspace-TPSSE-FINAL\lpc_chip_43xx\Debug\liblpc_chip_43xx.a(uart_18xx_43xx.o)
 .comment       0x0000006e       0x6e c:/nxp/lpcxpresso_8.2.2_650/lpcxpresso/tools/bin/../lib/gcc/arm-none-eabi/5.4.1/../../../../arm-none-eabi/lib/armv7e-m/softfp\libcr_nohost.a(_cr__main.o)
                                 0x6f (size before relaxing)
 .comment       0x000000dc       0x6f c:/nxp/lpcxpresso_8.2.2_650/lpcxpresso/tools/bin/../lib/gcc/arm-none-eabi/5.4.1/../../../../arm-none-eabi/lib/armv7e-m/softfp\libcr_c.a(memset.o)
 .comment       0x000000dc       0x6f c:/nxp/lpcxpresso_8.2.2_650/lpcxpresso/tools/bin/../lib/gcc/arm-none-eabi/5.4.1/../../../../arm-none-eabi/lib/armv7e-m/softfp\libcr_c.a(initio.o)
 .comment       0x000000dc       0x6f c:/nxp/lpcxpresso_8.2.2_650/lpcxpresso/tools/bin/../lib/gcc/arm-none-eabi/5.4.1/../../../../arm-none-eabi/lib/armv7e-m/softfp\libcr_c.a(setvbuf.o)
 .comment       0x000000dc       0x6f c:/nxp/lpcxpresso_8.2.2_650/lpcxpresso/tools/bin/../lib/gcc/arm-none-eabi/5.4.1/../../../../arm-none-eabi/lib/armv7e-m/softfp\libcr_c.a(stdio.o)
 .comment       0x000000dc       0x6f c:/nxp/lpcxpresso_8.2.2_650/lpcxpresso/tools/bin/../lib/gcc/arm-none-eabi/5.4.1/../../../../arm-none-eabi/lib/armv7e-m/softfp\libcr_c.a(strlen.o)
 .comment       0x000000dc       0x6f c:/nxp/lpcxpresso_8.2.2_650/lpcxpresso/tools/bin/../lib/gcc/arm-none-eabi/5.4.1/../../../../arm-none-eabi/lib/armv7e-m/softfp\libcr_c.a(_deferredlazyseek.o)
 .comment       0x000000dc       0x6f c:/nxp/lpcxpresso_8.2.2_650/lpcxpresso/tools/bin/../lib/gcc/arm-none-eabi/5.4.1/../../../../arm-none-eabi/lib/armv7e-m/softfp\libcr_c.a(_fdopen.o)
 .comment       0x000000dc       0x6f c:/nxp/lpcxpresso_8.2.2_650/lpcxpresso/tools/bin/../lib/gcc/arm-none-eabi/5.4.1/../../../../arm-none-eabi/lib/armv7e-m/softfp\libcr_c.a(_fflush.o)
 .comment       0x000000dc       0x6f c:/nxp/lpcxpresso_8.2.2_650/lpcxpresso/tools/bin/../lib/gcc/arm-none-eabi/5.4.1/../../../../arm-none-eabi/lib/armv7e-m/softfp\libcr_c.a(_writebuf.o)
 .comment       0x000000dc       0x6f c:/nxp/lpcxpresso_8.2.2_650/lpcxpresso/tools/bin/../lib/gcc/arm-none-eabi/5.4.1/../../../../arm-none-eabi/lib/armv7e-m/softfp\libcr_c.a(alloc.o)
 .comment       0x000000dc       0x6f c:/nxp/lpcxpresso_8.2.2_650/lpcxpresso/tools/bin/../lib/gcc/arm-none-eabi/5.4.1/../../../../arm-none-eabi/lib/armv7e-m/softfp\libcr_c.a(errno.o)
 .comment       0x000000dc       0x6f c:/nxp/lpcxpresso_8.2.2_650/lpcxpresso/tools/bin/../lib/gcc/arm-none-eabi/5.4.1/../../../../arm-none-eabi/lib/armv7e-m/softfp\libcr_c.a(fclose.o)
 .comment       0x000000dc       0x6f c:/nxp/lpcxpresso_8.2.2_650/lpcxpresso/tools/bin/../lib/gcc/arm-none-eabi/5.4.1/../../../../arm-none-eabi/lib/armv7e-m/softfp\libcr_c.a(fflush.o)
 .comment       0x000000dc       0x6f c:/nxp/lpcxpresso_8.2.2_650/lpcxpresso/tools/bin/../lib/gcc/arm-none-eabi/5.4.1/../../../../arm-none-eabi/lib/armv7e-m/softfp\libcr_c.a(fseek.o)
 .comment       0x000000dc       0x6f c:/nxp/lpcxpresso_8.2.2_650/lpcxpresso/tools/bin/../lib/gcc/arm-none-eabi/5.4.1/../../../../arm-none-eabi/lib/armv7e-m/softfp\libcr_c.a(ftell.o)
 .comment       0x000000dc       0x6f c:/nxp/lpcxpresso_8.2.2_650/lpcxpresso/tools/bin/../lib/gcc/arm-none-eabi/5.4.1/../../../../arm-none-eabi/lib/armv7e-m/softfp\libcr_c.a(remove.o)
 .comment       0x000000dc       0x6f c:/nxp/lpcxpresso_8.2.2_650/lpcxpresso/tools/bin/../lib/gcc/arm-none-eabi/5.4.1/../../../../arm-none-eabi/lib/armv7e-m/softfp\libcr_c.a(__init_alloc.o)
 .comment       0x000000dc       0x6f c:/nxp/lpcxpresso_8.2.2_650/lpcxpresso/tools/bin/../lib/gcc/arm-none-eabi/5.4.1/../../../../arm-none-eabi/lib/armv7e-m/softfp\libcr_c.a(_cr_sbrk.o)
 .comment       0x000000dc       0x6f c:/nxp/lpcxpresso_8.2.2_650/lpcxpresso/tools/bin/../lib/gcc/arm-none-eabi/5.4.1/../../../../arm-none-eabi/lib/armv7e-m/softfp\libcr_c.a(_do_fflush.o)
 .comment       0x000000dc       0x6f c:/nxp/lpcxpresso_8.2.2_650/lpcxpresso/tools/bin/../lib/gcc/arm-none-eabi/5.4.1/../../../../arm-none-eabi/lib/armv7e-m/softfp\libcr_c.a(_cr_check_heap.o)
 .comment       0x000000dc       0x6f c:/nxp/lpcxpresso_8.2.2_650/lpcxpresso/tools/bin/../lib/gcc/arm-none-eabi/5.4.1/../../../../arm-none-eabi/lib/armv7e-m/softfp\libcr_nohost.a(__sys_appexit.o)
 .comment       0x000000dc       0x6f c:/nxp/lpcxpresso_8.2.2_650/lpcxpresso/tools/bin/../lib/gcc/arm-none-eabi/5.4.1/../../../../arm-none-eabi/lib/armv7e-m/softfp\libcr_nohost.a(__sys_close.o)
 .comment       0x000000dc       0x6f c:/nxp/lpcxpresso_8.2.2_650/lpcxpresso/tools/bin/../lib/gcc/arm-none-eabi/5.4.1/../../../../arm-none-eabi/lib/armv7e-m/softfp\libcr_nohost.a(__sys_flen.o)
 .comment       0x000000dc       0x6f c:/nxp/lpcxpresso_8.2.2_650/lpcxpresso/tools/bin/../lib/gcc/arm-none-eabi/5.4.1/../../../../arm-none-eabi/lib/armv7e-m/softfp\libcr_nohost.a(__sys_istty.o)
 .comment       0x000000dc       0x6f c:/nxp/lpcxpresso_8.2.2_650/lpcxpresso/tools/bin/../lib/gcc/arm-none-eabi/5.4.1/../../../../arm-none-eabi/lib/armv7e-m/softfp\libcr_nohost.a(__sys_remove.o)
 .comment       0x000000dc       0x6f c:/nxp/lpcxpresso_8.2.2_650/lpcxpresso/tools/bin/../lib/gcc/arm-none-eabi/5.4.1/../../../../arm-none-eabi/lib/armv7e-m/softfp\libcr_nohost.a(__sys_seek.o)
 .comment       0x000000dc       0x6f c:/nxp/lpcxpresso_8.2.2_650/lpcxpresso/tools/bin/../lib/gcc/arm-none-eabi/5.4.1/../../../../arm-none-eabi/lib/armv7e-m/softfp\libcr_nohost.a(__sys_tmpnam.o)

.ARM.attributes
                0x00000000       0x35
 .ARM.attributes
                0x00000000       0x37 ./example/src/cr_startup_lpc43xx.o
 .ARM.attributes
                0x00000037       0x37 ./example/src/statechart.o
 .ARM.attributes
                0x0000006e       0x37 ./example/src/sysinit.o
 .ARM.attributes
                0x000000a5       0x37 C:\Users\luca10\Desktop\EMbebidos\Workspace-TPSSE-FINAL\lpc_board_nxp_lpcxpresso_4337\Debug\liblpc_board_nxp_lpcxpresso_4337.a(board.o)
 .ARM.attributes
                0x000000dc       0x37 C:\Users\luca10\Desktop\EMbebidos\Workspace-TPSSE-FINAL\lpc_board_nxp_lpcxpresso_4337\Debug\liblpc_board_nxp_lpcxpresso_4337.a(board_sysinit.o)
 .ARM.attributes
                0x00000113       0x37 C:\Users\luca10\Desktop\EMbebidos\Workspace-TPSSE-FINAL\lpc_chip_43xx\Debug\liblpc_chip_43xx.a(chip_18xx_43xx.o)
 .ARM.attributes
                0x0000014a       0x37 C:\Users\luca10\Desktop\EMbebidos\Workspace-TPSSE-FINAL\lpc_chip_43xx\Debug\liblpc_chip_43xx.a(clock_18xx_43xx.o)
 .ARM.attributes
                0x00000181       0x37 C:\Users\luca10\Desktop\EMbebidos\Workspace-TPSSE-FINAL\lpc_chip_43xx\Debug\liblpc_chip_43xx.a(fpu_init.o)
 .ARM.attributes
                0x000001b8       0x37 C:\Users\luca10\Desktop\EMbebidos\Workspace-TPSSE-FINAL\lpc_chip_43xx\Debug\liblpc_chip_43xx.a(gpio_18xx_43xx.o)
 .ARM.attributes
                0x000001ef       0x37 C:\Users\luca10\Desktop\EMbebidos\Workspace-TPSSE-FINAL\lpc_chip_43xx\Debug\liblpc_chip_43xx.a(rtc_18xx_43xx.o)
 .ARM.attributes
                0x00000226       0x37 C:\Users\luca10\Desktop\EMbebidos\Workspace-TPSSE-FINAL\lpc_chip_43xx\Debug\liblpc_chip_43xx.a(sct_18xx_43xx.o)
 .ARM.attributes
                0x0000025d       0x37 C:\Users\luca10\Desktop\EMbebidos\Workspace-TPSSE-FINAL\lpc_chip_43xx\Debug\liblpc_chip_43xx.a(sct_pwm_18xx_43xx.o)
 .ARM.attributes
                0x00000294       0x37 C:\Users\luca10\Desktop\EMbebidos\Workspace-TPSSE-FINAL\lpc_chip_43xx\Debug\liblpc_chip_43xx.a(sysinit_18xx_43xx.o)
 .ARM.attributes
                0x000002cb       0x37 C:\Users\luca10\Desktop\EMbebidos\Workspace-TPSSE-FINAL\lpc_chip_43xx\Debug\liblpc_chip_43xx.a(uart_18xx_43xx.o)
 .ARM.attributes
                0x00000302       0x37 c:/nxp/lpcxpresso_8.2.2_650/lpcxpresso/tools/bin/../lib/gcc/arm-none-eabi/5.4.1/../../../../arm-none-eabi/lib/armv7e-m/softfp\libcr_nohost.a(_cr__main.o)
 .ARM.attributes
                0x00000339       0x37 c:/nxp/lpcxpresso_8.2.2_650/lpcxpresso/tools/bin/../lib/gcc/arm-none-eabi/5.4.1/../../../../arm-none-eabi/lib/armv7e-m/softfp\libcr_c.a(memset.o)
 .ARM.attributes
                0x00000370       0x37 c:/nxp/lpcxpresso_8.2.2_650/lpcxpresso/tools/bin/../lib/gcc/arm-none-eabi/5.4.1/../../../../arm-none-eabi/lib/armv7e-m/softfp\libcr_c.a(initio.o)
 .ARM.attributes
                0x000003a7       0x37 c:/nxp/lpcxpresso_8.2.2_650/lpcxpresso/tools/bin/../lib/gcc/arm-none-eabi/5.4.1/../../../../arm-none-eabi/lib/armv7e-m/softfp\libcr_c.a(setvbuf.o)
 .ARM.attributes
                0x000003de       0x37 c:/nxp/lpcxpresso_8.2.2_650/lpcxpresso/tools/bin/../lib/gcc/arm-none-eabi/5.4.1/../../../../arm-none-eabi/lib/armv7e-m/softfp\libcr_c.a(stdio.o)
 .ARM.attributes
                0x00000415       0x37 c:/nxp/lpcxpresso_8.2.2_650/lpcxpresso/tools/bin/../lib/gcc/arm-none-eabi/5.4.1/../../../../arm-none-eabi/lib/armv7e-m/softfp\libcr_c.a(strlen.o)
 .ARM.attributes
                0x0000044c       0x37 c:/nxp/lpcxpresso_8.2.2_650/lpcxpresso/tools/bin/../lib/gcc/arm-none-eabi/5.4.1/../../../../arm-none-eabi/lib/armv7e-m/softfp\libcr_c.a(_deferredlazyseek.o)
 .ARM.attributes
                0x00000483       0x37 c:/nxp/lpcxpresso_8.2.2_650/lpcxpresso/tools/bin/../lib/gcc/arm-none-eabi/5.4.1/../../../../arm-none-eabi/lib/armv7e-m/softfp\libcr_c.a(_fdopen.o)
 .ARM.attributes
                0x000004ba       0x37 c:/nxp/lpcxpresso_8.2.2_650/lpcxpresso/tools/bin/../lib/gcc/arm-none-eabi/5.4.1/../../../../arm-none-eabi/lib/armv7e-m/softfp\libcr_c.a(_fflush.o)
 .ARM.attributes
                0x000004f1       0x37 c:/nxp/lpcxpresso_8.2.2_650/lpcxpresso/tools/bin/../lib/gcc/arm-none-eabi/5.4.1/../../../../arm-none-eabi/lib/armv7e-m/softfp\libcr_c.a(_writebuf.o)
 .ARM.attributes
                0x00000528       0x37 c:/nxp/lpcxpresso_8.2.2_650/lpcxpresso/tools/bin/../lib/gcc/arm-none-eabi/5.4.1/../../../../arm-none-eabi/lib/armv7e-m/softfp\libcr_c.a(alloc.o)
 .ARM.attributes
                0x0000055f       0x37 c:/nxp/lpcxpresso_8.2.2_650/lpcxpresso/tools/bin/../lib/gcc/arm-none-eabi/5.4.1/../../../../arm-none-eabi/lib/armv7e-m/softfp\libcr_c.a(errno.o)
 .ARM.attributes
                0x00000596       0x37 c:/nxp/lpcxpresso_8.2.2_650/lpcxpresso/tools/bin/../lib/gcc/arm-none-eabi/5.4.1/../../../../arm-none-eabi/lib/armv7e-m/softfp\libcr_c.a(fclose.o)
 .ARM.attributes
                0x000005cd       0x37 c:/nxp/lpcxpresso_8.2.2_650/lpcxpresso/tools/bin/../lib/gcc/arm-none-eabi/5.4.1/../../../../arm-none-eabi/lib/armv7e-m/softfp\libcr_c.a(fflush.o)
 .ARM.attributes
                0x00000604       0x37 c:/nxp/lpcxpresso_8.2.2_650/lpcxpresso/tools/bin/../lib/gcc/arm-none-eabi/5.4.1/../../../../arm-none-eabi/lib/armv7e-m/softfp\libcr_c.a(fseek.o)
 .ARM.attributes
                0x0000063b       0x37 c:/nxp/lpcxpresso_8.2.2_650/lpcxpresso/tools/bin/../lib/gcc/arm-none-eabi/5.4.1/../../../../arm-none-eabi/lib/armv7e-m/softfp\libcr_c.a(ftell.o)
 .ARM.attributes
                0x00000672       0x37 c:/nxp/lpcxpresso_8.2.2_650/lpcxpresso/tools/bin/../lib/gcc/arm-none-eabi/5.4.1/../../../../arm-none-eabi/lib/armv7e-m/softfp\libcr_c.a(remove.o)
 .ARM.attributes
                0x000006a9       0x37 c:/nxp/lpcxpresso_8.2.2_650/lpcxpresso/tools/bin/../lib/gcc/arm-none-eabi/5.4.1/../../../../arm-none-eabi/lib/armv7e-m/softfp\libcr_c.a(__init_alloc.o)
 .ARM.attributes
                0x000006e0       0x37 c:/nxp/lpcxpresso_8.2.2_650/lpcxpresso/tools/bin/../lib/gcc/arm-none-eabi/5.4.1/../../../../arm-none-eabi/lib/armv7e-m/softfp\libcr_c.a(_cr_sbrk.o)
 .ARM.attributes
                0x00000717       0x37 c:/nxp/lpcxpresso_8.2.2_650/lpcxpresso/tools/bin/../lib/gcc/arm-none-eabi/5.4.1/../../../../arm-none-eabi/lib/armv7e-m/softfp\libcr_c.a(_do_fflush.o)
 .ARM.attributes
                0x0000074e       0x37 c:/nxp/lpcxpresso_8.2.2_650/lpcxpresso/tools/bin/../lib/gcc/arm-none-eabi/5.4.1/../../../../arm-none-eabi/lib/armv7e-m/softfp\libcr_c.a(_cr_check_heap.o)
 .ARM.attributes
                0x00000785       0x25 c:/nxp/lpcxpresso_8.2.2_650/lpcxpresso/tools/bin/../lib/gcc/arm-none-eabi/5.4.1/armv7e-m/softfp\libcr_eabihelpers.a(division_64.o)
 .ARM.attributes
                0x000007aa       0x25 c:/nxp/lpcxpresso_8.2.2_650/lpcxpresso/tools/bin/../lib/gcc/arm-none-eabi/5.4.1/armv7e-m/softfp\libcr_eabihelpers.a(division_idiv0.o)
 .ARM.attributes
                0x000007cf       0x25 c:/nxp/lpcxpresso_8.2.2_650/lpcxpresso/tools/bin/../lib/gcc/arm-none-eabi/5.4.1/armv7e-m/softfp\libcr_eabihelpers.a(memcpy.o)
 .ARM.attributes
                0x000007f4       0x37 c:/nxp/lpcxpresso_8.2.2_650/lpcxpresso/tools/bin/../lib/gcc/arm-none-eabi/5.4.1/../../../../arm-none-eabi/lib/armv7e-m/softfp\libcr_nohost.a(__sys_appexit.o)
 .ARM.attributes
                0x0000082b       0x37 c:/nxp/lpcxpresso_8.2.2_650/lpcxpresso/tools/bin/../lib/gcc/arm-none-eabi/5.4.1/../../../../arm-none-eabi/lib/armv7e-m/softfp\libcr_nohost.a(__sys_close.o)
 .ARM.attributes
                0x00000862       0x37 c:/nxp/lpcxpresso_8.2.2_650/lpcxpresso/tools/bin/../lib/gcc/arm-none-eabi/5.4.1/../../../../arm-none-eabi/lib/armv7e-m/softfp\libcr_nohost.a(__sys_flen.o)
 .ARM.attributes
                0x00000899       0x37 c:/nxp/lpcxpresso_8.2.2_650/lpcxpresso/tools/bin/../lib/gcc/arm-none-eabi/5.4.1/../../../../arm-none-eabi/lib/armv7e-m/softfp\libcr_nohost.a(__sys_istty.o)
 .ARM.attributes
                0x000008d0       0x37 c:/nxp/lpcxpresso_8.2.2_650/lpcxpresso/tools/bin/../lib/gcc/arm-none-eabi/5.4.1/../../../../arm-none-eabi/lib/armv7e-m/softfp\libcr_nohost.a(__sys_remove.o)
 .ARM.attributes
                0x00000907       0x37 c:/nxp/lpcxpresso_8.2.2_650/lpcxpresso/tools/bin/../lib/gcc/arm-none-eabi/5.4.1/../../../../arm-none-eabi/lib/armv7e-m/softfp\libcr_nohost.a(__sys_seek.o)
 .ARM.attributes
                0x0000093e       0x37 c:/nxp/lpcxpresso_8.2.2_650/lpcxpresso/tools/bin/../lib/gcc/arm-none-eabi/5.4.1/../../../../arm-none-eabi/lib/armv7e-m/softfp\libcr_nohost.a(__sys_tmpnam.o)

.debug_frame    0x00000000     0x1e40
 .debug_frame   0x00000000      0x170 ./example/src/cr_startup_lpc43xx.o
 .debug_frame   0x00000170      0x3f8 ./example/src/statechart.o
 .debug_frame   0x00000568       0x34 ./example/src/sysinit.o
 .debug_frame   0x0000059c      0x634 C:\Users\luca10\Desktop\EMbebidos\Workspace-TPSSE-FINAL\lpc_board_nxp_lpcxpresso_4337\Debug\liblpc_board_nxp_lpcxpresso_4337.a(board.o)
 .debug_frame   0x00000bd0       0xe4 C:\Users\luca10\Desktop\EMbebidos\Workspace-TPSSE-FINAL\lpc_board_nxp_lpcxpresso_4337\Debug\liblpc_board_nxp_lpcxpresso_4337.a(board_sysinit.o)
 .debug_frame   0x00000cb4       0xa0 C:\Users\luca10\Desktop\EMbebidos\Workspace-TPSSE-FINAL\lpc_chip_43xx\Debug\liblpc_chip_43xx.a(chip_18xx_43xx.o)
 .debug_frame   0x00000d54      0x568 C:\Users\luca10\Desktop\EMbebidos\Workspace-TPSSE-FINAL\lpc_chip_43xx\Debug\liblpc_chip_43xx.a(clock_18xx_43xx.o)
 .debug_frame   0x000012bc       0x38 C:\Users\luca10\Desktop\EMbebidos\Workspace-TPSSE-FINAL\lpc_chip_43xx\Debug\liblpc_chip_43xx.a(fpu_init.o)
 .debug_frame   0x000012f4      0x198 C:\Users\luca10\Desktop\EMbebidos\Workspace-TPSSE-FINAL\lpc_chip_43xx\Debug\liblpc_chip_43xx.a(gpio_18xx_43xx.o)
 .debug_frame   0x0000148c      0x214 C:\Users\luca10\Desktop\EMbebidos\Workspace-TPSSE-FINAL\lpc_chip_43xx\Debug\liblpc_chip_43xx.a(rtc_18xx_43xx.o)
 .debug_frame   0x000016a0       0xa8 C:\Users\luca10\Desktop\EMbebidos\Workspace-TPSSE-FINAL\lpc_chip_43xx\Debug\liblpc_chip_43xx.a(sct_18xx_43xx.o)
 .debug_frame   0x00001748      0x120 C:\Users\luca10\Desktop\EMbebidos\Workspace-TPSSE-FINAL\lpc_chip_43xx\Debug\liblpc_chip_43xx.a(sct_pwm_18xx_43xx.o)
 .debug_frame   0x00001868       0xf4 C:\Users\luca10\Desktop\EMbebidos\Workspace-TPSSE-FINAL\lpc_chip_43xx\Debug\liblpc_chip_43xx.a(sysinit_18xx_43xx.o)
 .debug_frame   0x0000195c      0x4e4 C:\Users\luca10\Desktop\EMbebidos\Workspace-TPSSE-FINAL\lpc_chip_43xx\Debug\liblpc_chip_43xx.a(uart_18xx_43xx.o)
